============================= test session starts ==============================
platform darwin -- Python 3.14.2, pytest-9.0.2, pluggy-1.6.0 -- /Library/Frameworks/Python.framework/Versions/3.14/bin/python3
cachedir: .pytest_cache
rootdir: /Users/aeternusholdings/Documents/AeternusAgents-opus46
configfile: pyproject.toml
plugins: anyio-4.12.1, langsmith-0.7.1
collecting ... collected 779 items

tests/test_aeternus_scoring.py::test_aeternus_rating_schema PASSED       [  0%]
tests/test_aeternus_scoring.py::test_score_clamping PASSED               [  0%]
tests/test_aeternus_scoring.py::test_state_identity_fallbacks PASSED     [  0%]
tests/test_aeternus_scoring.py::test_rating_thresholds PASSED            [  0%]
tests/test_aeternus_scoring.py::test_dealflow_source_maps_subscores PASSED [  0%]
tests/test_aeternus_scoring.py::test_computed_source_unchanged PASSED    [  0%]
tests/test_aeternus_scoring.py::test_macro_anchored_overrides_llm PASSED [  0%]
tests/test_aeternus_scoring.py::test_macro_sub_scores_structure PASSED   [  1%]
tests/test_aeternus_scoring.py::test_macro_absent_falls_back_to_llm PASSED [  1%]
tests/test_aeternus_scoring.py::test_coherence_replaces_technical PASSED [  1%]
tests/test_aeternus_scoring.py::test_regime_adaptive_weights_bear PASSED [  1%]
tests/test_aeternus_scoring.py::test_regime_adaptive_weights_default PASSED [  1%]
tests/test_aeternus_scoring.py::test_alpha_decomposition_present PASSED  [  1%]
tests/test_aeternus_scoring.py::test_catalyst_timeline_structure PASSED  [  1%]
tests/test_aeternus_scoring.py::test_coherence_sub_structure PASSED      [  1%]
tests/test_canonical_json.py::test_canonical_hash_stable_for_key_order_and_float_noise PASSED [  2%]
tests/test_canonical_json.py::test_canonical_dumps_has_deterministic_no_whitespace_layout PASSED [  2%]
tests/test_canonical_json.py::test_canonical_hash_rejects_non_finite_float[nan] PASSED [  2%]
tests/test_canonical_json.py::test_canonical_hash_rejects_non_finite_float[inf] PASSED [  2%]
tests/test_canonical_json.py::test_canonical_hash_rejects_non_finite_float[-inf] PASSED [  2%]
tests/test_capital_allocator_drawdown.py::test_gate_passes_when_hwm_is_none PASSED [  2%]
tests/test_capital_allocator_drawdown.py::test_gate_passes_when_hwm_is_zero PASSED [  2%]
tests/test_capital_allocator_drawdown.py::test_gate_passes_when_nav_above_threshold PASSED [  2%]
tests/test_capital_allocator_drawdown.py::test_gate_fails_when_nav_21_pct_below_hwm PASSED [  3%]
tests/test_capital_allocator_drawdown.py::test_gate_passes_at_exact_threshold_boundary PASSED [  3%]
tests/test_capital_allocator_drawdown.py::test_gate_custom_threshold PASSED [  3%]
tests/test_capital_allocator_drawdown.py::test_repo_read_hwm_returns_none_initially PASSED [  3%]
tests/test_capital_allocator_drawdown.py::test_repo_update_hwm_writes_and_reads_back PASSED [  3%]
tests/test_capital_allocator_drawdown.py::test_repo_update_hwm_does_not_lower_on_smaller_nav PASSED [  3%]
tests/test_capital_allocator_drawdown.py::test_repo_update_hwm_advances_on_new_high PASSED [  3%]
tests/test_capital_allocator_drawdown.py::test_allocator_rejects_drawdown_halt_when_nav_below_hwm PASSED [  3%]
tests/test_capital_allocator_gates.py::test_covariance_gate_rejects_group_cap_breach PASSED [  4%]
tests/test_capital_allocator_gates.py::test_covariance_gate_accepts_safe_trade PASSED [  4%]
tests/test_capital_allocator_gates.py::test_funding_gate_waits_for_pending_proceeds PASSED [  4%]
tests/test_capital_allocator_gates.py::test_funding_gate_rejects_margin_over_cap PASSED [  4%]
tests/test_capital_allocator_gates.py::test_price_slip_rejects_latency_and_bps PASSED [  4%]
tests/test_capital_allocator_gates.py::test_impact_gate_rejects_participation_above_one_percent PASSED [  4%]
tests/test_capital_allocator_gates.py::test_impact_gate_accepts_low_participation_and_returns_impact_estimate PASSED [  4%]
tests/test_capital_allocator_gates.py::test_impact_gate_rejects_missing_adv_with_infinite_participation PASSED [  5%]
tests/test_capital_allocator_gates.py::test_impact_gate_allows_private_equity_shadow_without_adv PASSED [  5%]
tests/test_capital_allocator_liability_engine.py::test_lane_specific_k_affects_impact PASSED [  5%]
tests/test_capital_allocator_liability_engine.py::test_stale_haircut_applies_after_revaluation_interval PASSED [  5%]
tests/test_capital_allocator_liability_engine.py::test_evaluate_returns_net_edge_breakdown PASSED [  5%]
tests/test_capital_allocator_liability_engine.py::test_participation_missing_adv_returns_infinity PASSED [  5%]
tests/test_capital_allocator_liability_engine.py::test_liquidity_premium_can_reject_positive_edge_even_with_zero_other_costs PASSED [  5%]
tests/test_capital_allocator_market_snapshot_seed.py::test_build_default_market_snapshots_has_mixed_liquidity PASSED [  5%]
tests/test_capital_allocator_market_snapshot_seed.py::test_seed_market_snapshot_cache_writes_rows PASSED [  6%]
tests/test_capital_allocator_regime_override.py::test_write_and_resolve_regime_override PASSED [  6%]
tests/test_capital_allocator_regime_override.py::test_resolve_regime_override_defaults_on_invalid_value PASSED [  6%]
tests/test_capital_allocator_reliability.py::test_hybrid_weight_is_lane_specific PASSED [  6%]
tests/test_capital_allocator_reliability.py::test_effective_scale_flattens_under_crisis PASSED [  6%]
tests/test_capital_allocator_reliability.py::test_lane_family_reliability_shrinks_with_low_depth PASSED [  6%]
tests/test_capital_allocator_reliability.py::test_lane_family_reliability_rewards_rank_quality PASSED [  6%]
tests/test_capital_allocator_reliability.py::test_expected_adjusted_return_bps PASSED [  6%]
tests/test_capital_allocator_reporting.py::test_build_allocator_report_card_aggregates_statuses PASSED [  7%]
tests/test_capital_allocator_repository.py::test_repository_initializes_wal_and_tables PASSED [  7%]
tests/test_capital_allocator_repository.py::test_insert_intent_and_idempotency_return_existing PASSED [  7%]
tests/test_capital_allocator_repository.py::test_funding_reservation_unique_for_active_states PASSED [  7%]
tests/test_capital_allocator_repository.py::test_concurrent_inserts_with_same_funding_reservation_are_race_safe PASSED [  7%]
tests/test_capital_allocator_repository.py::test_write_waits_for_lock_and_recovers_without_hanging PASSED [  7%]
tests/test_capital_allocator_repository.py::test_fetch_validated_ready_excludes_pending_funding PASSED [  7%]
tests/test_capital_allocator_repository.py::test_receipt_persistence PASSED [  7%]
tests/test_capital_allocator_repository.py::test_market_snapshot_roundtrip PASSED [  8%]
tests/test_capital_allocator_repository.py::test_fill_records_tax_lot_and_broker_fill_id PASSED [  8%]
tests/test_capital_allocator_repository.py::test_mirror_challenge_and_confirm_moves_validated_to_submitted PASSED [  8%]
tests/test_capital_allocator_repository.py::test_mirror_confirm_rejects_preview_hash_mismatch PASSED [  8%]
tests/test_capital_allocator_service.py::test_evaluate_proposed_intent_validates_and_persists_validation PASSED [  8%]
tests/test_capital_allocator_service.py::test_evaluate_proposed_intent_rejects_covariance PASSED [  8%]
tests/test_capital_allocator_service.py::test_evaluate_proposed_intent_waits_for_funding PASSED [  8%]
tests/test_capital_allocator_service.py::test_evaluate_proposed_intent_rejects_latency PASSED [  8%]
tests/test_capital_allocator_service.py::test_evaluate_proposed_intent_rejects_impact_veto PASSED [  9%]
tests/test_capital_allocator_service.py::test_evaluate_proposed_intent_rejects_liability_hurdle_for_shadow_stale PASSED [  9%]
tests/test_capital_allocator_service.py::test_heartbeat_validate_processes_proposed_set PASSED [  9%]
tests/test_capital_allocator_service.py::test_regime_crossover_probe_validated_in_normal_rejected_in_crisis PASSED [  9%]
tests/test_capital_allocator_service.py::test_crisis_concentration_wall_rejects_semis_additive_intent PASSED [  9%]
tests/test_capital_allocator_service.py::test_concentration_wall_same_vector_allows_in_normal_regime PASSED [  9%]
tests/test_capital_allocator_service.py::test_crisis_breached_group_allows_risk_reducing_sell_exit PASSED [  9%]
tests/test_capital_allocator_service.py::test_day6_illiquid_panic_sell_still_rejected_by_impact_gate PASSED [ 10%]
tests/test_capital_allocator_weighting.py::TestScoreToWeights::test_empty_ratings_returns_empty PASSED [ 10%]
tests/test_capital_allocator_weighting.py::TestScoreToWeights::test_all_below_min_score_returns_empty PASSED [ 10%]
tests/test_capital_allocator_weighting.py::TestScoreToWeights::test_single_ticker_gets_weight_one PASSED [ 10%]
tests/test_capital_allocator_weighting.py::TestScoreToWeights::test_two_equal_tickers_roughly_equal_weights PASSED [ 10%]
tests/test_capital_allocator_weighting.py::TestScoreToWeights::test_higher_score_gets_higher_weight PASSED [ 10%]
tests/test_capital_allocator_weighting.py::TestScoreToWeights::test_confidence_multiplier_proportional PASSED [ 10%]
tests/test_capital_allocator_weighting.py::TestScoreToWeights::test_max_weight_cap_applied PASSED [ 10%]
tests/test_capital_allocator_weighting.py::TestScoreToWeights::test_weights_sum_to_one PASSED [ 11%]
tests/test_capital_allocator_weighting.py::TestScoreToWeights::test_ticker_at_min_score_is_included PASSED [ 11%]
tests/test_capital_allocator_weighting.py::TestScoreToWeights::test_filtered_tickers_absent_from_result PASSED [ 11%]
tests/test_capital_allocator_weighting.py::TestRiskParityWeights::test_empty_symbols_returns_empty PASSED [ 11%]
tests/test_capital_allocator_weighting.py::TestRiskParityWeights::test_single_symbol_returns_one PASSED [ 11%]
tests/test_capital_allocator_weighting.py::TestRiskParityWeights::test_identity_covariance_gives_equal_weights PASSED [ 11%]
tests/test_capital_allocator_weighting.py::TestRiskParityWeights::test_high_variance_asset_gets_lower_weight PASSED [ 11%]
tests/test_capital_allocator_weighting.py::TestRiskParityWeights::test_weights_sum_to_one PASSED [ 11%]
tests/test_capital_allocator_weighting.py::TestRiskParityWeights::test_max_weight_cap_applied PASSED [ 12%]
tests/test_capital_allocator_weighting.py::TestRiskParityWeights::test_fallback_to_equal_weights_on_failure PASSED [ 12%]
tests/test_capital_allocator_weighting.py::TestRiskParityWeights::test_no_fallback_returns_empty_on_failure PASSED [ 12%]
tests/test_ci_config.py::TestCIWorkflowStructure::test_ci_workflow_is_valid_yaml PASSED [ 12%]
tests/test_ci_config.py::TestCIWorkflowStructure::test_ci_workflow_has_name PASSED [ 12%]
tests/test_ci_config.py::TestCIWorkflowStructure::test_ci_workflow_has_on_trigger FAILED [ 12%]
tests/test_ci_config.py::TestCIWorkflowStructure::test_ci_workflow_has_jobs PASSED [ 12%]
tests/test_ci_config.py::TestCIJobStructure::test_job_runs_on_ubuntu PASSED [ 12%]
tests/test_ci_config.py::TestCIJobStructure::test_job_has_strategy_matrix FAILED [ 13%]
tests/test_ci_config.py::TestCIJobStructure::test_matrix_includes_python_versions FAILED [ 13%]
tests/test_ci_config.py::TestCIJobStructure::test_job_has_timeout PASSED [ 13%]
tests/test_ci_config.py::TestCIDependencies::test_has_python_setup_step PASSED [ 13%]
tests/test_ci_config.py::TestCIDependencies::test_has_pip_cache FAILED   [ 13%]
tests/test_ci_config.py::TestCIDependencies::test_installs_pytest FAILED [ 13%]
tests/test_ci_config.py::TestCIConcurrency::test_workflow_has_concurrency FAILED [ 13%]
tests/test_ci_config.py::TestCIConcurrency::test_concurrency_cancels_in_progress PASSED [ 13%]
tests/test_ci_config.py::TestCITriggers::test_triggers_on_push_and_pr FAILED [ 14%]
tests/test_ci_config.py::TestCITriggers::test_push_targets_main_and_features PASSED [ 14%]
tests/test_cli_commands_import.py::TestCliCommandsImports::test_submodule_imports[cli.commands.scoring] PASSED [ 14%]
tests/test_cli_commands_import.py::TestCliCommandsImports::test_submodule_imports[cli.commands.dealflow] PASSED [ 14%]
tests/test_cli_commands_import.py::TestCliCommandsImports::test_submodule_imports[cli.commands.execution] PASSED [ 14%]
tests/test_cli_commands_import.py::TestCliCommandsImports::test_submodule_imports[cli.commands.performance] PASSED [ 14%]
tests/test_cli_commands_import.py::TestCliCommandsImports::test_submodule_imports[cli.commands.portfolio] PASSED [ 14%]
tests/test_cli_commands_import.py::TestCliCommandsImports::test_submodule_imports[cli.commands.operator] PASSED [ 15%]
tests/test_cli_commands_import.py::TestCliCommandsImports::test_submodule_wildcard_import[cli.commands.scoring] PASSED [ 15%]
tests/test_cli_commands_import.py::TestCliCommandsImports::test_submodule_wildcard_import[cli.commands.dealflow] PASSED [ 15%]
tests/test_cli_commands_import.py::TestCliCommandsImports::test_submodule_wildcard_import[cli.commands.execution] PASSED [ 15%]
tests/test_cli_commands_import.py::TestCliCommandsImports::test_submodule_wildcard_import[cli.commands.performance] PASSED [ 15%]
tests/test_cli_commands_import.py::TestCliCommandsImports::test_submodule_wildcard_import[cli.commands.portfolio] PASSED [ 15%]
tests/test_cli_commands_import.py::TestCliCommandsImports::test_submodule_wildcard_import[cli.commands.operator] PASSED [ 15%]
tests/test_cli_commands_import.py::TestCliCircularImports::test_no_circular_imports_with_main[cli.commands.scoring] PASSED [ 15%]
tests/test_cli_commands_import.py::TestCliCircularImports::test_no_circular_imports_with_main[cli.commands.dealflow] PASSED [ 16%]
tests/test_cli_commands_import.py::TestCliCircularImports::test_no_circular_imports_with_main[cli.commands.execution] PASSED [ 16%]
tests/test_cli_commands_import.py::TestCliCircularImports::test_no_circular_imports_with_main[cli.commands.performance] PASSED [ 16%]
tests/test_cli_commands_import.py::TestCliCircularImports::test_no_circular_imports_with_main[cli.commands.portfolio] PASSED [ 16%]
tests/test_cli_commands_import.py::TestCliCircularImports::test_no_circular_imports_with_main[cli.commands.operator] PASSED [ 16%]
tests/test_cli_commands_import.py::TestCliCommandCount::test_app_has_expected_command_count PASSED [ 16%]
tests/test_cli_commands_import.py::TestCliCommandCount::test_app_can_be_invoked PASSED [ 16%]
tests/test_cli_commands_import.py::TestWatchlistSubcommands::test_watchlist_app_exists SKIPPED [ 16%]
tests/test_cli_commands_import.py::TestWatchlistSubcommands::test_watchlist_app_is_registered PASSED [ 17%]
tests/test_cli_dashboard.py::test_track_record_command PASSED            [ 17%]
tests/test_cli_dashboard.py::test_performance_command PASSED             [ 17%]
tests/test_cli_dashboard.py::test_rating_history_command PASSED          [ 17%]
tests/test_cli_dashboard.py::test_rating_history_not_found PASSED        [ 17%]
tests/test_cli_dealflow.py::test_noninteractive_xai_selection_sets_tool_vendor_overrides PASSED [ 17%]
tests/test_cli_dealflow.py::test_noninteractive_selection_auto_falls_back_to_xai_when_openai_missing PASSED [ 17%]
tests/test_cli_dealflow.py::test_noninteractive_xai_selection_uses_quick_model_for_deep_by_default PASSED [ 17%]
tests/test_cli_dealflow.py::test_extract_json_object_from_output_tolerates_log_noise PASSED [ 18%]
tests/test_cli_dealflow.py::test_source_command_json_format_emits_artifacts_and_audit_event FAILED [ 18%]
tests/test_cli_dealflow.py::test_queue_command_json_reads_queue_loader FAILED [ 18%]
tests/test_cli_dealflow.py::test_analyze_from_queue_id_uses_queue_selection_path FAILED [ 18%]
tests/test_cli_dealflow.py::test_analyze_from_queue_id_not_found_returns_error FAILED [ 18%]
tests/test_cli_dealflow.py::test_orchestrate_command_json_mode_wires_scheduler FAILED [ 18%]
tests/test_cli_dealflow.py::test_step1_readiness_command_json_emits_snapshot FAILED [ 18%]
tests/test_cli_dealflow.py::test_evidence_telemetry_command_json_emits_report FAILED [ 18%]
tests/test_cli_dealflow.py::test_load_batch_summary_prefers_non_dry_run_artifact FAILED [ 19%]
tests/test_cli_dealflow.py::test_analyze_batch_selected_only_runs_marked_items FAILED [ 19%]
tests/test_cli_dealflow.py::test_analyze_batch_default_uses_quick_mode_for_unselected FAILED [ 19%]
tests/test_cli_dealflow.py::test_analyze_batch_quick_mode_uses_cached_report_when_json_missing FAILED [ 19%]
tests/test_cli_dealflow.py::test_analyze_batch_dry_run_includes_unselected_without_execution FAILED [ 19%]
tests/test_cli_dealflow.py::test_analyze_batch_returns_nonzero_when_any_item_fails FAILED [ 19%]
tests/test_cli_dealflow.py::test_analyze_batch_marks_timeout_as_failed_with_code_124 FAILED [ 19%]
tests/test_cli_dealflow.py::test_analyze_batch_uses_cached_report_when_execution_fails FAILED [ 20%]
tests/test_cli_dealflow.py::test_analyze_batch_emits_attribution_by_lane_and_playbook FAILED [ 20%]
tests/test_cli_dealflow.py::test_analyze_batch_emits_attribution_by_signal_family FAILED [ 20%]
tests/test_cli_dealflow.py::test_analyze_batch_realized_attribution_by_lane_and_playbook FAILED [ 20%]
tests/test_cli_dealflow.py::test_analyze_batch_realized_attribution_marks_pending_horizon FAILED [ 20%]
tests/test_cli_dealflow.py::test_watchlist_add_list_remove_json FAILED   [ 20%]
tests/test_cli_dealflow.py::test_x_discovery_command_json FAILED         [ 20%]
tests/test_cli_dealflow.py::test_source_table_prints_x_scope_and_manual_merge_lines PASSED [ 20%]
tests/test_cli_dealflow.py::test_source_profile_applies_max_recall_overrides FAILED [ 21%]Failed after multiple retries: RetryError[<Future at 0x1155982d0 state=finished returned Response>]
SUCCESS: get_google_news from vendor 'local' completed successfully
DEBUG: Calling get_finnhub_news from vendor 'local'...

tests/test_cli_dealflow.py::test_source_profile_auto_defaults_to_low_cost_when_non_interactive FAILED [ 21%]
tests/test_cli_dealflow.py::test_source_profile_defaults_to_daily_low_cost FAILED [ 21%]
tests/test_cli_dealflow.py::test_portfolio_plan_command_json_emits_plan_payload FAILED [ 21%]
tests/test_cli_dealflow.py::test_portfolio_plan_command_uses_whole_share_mode_for_alpaca FAILED [ 21%]
tests/test_cli_dealflow.py::test_portfolio_plan_command_adds_hedge_intent_when_enabled FAILED [ 21%]
tests/test_cli_dealflow.py::test_execute_paper_command_json_uses_adapter_result FAILED [ 21%]
tests/test_cli_dealflow.py::test_execute_paper_updates_hedge_state_when_hedge_order_is_processed FAILED [ 21%]
tests/test_cli_dealflow.py::test_execute_paper_live_mode_uses_live_paths FAILED [ 22%]
tests/test_cli_dealflow.py::test_execute_paper_alpaca_mode_uses_live_paths FAILED [ 22%]
tests/test_cli_dealflow.py::test_execute_paper_blocks_on_position_parity_drift_in_alpaca_mode FAILED [ 22%]
tests/test_cli_dealflow.py::test_pull_broker_orders_command_json_alpaca FAILED [ 22%]
tests/test_cli_dealflow.py::test_pull_broker_positions_command_json_alpaca FAILED [ 22%]
tests/test_cli_dealflow.py::test_positions_drift_command_json_reports_symbol_drift FAILED [ 22%]
tests/test_cli_dealflow.py::test_positions_drift_command_fail_on_drift_returns_exit_2 FAILED [ 22%]
tests/test_cli_dealflow.py::test_reconcile_execution_command_json_runs FAILED [ 22%]
tests/test_cli_dealflow.py::test_execution_sync_command_json_runs_once FAILED [ 23%]
tests/test_cli_dealflow.py::test_execution_sync_command_loop_respects_max_loops FAILED [ 23%]
tests/test_cli_dealflow.py::test_execution_sync_apply_exits_blocks_when_readiness_fails FAILED [ 23%]
tests/test_cli_dealflow.py::test_execution_sync_optional_open_orders_and_shadow_sync_are_wired FAILED [ 23%]
tests/test_cli_dealflow.py::test_execution_sync_manage_open_orders_apply_refreshes_snapshot FAILED [ 23%]
tests/test_cli_dealflow.py::test_execution_sync_auto_remediates_readiness_blockers FAILED [ 23%]
tests/test_cli_dealflow.py::test_workflow_run_skips_when_orchestration_does_not_run FAILED [ 23%]
tests/test_cli_dealflow.py::test_workflow_run_success_chains_all_steps FAILED [ 24%]
tests/test_cli_dealflow.py::test_workflow_run_partial_analyze_failure_continues_with_warning_status FAILED [ 24%]
tests/test_cli_dealflow.py::test_workflow_run_uses_summary_fallback_when_analyze_payload_missing FAILED [ 24%]
tests/test_cli_dealflow.py::test_workflow_run_fails_when_analyze_has_no_success_and_nonzero_exit FAILED [ 24%]
tests/test_cli_dealflow.py::test_workflow_loop_runs_requested_cycles FAILED [ 24%]
tests/test_cli_dealflow.py::test_workflow_loop_stops_on_failure_when_enabled FAILED [ 24%]
tests/test_cli_dealflow.py::test_manage_exits_command_json_dry_run FAILED [ 24%]
tests/test_cli_dealflow.py::test_execution_readiness_fail_on_blocked_returns_exit_2 FAILED [ 24%]
tests/test_cli_dealflow.py::test_paper_positions_command_json_reads_positions FAILED [ 25%]
tests/test_cli_dealflow.py::test_live_positions_command_json_reads_positions FAILED [ 25%]
tests/test_cli_dealflow.py::test_close_paper_command_json_emits_close_event FAILED [ 25%]
tests/test_cli_dealflow.py::test_manage_open_orders_dry_run_detects_stale_candidate FAILED [ 25%]
tests/test_cli_dealflow.py::test_sync_positions_from_broker_apply_updates_shadow_positions FAILED [ 25%]
tests/test_cli_hedging.py::test_run_hedging_cycle_logs_signal_and_applied_event FAILED [ 25%]
tests/test_cli_hedging.py::test_run_hedging_cycle_logs_skipped_event FAILED [ 25%]
tests/test_cli_hedging.py::test_build_pretrade_risk_context_uses_non_persistent_path FAILED [ 25%]
tests/test_cli_hedging.py::test_format_portfolio_risk_hedge_markdown_includes_core_fields PASSED [ 26%]
tests/test_cli_hedging.py::test_hedge_evaluate_command_json_output FAILED [ 26%]
tests/test_cli_hedging.py::test_hedge_status_command_json_output PASSED  [ 26%]
tests/test_cli_score.py::test_score_command_json_format FAILED           [ 26%]
tests/test_cli_score.py::test_score_command_table_format FAILED          [ 26%]
tests/test_cli_score.py::test_score_command_default_date FAILED          [ 26%]
tests/test_coherence_engine.py::TestDirectionalAlignment::test_four_agree_bullish PASSED [ 26%]
tests/test_coherence_engine.py::TestDirectionalAlignment::test_three_agree PASSED [ 26%]
tests/test_coherence_engine.py::TestDirectionalAlignment::test_two_two_split PASSED [ 27%]
tests/test_coherence_engine.py::TestDirectionalAlignment::test_mixed_no_majority PASSED [ 27%]
tests/test_coherence_engine.py::TestDirectionalAlignment::test_extreme_bonus PASSED [ 27%]
tests/test_coherence_engine.py::TestConvictionStrength::test_tight_spread PASSED [ 27%]
tests/test_coherence_engine.py::TestConvictionStrength::test_wide_spread PASSED [ 27%]
tests/test_coherence_engine.py::TestConvictionStrength::test_high_conviction_bull_bonus PASSED [ 27%]
tests/test_coherence_engine.py::TestConvictionStrength::test_high_conviction_bear_bonus PASSED [ 27%]
tests/test_coherence_engine.py::TestInteractionPatterns::test_value_trap_fires PASSED [ 27%]
tests/test_coherence_engine.py::TestInteractionPatterns::test_momentum_crowding_fires PASSED [ 28%]
tests/test_coherence_engine.py::TestInteractionPatterns::test_contrarian_setup_fires PASSED [ 28%]
tests/test_coherence_engine.py::TestInteractionPatterns::test_rising_tide_fires PASSED [ 28%]
tests/test_coherence_engine.py::TestInteractionPatterns::test_falling_knife_fires PASSED [ 28%]
tests/test_coherence_engine.py::TestInteractionPatterns::test_regime_transition_fires PASSED [ 28%]
tests/test_coherence_engine.py::TestInteractionPatterns::test_quality_divergence_fires PASSED [ 28%]
tests/test_coherence_engine.py::TestInteractionPatterns::test_smart_money_disagrees_fires PASSED [ 28%]
tests/test_coherence_engine.py::TestInteractionPatterns::test_patterns_stack PASSED [ 29%]
tests/test_coherence_engine.py::TestInteractionPatterns::test_no_patterns_neutral PASSED [ 29%]
tests/test_coherence_engine.py::TestNarrativeStability::test_low_stddev_high_score PASSED [ 29%]
tests/test_coherence_engine.py::TestNarrativeStability::test_high_stddev_low_score PASSED [ 29%]
tests/test_coherence_engine.py::TestBuildCoherenceSnapshot::test_integration_bullish PASSED [ 29%]
tests/test_coherence_engine.py::TestBuildCoherenceSnapshot::test_integration_mixed PASSED [ 29%]
tests/test_conditional_logic.py::test_should_continue_market_routes_to_tools_under_iteration_cap PASSED [ 29%]
tests/test_conditional_logic.py::test_should_continue_market_clears_when_iteration_cap_hit PASSED [ 29%]
tests/test_conditional_logic.py::test_should_continue_news_clears_when_last_message_has_no_tool_calls PASSED [ 30%]
tests/test_control_io_atomic.py::test_write_and_read_json_locked_roundtrip PASSED [ 30%]
tests/test_control_io_atomic.py::test_update_json_locked_is_safe_under_parallel_updates PASSED [ 30%]
tests/test_dataflow_interface.py::test_route_disables_rate_limited_vendor_for_process PASSED [ 30%]
tests/test_dataflow_local_finnhub.py::test_get_finnhub_news_prefers_live_api PASSED [ 30%]
tests/test_dataflow_local_finnhub.py::test_get_finnhub_insider_sentiment_prefers_live_api PASSED [ 30%]
tests/test_dataflow_local_finnhub.py::test_get_finnhub_insider_transactions_prefers_live_api PASSED [ 30%]
tests/test_dataflow_local_reddit.py::test_get_reddit_company_news_missing_cache_returns_empty PASSED [ 30%]
tests/test_dataflow_local_reddit.py::test_get_reddit_global_news_missing_cache_returns_empty PASSED [ 31%]
tests/test_dataflow_xai.py::test_get_news_xai_prefers_tools_path PASSED  [ 31%]
tests/test_dataflow_xai.py::test_get_news_xai_falls_back_when_tools_fail PASSED [ 31%]
tests/test_dataflow_xai.py::test_get_news_xai_rate_limit_does_not_double_call PASSED [ 31%]
tests/test_dataflow_xai.py::test_get_news_vendor_order_prefers_xai_before_google PASSED [ 31%]
tests/test_dealflow_momentum.py::test_scoring_assigns_momentum_lane_with_weak_value_overlay PASSED [ 31%]
tests/test_dealflow_momentum.py::test_scoring_assigns_momentum_lane_with_price_override_and_light_cashtag_evidence PASSED [ 31%]
tests/test_dealflow_momentum.py::test_scoring_rebalances_lane_when_momentum_coverage_is_too_low PASSED [ 31%]
tests/test_dealflow_momentum.py::test_rank_candidates_enforces_12_8_lane_split PASSED [ 32%]
tests/test_dealflow_momentum.py::test_cashtag_stream_respects_api_call_budget_and_extracts_symbols PASSED [ 32%]
tests/test_dealflow_momentum.py::test_pipeline_queue_contains_lane_fields_and_4_4_deep_split PASSED [ 32%]
tests/test_dealflow_momentum.py::test_manual_merge_policy_reinforces_and_includes PASSED [ 32%]
tests/test_dealflow_momentum.py::test_manual_merge_includes_low_data_and_missing_candidates PASSED [ 32%]
tests/test_dealflow_momentum.py::test_manual_merge_overrides_diversification_caps_when_forced PASSED [ 32%]
tests/test_dealflow_momentum.py::test_manual_merge_overrides_liquidity_when_forced PASSED [ 32%]
tests/test_dealflow_momentum.py::test_prioritize_discovered_symbols_applies_cap_and_quality_order PASSED [ 32%]
tests/test_dealflow_momentum.py::test_prioritize_discovered_symbols_filters_noise_tokens PASSED [ 33%]
tests/test_dealflow_momentum.py::test_collect_connector_signals_times_out_and_reports_error PASSED [ 33%]
tests/test_dealflow_momentum.py::test_price_momentum_handles_unavailable_batch_download PASSED [ 33%]
tests/test_dealflow_pipeline_manual.py::test_synthesize_manual_candidate_uses_sector_baseline_for_known_symbol PASSED [ 33%]
tests/test_dealflow_pipeline_manual.py::test_synthesize_manual_candidate_uses_unclassified_for_unknown_symbol PASSED [ 33%]
tests/test_dealflow_readiness.py::test_step1_readiness_passes_with_stable_cycles_and_samples PASSED [ 33%]
tests/test_dealflow_readiness.py::test_step1_readiness_returns_blockers_when_gates_fail PASSED [ 33%]
tests/test_dealflow_readiness.py::test_step1_readiness_blocks_partial_data_evidence_by_default PASSED [ 34%]
tests/test_dealflow_scheduler.py::test_scheduler_runs_daily_once_in_preopen_window PASSED [ 34%]
tests/test_dealflow_scheduler.py::test_scheduler_enforces_event_cooldown PASSED [ 34%]
tests/test_dealflow_scheduler.py::test_scheduler_wires_house_refresh_and_x_budget_policy PASSED [ 34%]
tests/test_dealflow_smart_money.py::test_collect_smart_money_signals_merges_sec_and_congress PASSED [ 34%]
tests/test_dealflow_smart_money.py::test_collect_smart_money_signals_returns_not_configured_when_sources_absent PASSED [ 34%]
tests/test_dealflow_smart_money.py::test_collect_smart_money_signals_uses_house_fallback_source PASSED [ 34%]
tests/test_dealflow_smart_money.py::test_collect_smart_money_signals_uses_house_fallback_when_primary_stale PASSED [ 34%]
tests/test_dealflow_smart_money.py::test_collect_smart_money_signals_dedupes_duplicate_rows_across_sources PASSED [ 35%]
tests/test_dealflow_smart_money.py::test_collect_smart_money_signals_supports_local_path_sources PASSED [ 35%]
tests/test_dealflow_social_news_live.py::test_collect_social_news_signals_uses_live_reddit PASSED [ 35%]
tests/test_dealflow_themes.py::test_infer_trend_tags_adds_ai_theme_cluster PASSED [ 35%]
tests/test_dealflow_themes.py::test_structural_growth_theme_detector PASSED [ 35%]
tests/test_dealflow_universe.py::test_resolve_sector_chain_prefers_static_then_profile_then_cache PASSED [ 35%]
tests/test_dealflow_universe.py::test_resolve_sector_normalizes_symbol_variants_and_equity_fallback PASSED [ 35%]
tests/test_dealflow_universe.py::test_build_universe_persists_sector_cache_and_reuses_it PASSED [ 35%]
tests/test_dealflow_x_budget.py::test_x_budget_tuner_increases_when_edge_is_strong PASSED [ 36%]
tests/test_dealflow_x_budget.py::test_x_budget_tuner_decreases_when_edge_is_weak PASSED [ 36%]
tests/test_dealflow_x_budget.py::test_x_budget_tuner_disabled PASSED     [ 36%]
tests/test_dealflow_x_budget.py::test_x_budget_tuner_holds_when_horizons_disagree PASSED [ 36%]
tests/test_dealflow_x_budget.py::test_x_budget_tuner_respects_budget_and_call_guardrails PASSED [ 36%]
tests/test_dealflow_x_social.py::test_collect_x_signals_scores_with_influencer_weight PASSED [ 36%]
tests/test_dealflow_x_social.py::test_collect_x_signals_returns_not_configured_without_token PASSED [ 36%]
tests/test_evidence_ablation.py::test_ablation_outputs_all_families_and_deltas_are_bounded PASSED [ 36%]
tests/test_evidence_ablation.py::test_ablation_renormalization_handles_missing_subscores PASSED [ 37%]
tests/test_evidence_pipeline.py::test_derive_status_requires_complete_regime_coverage_for_complete PASSED [ 37%]
tests/test_evidence_pipeline.py::test_runtime_alert_soft_cap_and_hard_cap_behavior PASSED [ 37%]
tests/test_evidence_regimes.py::test_regime_precedence_favors_vol_shock_over_bear PASSED [ 37%]
tests/test_evidence_regimes.py::test_vix_boundary_separates_high_vol_from_vol_shock PASSED [ 37%]
tests/test_evidence_regimes.py::test_risk_off_requires_explicit_vix_and_supporting_stress PASSED [ 37%]
tests/test_evidence_regimes.py::test_macro_normalization_forward_fill_and_alignment PASSED [ 37%]
tests/test_evidence_regimes.py::test_macro_normalization_marks_stale_after_ffill_limits PASSED [ 37%]
tests/test_evidence_regimes.py::test_stale_macro_without_market_signal_falls_back_to_neutral PASSED [ 38%]
tests/test_evidence_regimes.py::test_build_regime_report_labels_vol_shock_fixture PASSED [ 38%]
tests/test_evidence_telemetry.py::test_cost_alpha_telemetry_aggregates_alpha_cost_and_family_views PASSED [ 38%]
tests/test_evidence_telemetry.py::test_feature_family_dashboard_prioritizes_by_share_and_ablation_impact PASSED [ 38%]
tests/test_evidence_telemetry.py::test_source_ablation_report_computes_source_deltas_costs_and_roi PASSED [ 38%]
tests/test_evidence_walkforward.py::test_walkforward_deterministic_partial_mode PASSED [ 38%]
tests/test_evidence_walkforward.py::test_walkforward_status_complete_partial_and_insufficient PASSED [ 38%]
tests/test_fama_french.py::TestParseFFCsv::test_parse_ff_csv_returns_correct_keys PASSED [ 39%]
tests/test_fama_french.py::TestParseFFCsv::test_parse_ff_csv_computes_mean PASSED [ 39%]
tests/test_fama_french.py::TestParseFFCsv::test_parse_ff_csv_lookback_limits_rows PASSED [ 39%]
tests/test_fama_french.py::TestParseFFCsv::test_parse_ff_csv_empty_returns_none PASSED [ 39%]
tests/test_fama_french.py::TestParseFFCsv::test_parse_ff_csv_no_data_rows_returns_none PASSED [ 39%]
tests/test_fama_french.py::TestCacheFreshness::test_cache_fresh_skips_download PASSED [ 39%]
tests/test_fama_french.py::TestCacheFreshness::test_cache_stale_triggers_download PASSED [ 39%]
tests/test_fama_french.py::TestGracefulFailure::test_graceful_failure_returns_none PASSED [ 39%]
tests/test_fama_french.py::TestAlphaDecompositionFF::test_alpha_decomposition_with_ff PASSED [ 40%]
tests/test_fama_french.py::TestAlphaDecompositionFF::test_alpha_decomposition_fallback PASSED [ 40%]
tests/test_fundamental_data_tools.py::test_compact_fundamental_payload_limits_reports_and_fields PASSED [ 40%]
tests/test_fundamental_data_tools.py::test_compact_fundamental_payload_truncates_non_json PASSED [ 40%]
tests/test_fundamental_engine.py::TestNum::test_valid_float_string PASSED [ 40%]
tests/test_fundamental_engine.py::TestNum::test_none_returns_none PASSED [ 40%]
tests/test_fundamental_engine.py::TestNum::test_string_none PASSED       [ 40%]
tests/test_fundamental_engine.py::TestNum::test_na_string PASSED         [ 40%]
tests/test_fundamental_engine.py::TestNum::test_dash PASSED              [ 41%]
tests/test_fundamental_engine.py::TestNum::test_empty_string PASSED      [ 41%]
tests/test_fundamental_engine.py::TestNum::test_int_passthrough PASSED   [ 41%]
tests/test_fundamental_engine.py::TestNum::test_float_passthrough PASSED [ 41%]
tests/test_fundamental_engine.py::TestNum::test_negative_string PASSED   [ 41%]
tests/test_fundamental_engine.py::TestNum::test_whitespace PASSED        [ 41%]
tests/test_fundamental_engine.py::TestNum::test_invalid_string PASSED    [ 41%]
tests/test_fundamental_engine.py::TestComputeRatios::test_happy_path PASSED [ 41%]
tests/test_fundamental_engine.py::TestComputeRatios::test_missing_fields PASSED [ 42%]
tests/test_fundamental_engine.py::TestComputeRatios::test_partial_data PASSED [ 42%]
tests/test_fundamental_engine.py::TestBalanceSheet::test_happy_path PASSED [ 42%]
tests/test_fundamental_engine.py::TestBalanceSheet::test_empty_reports PASSED [ 42%]
tests/test_fundamental_engine.py::TestBalanceSheet::test_missing_current_liabilities PASSED [ 42%]
tests/test_fundamental_engine.py::TestBalanceSheet::test_equity_trend_improving PASSED [ 42%]
tests/test_fundamental_engine.py::TestCashflow::test_happy_path PASSED   [ 42%]
tests/test_fundamental_engine.py::TestCashflow::test_empty_reports PASSED [ 43%]
tests/test_fundamental_engine.py::TestCashflow::test_negative_fcf PASSED [ 43%]
tests/test_fundamental_engine.py::TestIncome::test_happy_path PASSED     [ 43%]
tests/test_fundamental_engine.py::TestIncome::test_empty_reports PASSED  [ 43%]
tests/test_fundamental_engine.py::TestIncome::test_revenue_growth_between_quarters PASSED [ 43%]
tests/test_fundamental_engine.py::TestPiotroski::test_healthy_company PASSED [ 43%]
tests/test_fundamental_engine.py::TestPiotroski::test_distressed_company PASSED [ 43%]
tests/test_fundamental_engine.py::TestPiotroski::test_missing_data PASSED [ 43%]
tests/test_fundamental_engine.py::TestYfinanceSnapshot::test_happy_path PASSED [ 44%]
tests/test_fundamental_engine.py::TestYfinanceSnapshot::test_empty_dict PASSED [ 44%]
tests/test_fundamental_engine.py::TestYfinanceSnapshot::test_none_input PASSED [ 44%]
tests/test_fundamental_engine.py::TestBuildSnapshot::test_integration PASSED [ 44%]
tests/test_fundamental_engine.py::TestBuildSnapshot::test_empty_inputs PASSED [ 44%]
tests/test_fundamental_engine.py::TestBuildSnapshot::test_invalid_json PASSED [ 44%]
tests/test_fundamental_engine.py::TestBuildSnapshot::test_size_budget PASSED [ 44%]
tests/test_fundamental_reviewer.py::TestReviewerWithFullData::test_returns_enhanced_report PASSED [ 44%]
tests/test_fundamental_reviewer.py::TestReviewerWithFullData::test_metrics_dict_has_expected_keys PASSED [ 45%]
tests/test_fundamental_reviewer.py::TestReviewerWithEmptyReport::test_still_produces_output PASSED [ 45%]
tests/test_fundamental_reviewer.py::TestReviewerGracefulDegradation::test_vendor_failure_returns_empty_metrics PASSED [ 45%]
tests/test_fundamental_reviewer.py::TestReviewerPromptContent::test_prompt_contains_metrics_and_report PASSED [ 45%]
tests/test_fundamental_reviewer.py::TestReviewerPromptContent::test_review_prompt_is_non_empty PASSED [ 45%]
tests/test_fundamental_reviewer.py::TestGraphBackwardCompat::test_setup_without_fundamentals_has_no_reviewer PASSED [ 45%]
tests/test_heartbeat_schedule_guard.py::test_schedule_unknown_when_heartbeat_stale PASSED [ 45%]
tests/test_heartbeat_schedule_guard.py::test_schedule_unknown_when_clock_drift_exceeds_limit PASSED [ 45%]
tests/test_heartbeat_schedule_guard.py::test_schedule_ready_and_commit_window_open PASSED [ 46%]
tests/test_hedging.py::test_spy_deviation_buckets_and_boundaries PASSED  [ 46%]
tests/test_hedging.py::test_vix_adjustment_boundaries PASSED             [ 46%]
tests/test_hedging.py::test_bear_override_forces_minimum_75 PASSED       [ 46%]
tests/test_hedging.py::test_crash_trigger_all_true_activates_negative_beta PASSED [ 46%]
tests/test_hedging.py::test_crash_trigger_blocked_when_one_condition_fails PASSED [ 46%]
tests/test_hedging.py::test_data_insufficient_returns_safe_noop PASSED   [ 46%]
tests/test_hedging.py::test_no_positions_returns_no_positions_status PASSED [ 46%]
tests/test_hedging.py::test_hysteresis_skip_under_5pct PASSED            [ 47%]
tests/test_hedging.py::test_instrument_selection_qqq_and_execution PASSED [ 47%]
tests/test_hedging.py::test_cooldown_blocks_same_day_non_emergency PASSED [ 47%]
tests/test_hedging.py::test_evaluate_persists_state_and_order PASSED     [ 47%]
tests/test_hedging.py::test_volatility_shock_regime_applies_strong_floor PASSED [ 47%]
tests/test_hedging.py::test_risk_off_regime_applies_defensive_floor PASSED [ 47%]
tests/test_macro_engine.py::TestClassifyRegime::test_classify_regime_bull PASSED [ 47%]
tests/test_macro_engine.py::TestClassifyRegime::test_classify_regime_bear PASSED [ 48%]
tests/test_macro_engine.py::TestClassifyRegime::test_classify_regime_vol_shock_high_vix PASSED [ 48%]
tests/test_macro_engine.py::TestClassifyRegime::test_classify_regime_vol_shock_large_move PASSED [ 48%]
tests/test_macro_engine.py::TestClassifyRegime::test_classify_regime_high_vol PASSED [ 48%]
tests/test_macro_engine.py::TestClassifyRegime::test_classify_regime_risk_off PASSED [ 48%]
tests/test_macro_engine.py::TestClassifyRegime::test_classify_regime_inflation_shock PASSED [ 48%]
tests/test_macro_engine.py::TestClassifyRegime::test_classify_regime_rates_uptrend PASSED [ 48%]
tests/test_macro_engine.py::TestClassifyRegime::test_classify_regime_euphoria PASSED [ 48%]
tests/test_macro_engine.py::TestClassifyRegime::test_classify_regime_neutral PASSED [ 49%]
tests/test_macro_engine.py::TestComputeRegimeFit::test_regime_fit_bull_base PASSED [ 49%]
tests/test_macro_engine.py::TestComputeRegimeFit::test_regime_fit_sector_adjustment_energy_inflation PASSED [ 49%]
tests/test_macro_engine.py::TestComputeRegimeFit::test_regime_fit_gold_override_bear PASSED [ 49%]
tests/test_macro_engine.py::TestComputeRegimeFit::test_regime_fit_gold_override_vol_shock PASSED [ 49%]
tests/test_macro_engine.py::TestComputeRegimeFit::test_regime_fit_gold_override_risk_off PASSED [ 49%]
tests/test_macro_engine.py::TestComputeRegimeFit::test_regime_fit_neutral_base PASSED [ 49%]
tests/test_macro_engine.py::TestComputeRegimeFit::test_regime_fit_tech_rates_penalty PASSED [ 49%]
tests/test_macro_engine.py::TestComputeRegimeFit::test_regime_fit_commodity_inflation_override PASSED [ 50%]
tests/test_macro_engine.py::TestComputeMonetaryStress::test_monetary_stress_neutral_equity PASSED [ 50%]
tests/test_macro_engine.py::TestComputeMonetaryStress::test_monetary_stress_equity_high_gold_vs_spy PASSED [ 50%]
tests/test_macro_engine.py::TestComputeMonetaryStress::test_monetary_stress_gold_inverted_vs_equity PASSED [ 50%]
tests/test_macro_engine.py::TestComputeMonetaryStress::test_monetary_stress_usd_strengthening_equity PASSED [ 50%]
tests/test_macro_engine.py::TestComputeMonetaryStress::test_monetary_stress_btc_capped PASSED [ 50%]
tests/test_macro_engine.py::TestComputeRateHeadwind::test_rate_headwind_with_fred_low_rates PASSED [ 50%]
tests/test_macro_engine.py::TestComputeRateHeadwind::test_rate_headwind_with_fred_high_rates PASSED [ 50%]
tests/test_macro_engine.py::TestComputeRateHeadwind::test_rate_headwind_no_fred_uses_tlt PASSED [ 51%]
tests/test_macro_engine.py::TestComputeRateHeadwind::test_rate_headwind_tech_sector_penalty PASSED [ 51%]
tests/test_macro_engine.py::TestComputeRateHeadwind::test_rate_headwind_financial_sector_bonus PASSED [ 51%]
tests/test_macro_engine.py::TestComputeCommodityCycle::test_commodity_cycle_energy_positive_dbc PASSED [ 51%]
tests/test_macro_engine.py::TestComputeCommodityCycle::test_commodity_cycle_tech_positive_dbc_headwind PASSED [ 51%]
tests/test_macro_engine.py::TestComputeCommodityCycle::test_commodity_cycle_gold_uses_gld_momentum PASSED [ 51%]
tests/test_macro_engine.py::TestComputeCommodityCycle::test_commodity_cycle_neutral_zero_returns PASSED [ 51%]
tests/test_macro_engine.py::TestComputeCommodityCycle::test_commodity_cycle_energy_vs_tech_divergence PASSED [ 51%]
tests/test_macro_engine.py::TestBuildMacroSnapshot::test_build_macro_snapshot_structure PASSED [ 52%]
tests/test_macro_engine.py::TestBuildMacroSnapshot::test_build_macro_snapshot_yfinance_failure PASSED [ 52%]
tests/test_macro_engine.py::TestBuildMacroSnapshot::test_build_macro_snapshot_composite_range PASSED [ 52%]
tests/test_macro_engine.py::TestBuildMacroSnapshot::test_build_macro_snapshot_bull_regime_detected PASSED [ 52%]
tests/test_macro_engine.py::TestBuildMacroSnapshot::test_build_macro_snapshot_debt_indicators_present PASSED [ 52%]
tests/test_macro_engine.py::TestBuildMacroSnapshot::test_build_macro_snapshot_debt_indicators_none_without_fred PASSED [ 52%]
tests/test_macro_engine.py::TestBuildMacroSnapshot::test_neutral_snapshot_has_debt_indicators PASSED [ 52%]
tests/test_macro_engine.py::TestYieldCurve::test_fred_returns_dgs2_and_spread PASSED [ 53%]
tests/test_macro_engine.py::TestYieldCurve::test_spread_none_when_dgs2_missing PASSED [ 53%]
tests/test_macro_engine.py::TestYieldCurve::test_rate_headwind_with_spread PASSED [ 53%]
tests/test_macro_engine.py::TestYieldCurve::test_rate_headwind_without_spread PASSED [ 53%]
tests/test_macro_engine.py::TestYieldCurve::test_inverted_yield_curve_trigger PASSED [ 53%]
tests/test_macro_engine.py::TestYieldCurve::test_no_inversion_trigger_when_spread_positive PASSED [ 53%]
tests/test_macro_engine.py::TestYieldCurve::test_inverted_spread_rate_headwind_penalty PASSED [ 53%]
tests/test_market_regime.py::test_market_regime_returns_none_when_insufficient_history PASSED [ 53%]
tests/test_market_regime.py::test_market_regime_snapshot_success PASSED  [ 54%]
tests/test_momentum_engine.py::test_import PASSED                        [ 54%]
tests/test_momentum_engine.py::test_returns_dict_with_required_keys PASSED [ 54%]
tests/test_momentum_engine.py::test_subscores_dict_structure PASSED      [ 54%]
tests/test_momentum_engine.py::test_subscores_are_clamped_0_100 PASSED   [ 54%]
tests/test_momentum_engine.py::test_composite_score_in_range PASSED      [ 54%]
tests/test_momentum_engine.py::test_direction_valid_values PASSED        [ 54%]
tests/test_momentum_engine.py::test_regime_values_valid PASSED           [ 54%]
tests/test_momentum_engine.py::test_signal_state_valid_values PASSED     [ 55%]
tests/test_momentum_engine.py::test_uptrend_is_bullish PASSED            [ 55%]
tests/test_momentum_engine.py::test_downtrend_is_bearish_or_neutral PASSED [ 55%]
tests/test_momentum_engine.py::test_data_coverage_insufficient_data PASSED [ 55%]
tests/test_momentum_engine.py::test_data_coverage_partial PASSED         [ 55%]
tests/test_momentum_engine.py::test_data_coverage_full PASSED            [ 55%]
tests/test_momentum_engine.py::test_data_coverage_at_boundary_252 PASSED [ 55%]
tests/test_momentum_engine.py::test_data_coverage_at_boundary_504 PASSED [ 55%]
tests/test_momentum_engine.py::test_graceful_degradation_on_bad_ticker PASSED [ 56%]
tests/test_momentum_engine.py::test_graceful_degradation_on_none_dataframe PASSED [ 56%]
tests/test_momentum_engine.py::test_graceful_degradation_on_empty_dataframe PASSED [ 56%]
tests/test_momentum_engine.py::test_trade_date_filter PASSED             [ 56%]
tests/test_momentum_engine.py::test_trade_date_after_all_data PASSED     [ 56%]
tests/test_momentum_engine.py::test_trade_date_before_all_data PASSED    [ 56%]
tests/test_momentum_engine.py::test_get_regime_state_returns_dict PASSED [ 56%]
tests/test_momentum_engine.py::test_get_regime_state_returns_subset PASSED [ 56%]
tests/test_momentum_engine.py::test_get_regime_state_graceful_degradation PASSED [ 57%]
tests/test_momentum_engine.py::test_clamp_below_range PASSED             [ 57%]
tests/test_momentum_engine.py::test_clamp_above_range PASSED             [ 57%]
tests/test_momentum_engine.py::test_clamp_in_range PASSED                [ 57%]
tests/test_momentum_engine.py::test_clamp_custom_bounds PASSED           [ 57%]
tests/test_momentum_engine.py::test_compute_accel_returns_series PASSED  [ 57%]
tests/test_momentum_engine.py::test_score_trend_strength_full_uptrend PASSED [ 57%]
tests/test_momentum_engine.py::test_score_trend_strength_full_downtrend PASSED [ 58%]
tests/test_momentum_engine.py::test_score_trend_strength_nan_handling PASSED [ 58%]
tests/test_momentum_engine.py::test_score_momentum_health_sweet_spot PASSED [ 58%]
tests/test_momentum_engine.py::test_score_momentum_health_overbought PASSED [ 58%]
tests/test_momentum_engine.py::test_score_momentum_health_oversold PASSED [ 58%]
tests/test_momentum_engine.py::test_score_volume_confirmation_uptrend_strong_vol PASSED [ 58%]
tests/test_momentum_engine.py::test_score_volume_confirmation_downtrend_weak_vol PASSED [ 58%]
tests/test_momentum_engine.py::test_regime_label_above_both PASSED       [ 58%]
tests/test_momentum_engine.py::test_regime_label_above_200_below_50 PASSED [ 59%]
tests/test_momentum_engine.py::test_regime_label_below_200_above_50 PASSED [ 59%]
tests/test_momentum_engine.py::test_regime_label_below_both PASSED       [ 59%]
tests/test_momentum_engine.py::test_regime_label_nan_handling PASSED     [ 59%]
tests/test_momentum_engine.py::test_score_regime_quality_healthy_pattern PASSED [ 59%]
tests/test_momentum_engine.py::test_score_regime_quality_whipsaw_pattern PASSED [ 59%]
tests/test_momentum_engine.py::test_regime_exit_window_insufficient_data PASSED [ 59%]
tests/test_momentum_engine.py::test_regime_exit_window_returns_signal_state PASSED [ 59%]
tests/test_momentum_engine.py::test_full_snapshot_has_consistent_scoring PASSED [ 60%]
tests/test_momentum_engine.py::test_composite_is_weighted_average_of_subscores PASSED [ 60%]
tests/test_momentum_engine.py::test_direction_threshold_at_65_and_38 PASSED [ 60%]
tests/test_momentum_reviewer.py::TestCreateMomentumReviewer::test_reviewer_returns_two_keys PASSED [ 60%]
tests/test_momentum_reviewer.py::TestCreateMomentumReviewer::test_market_report_is_enhanced PASSED [ 60%]
tests/test_momentum_reviewer.py::TestCreateMomentumReviewer::test_momentum_metrics_populated PASSED [ 60%]
tests/test_momentum_reviewer.py::TestCreateMomentumReviewer::test_graceful_degradation_on_engine_failure PASSED [ 60%]
tests/test_momentum_reviewer.py::TestCreateMomentumReviewer::test_dealflow_fast_path PASSED [ 60%]
tests/test_momentum_reviewer.py::TestCreateMomentumReviewer::test_no_market_report PASSED [ 61%]
tests/test_momentum_reviewer.py::TestCreateMomentumReviewer::test_metrics_included_in_llm_prompt PASSED [ 61%]
tests/test_momentum_reviewer.py::TestCreateMomentumReviewer::test_system_prompt_is_set PASSED [ 61%]
tests/test_momentum_reviewer.py::TestCreateMomentumReviewer::test_fundamentals_context_included PASSED [ 61%]
tests/test_momentum_reviewer.py::TestCreateMomentumReviewer::test_dealflow_context_in_prompt PASSED [ 61%]
tests/test_momentum_reviewer.py::TestCreateMomentumReviewer::test_market_report_truncation PASSED [ 61%]
tests/test_momentum_reviewer.py::TestCreateMomentumReviewer::test_no_metrics_fallback PASSED [ 61%]
tests/test_momentum_reviewer.py::TestCreateMomentumReviewer::test_response_without_content_attribute PASSED [ 62%]
tests/test_momentum_reviewer.py::TestCreateMomentumReviewer::test_company_and_date_in_prompt PASSED [ 62%]
tests/test_momentum_reviewer.py::TestCreateMomentumReviewer::test_dealflow_neutral_direction PASSED [ 62%]
tests/test_momentum_reviewer.py::TestCreateMomentumReviewer::test_dealflow_bearish_direction PASSED [ 62%]
tests/test_momentum_reviewer.py::TestCreateMomentumReviewer::test_empty_dealflow_context_uses_vendor PASSED [ 62%]
tests/test_momentum_reviewer.py::TestCreateMomentumReviewer::test_dealflow_without_price_momentum_uses_vendor PASSED [ 62%]
tests/test_operator_gateway_endpoints.py::test_schedule_unknown_when_heartbeat_missing PASSED [ 62%]
tests/test_operator_gateway_endpoints.py::test_schedule_unknown_when_clock_drift_exceeds_limit PASSED [ 62%]
tests/test_operator_gateway_endpoints.py::test_triage_intent_rejected_when_commit_window_closed PASSED [ 63%]
tests/test_operator_gateway_endpoints.py::test_create_undo_and_bulk_status_roundtrip PASSED [ 63%]
tests/test_operator_gateway_endpoints.py::test_dealflow_read_endpoint_returns_snapshot_and_candidates FAILED [ 63%]
tests/test_operator_gateway_endpoints.py::test_dealflow_limit_query_returns_truncated_candidate_list PASSED [ 63%]
tests/test_operator_gateway_endpoints.py::test_candidate_detail_fail_soft_on_missing_columns FAILED [ 63%]
tests/test_operator_gateway_endpoints.py::test_dealflow_snapshot_marked_stale_for_old_artifact_date PASSED [ 63%]
tests/test_operator_gateway_endpoints.py::test_bootstrap_includes_schedule_feed_and_alerts PASSED [ 63%]
tests/test_operator_gateway_endpoints.py::test_bootstrap_includes_portfolio_drift_when_allocations_available PASSED [ 63%]
tests/test_operator_gateway_endpoints.py::test_drift_impact_detects_non_model_exposure PASSED [ 64%]
tests/test_operator_gateway_endpoints.py::test_drift_sensitivity_settings_update_affects_bootstrap_status PASSED [ 64%]
tests/test_operator_gateway_endpoints.py::test_bootstrap_flags_snapshot_stale_and_pending_created PASSED [ 64%]
tests/test_operator_gateway_endpoints.py::test_bootstrap_includes_allocator_pending_funding_alert PASSED [ 64%]
tests/test_operator_gateway_endpoints.py::test_allocator_status_endpoint_returns_recent_intents PASSED [ 64%]
tests/test_operator_gateway_endpoints.py::test_bootstrap_returns_304_when_etag_matches PASSED [ 64%]
tests/test_operator_gateway_endpoints.py::test_bootstrap_etag_changes_when_queue_changes PASSED [ 64%]
tests/test_operator_gateway_endpoints.py::test_gateway_enables_cors_when_origins_configured PASSED [ 64%]
tests/test_operator_gateway_endpoints.py::test_gateway_enforces_api_key_when_enabled PASSED [ 65%]
tests/test_operator_gateway_endpoints.py::test_system_shock_endpoint_writes_regime_override PASSED [ 65%]
tests/test_operator_gateway_endpoints.py::test_allocator_report_card_endpoint_returns_summary PASSED [ 65%]
tests/test_operator_gateway_endpoints.py::test_mirror_confirm_requires_legal_consent PASSED [ 65%]
tests/test_operator_gateway_endpoints.py::test_mirror_challenge_confirm_updates_allocator_status PASSED [ 65%]
tests/test_operator_gateway_endpoints.py::test_mirror_confirm_rejects_preview_hash_mismatch PASSED [ 65%]
tests/test_operator_gateway_endpoints.py::test_intent_confirm_alias_matches_mirror_confirm PASSED [ 65%]
tests/test_operator_gateway_endpoints.py::test_mirror_intent_preview_includes_latest_challenge_and_drift PASSED [ 65%]
tests/test_operator_gateway_endpoints.py::test_mirror_confirm_blocked_when_broker_adapter_disabled PASSED [ 66%]
tests/test_options_engine.py::TestPutCallRatioScoring::test_extreme_fear PASSED [ 66%]
tests/test_options_engine.py::TestPutCallRatioScoring::test_mild_fear PASSED [ 66%]
tests/test_options_engine.py::TestPutCallRatioScoring::test_neutral PASSED [ 66%]
tests/test_options_engine.py::TestPutCallRatioScoring::test_greed PASSED [ 66%]
tests/test_options_engine.py::TestIVSkewScoring::test_high_skew_fear PASSED [ 66%]
tests/test_options_engine.py::TestIVSkewScoring::test_moderate_skew PASSED [ 66%]
tests/test_options_engine.py::TestIVSkewScoring::test_flat_skew_complacency PASSED [ 67%]
tests/test_options_engine.py::TestOIRatioScoring::test_extreme_fear PASSED [ 67%]
tests/test_options_engine.py::TestOIRatioScoring::test_mild_fear PASSED  [ 67%]
tests/test_options_engine.py::TestOIRatioScoring::test_neutral PASSED    [ 67%]
tests/test_options_engine.py::TestOIRatioScoring::test_greed PASSED      [ 67%]
tests/test_options_engine.py::TestSentimentComposite::test_sentiment_score_fear PASSED [ 67%]
tests/test_options_engine.py::TestSentimentComposite::test_sentiment_score_greed PASSED [ 67%]
tests/test_options_engine.py::TestBuildOptionsSnapshot::test_graceful_failure_no_options PASSED [ 67%]
tests/test_options_engine.py::TestBuildOptionsSnapshot::test_graceful_failure_exception PASSED [ 68%]
tests/test_options_engine.py::TestScorerOptionsIntegration::test_scorer_blends_options PASSED [ 68%]
tests/test_options_engine.py::TestScorerOptionsIntegration::test_scorer_ignores_absent_options PASSED [ 68%]
tests/test_paper_execution.py::test_build_portfolio_plan_includes_broker_compatible_order_fields PASSED [ 68%]
tests/test_paper_execution.py::test_build_hedge_order_intent_returns_hedge_order PASSED [ 68%]
tests/test_paper_execution.py::test_execute_plan_with_adapter_is_idempotent_by_order_intent PASSED [ 68%]
tests/test_paper_execution.py::test_close_position_with_adapter_updates_linked_rating_ids PASSED [ 68%]
tests/test_paper_execution.py::test_execute_plan_with_adapter_live_queues_without_fills PASSED [ 68%]
tests/test_paper_execution.py::test_evaluate_pretrade_risk_blocks_single_name_and_gross_limits PASSED [ 69%]
tests/test_paper_execution.py::test_evaluate_pretrade_risk_blocks_short_orders_when_enabled PASSED [ 69%]
tests/test_paper_execution.py::test_evaluate_pretrade_risk_allows_sell_to_reduce_existing_long PASSED [ 69%]
tests/test_paper_execution.py::test_evaluate_pretrade_risk_blocks_sell_that_flips_to_short PASSED [ 69%]
tests/test_paper_execution.py::test_evaluate_pretrade_risk_allows_hedge_short_when_enabled PASSED [ 69%]
tests/test_paper_execution.py::test_evaluate_pretrade_risk_rejects_oversized_hedge PASSED [ 69%]
tests/test_paper_execution.py::test_build_portfolio_plan_uses_market_price_fallback_when_report_price_missing PASSED [ 69%]
tests/test_paper_execution.py::test_build_portfolio_plan_enforces_whole_shares_when_requested PASSED [ 69%]
tests/test_paper_execution.py::test_build_rebalance_execution_plan_skips_orders_within_tolerance PASSED [ 70%]
tests/test_paper_execution.py::test_build_rebalance_execution_plan_outputs_delta_order PASSED [ 70%]
tests/test_paper_execution.py::test_reconcile_live_execution_applies_fill_once_idempotently PASSED [ 70%]
tests/test_paper_execution.py::test_reconcile_live_execution_applies_partial_fill_delta_only PASSED [ 70%]
tests/test_paper_execution.py::test_reconcile_live_execution_normalizes_partial_status PASSED [ 70%]
tests/test_paper_execution.py::test_reconcile_live_execution_treats_replaced_as_terminal PASSED [ 70%]
tests/test_paper_execution.py::test_reconcile_live_execution_closes_position_and_updates_outcomes PASSED [ 70%]
tests/test_paper_execution.py::test_execute_plan_with_adapter_alpaca_submits_and_skips_duplicates PASSED [ 70%]
tests/test_paper_execution.py::test_execute_plan_with_adapter_alpaca_rounds_quantity_to_whole_shares PASSED [ 71%]
tests/test_paper_execution.py::test_execute_plan_with_adapter_alpaca_whole_share_round_to_zero_rejected PASSED [ 71%]
tests/test_paper_execution.py::test_fetch_alpaca_orders_snapshot_writes_file PASSED [ 71%]
tests/test_paper_execution.py::test_fetch_alpaca_positions_snapshot_writes_file PASSED [ 71%]
tests/test_paper_execution.py::test_refresh_positions_market_snapshot_updates_market_values PASSED [ 71%]
tests/test_paper_execution.py::test_build_exit_execution_plan_generates_stop_loss_order PASSED [ 71%]
tests/test_paper_execution.py::test_build_exit_execution_plan_skips_when_active_exit_order_exists PASSED [ 71%]
tests/test_paper_execution.py::test_evaluate_execution_readiness_passes_when_all_checks_green PASSED [ 72%]
tests/test_paper_execution.py::test_evaluate_execution_readiness_blocks_stale_pending_orders PASSED [ 72%]
tests/test_phase3_modules.py::TestConfig::test_import PASSED             [ 72%]
tests/test_phase3_modules.py::TestConfig::test_universe_is_list PASSED   [ 72%]
tests/test_phase3_modules.py::TestConfig::test_universe_contains_indices PASSED [ 72%]
tests/test_phase3_modules.py::TestConfig::test_start_date_format PASSED  [ 72%]
tests/test_phase3_modules.py::TestConfig::test_numeric_constants_positive PASSED [ 72%]
tests/test_phase3_modules.py::TestConfig::test_percentile_bounds PASSED  [ 72%]
tests/test_phase3_modules.py::TestConfig::test_index_tickers_constant PASSED [ 73%]
tests/test_phase3_modules.py::TestConfig::test_metals_configuration PASSED [ 73%]
tests/test_phase3_modules.py::TestRegimeExitEngine::test_import PASSED   [ 73%]
tests/test_phase3_modules.py::TestRegimeExitEngine::test_classification_above_both PASSED [ 73%]
tests/test_phase3_modules.py::TestRegimeExitEngine::test_classification_above_200_below_50 PASSED [ 73%]
tests/test_phase3_modules.py::TestRegimeExitEngine::test_classification_below_200_above_50 PASSED [ 73%]
tests/test_phase3_modules.py::TestRegimeExitEngine::test_classification_below_both PASSED [ 73%]
tests/test_phase3_modules.py::TestRegimeExitEngine::test_compute_accel_returns_series PASSED [ 73%]
tests/test_phase3_modules.py::TestRegimeExitEngine::test_engine_initialization PASSED [ 74%]
tests/test_phase3_modules.py::TestRegimeExitEngine::test_get_signal_returns_dict_with_required_keys PASSED [ 74%]
tests/test_phase3_modules.py::TestRegimeExitEngine::test_state_is_long_or_cash PASSED [ 74%]
tests/test_phase3_modules.py::TestRegimeExitEngine::test_regime_valid_values PASSED [ 74%]
tests/test_phase3_modules.py::TestRegimeExitEngine::test_invested_pct_in_range PASSED [ 74%]
tests/test_phase3_modules.py::TestRegimeExitEngine::test_graceful_failure_on_bad_ticker PASSED [ 74%]
tests/test_phase3_modules.py::TestRegimeExitEngine::test_get_signals_skips_failures PASSED [ 74%]
tests/test_phase3_modules.py::TestIndexOverlayEngine::test_import PASSED [ 74%]
tests/test_phase3_modules.py::TestIndexOverlayEngine::test_engine_initialization PASSED [ 75%]
tests/test_phase3_modules.py::TestIndexOverlayEngine::test_non_index_returns_empty PASSED [ 75%]
tests/test_phase3_modules.py::TestIndexOverlayEngine::test_get_signal_required_keys_qqq PASSED [ 75%]
tests/test_phase3_modules.py::TestIndexOverlayEngine::test_get_signal_required_keys_spy PASSED [ 75%]
tests/test_phase3_modules.py::TestIndexOverlayEngine::test_leg_values_are_boolean PASSED [ 75%]
tests/test_phase3_modules.py::TestIndexOverlayEngine::test_overnight_active_normal_conditions PASSED [ 75%]
tests/test_phase3_modules.py::TestIndexOverlayEngine::test_get_signals_filters_to_index_tickers PASSED [ 75%]
tests/test_phase3_modules.py::TestIndexOverlayEngine::test_get_signals_all_indices PASSED [ 75%]
tests/test_phase3_modules.py::TestIndexOverlayEngine::test_compute_accel_regime_returns_series PASSED [ 76%]
tests/test_phase3_modules.py::TestIndexOverlayEngine::test_regime_values_are_valid PASSED [ 76%]
tests/test_phase3_modules.py::TestIndexOverlayEngine::test_active_leg_priority PASSED [ 76%]
tests/test_phase3_modules.py::TestIndexOverlayEngine::test_check_legs_returns_all_keys PASSED [ 76%]
tests/test_phase3_modules.py::TestPhaseEngineIntegration::test_regime_exit_and_index_overlay_compatible PASSED [ 76%]
tests/test_phase3_modules.py::TestPhaseEngineIntegration::test_config_used_by_regime_exit PASSED [ 76%]
tests/test_phase_engine.py::TestPhaseEngineImports::test_import_config PASSED [ 76%]
tests/test_phase_engine.py::TestPhaseEngineImports::test_import_phase_engine PASSED [ 77%]
tests/test_phase_engine.py::TestPhaseEngineImports::test_import_backtest PASSED [ 77%]
tests/test_phase_engine.py::TestPhaseEngineImports::test_import_scanner PASSED [ 77%]
tests/test_phase_engine.py::TestPhaseEngineImports::test_import_data_engine PASSED [ 77%]
tests/test_phase_engine.py::TestConfigDefaults::test_transaction_bps PASSED [ 77%]
tests/test_phase_engine.py::TestConfigDefaults::test_phase_min_history PASSED [ 77%]
tests/test_phase_engine.py::TestConfigDefaults::test_vix_thresholds PASSED [ 77%]
tests/test_phase_engine.py::TestConfigDefaults::test_universe PASSED     [ 77%]
tests/test_phase_engine.py::TestConfigDefaults::test_index_tickers PASSED [ 78%]
tests/test_phase_engine.py::TestConfigDefaults::test_metals PASSED       [ 78%]
tests/test_phase_engine.py::TestPhaseClassification::test_returns_series PASSED [ 78%]
tests/test_phase_engine.py::TestPhaseClassification::test_correct_length PASSED [ 78%]
tests/test_phase_engine.py::TestPhaseClassification::test_valid_labels PASSED [ 78%]
tests/test_phase_engine.py::TestPhaseClassification::test_short_data PASSED [ 78%]
tests/test_phase_engine.py::TestPhaseClassification::test_no_nans PASSED [ 78%]
tests/test_phase_engine.py::TestPhaseClassification::test_single_bar PASSED [ 78%]
tests/test_phase_engine.py::TestSignals::test_should_short_rth_returns_string PASSED [ 79%]
tests/test_phase_engine.py::TestSignals::test_rth_avoid_returns_bool PASSED [ 79%]
tests/test_phase_engine.py::TestSignals::test_markup_fade_returns_bool PASSED [ 79%]
tests/test_phase_engine.py::TestSignals::test_markdown_crush_returns_bool PASSED [ 79%]
tests/test_phase_engine.py::TestSignals::test_metals_returns_empty_without_leader PASSED [ 79%]
tests/test_phase_engine.py::TestSignals::test_metals_with_leader PASSED  [ 79%]
tests/test_phase_engine.py::TestSignals::test_equity_signal_subset PASSED [ 79%]
tests/test_phase_engine.py::TestSignals::test_index_signal_superset PASSED [ 79%]
tests/test_phase_engine.py::TestPhaseSummary::test_returns_dict PASSED   [ 80%]
tests/test_phase_engine.py::TestPhaseSummary::test_has_expected_keys PASSED [ 80%]
tests/test_phase_engine.py::TestPhaseSummary::test_counts_sum_to_total PASSED [ 80%]
tests/test_phase_engine.py::TestPhaseSummary::test_percentages_sum_to_100 PASSED [ 80%]
tests/test_phase_engine.py::TestMacroRegime::test_macro_bearish_early_index_false PASSED [ 80%]
tests/test_phase_engine.py::TestMacroRegime::test_macro_bearish_returns_bool PASSED [ 80%]
tests/test_phase_engine.py::TestMacroRegime::test_market_stress_returns_bool PASSED [ 80%]
tests/test_phase_engine.py::TestMacroRegime::test_severe_stress_returns_bool PASSED [ 81%]
tests/test_phase_engine.py::TestMacroRegime::test_market_health_oob_index PASSED [ 81%]
tests/test_phase_engine.py::TestBacktestResult::test_creation PASSED     [ 81%]
tests/test_phase_engine.py::TestBacktestResult::test_optional_fields_default PASSED [ 81%]
tests/test_phase_engine.py::TestPnLMath::test_signal_day_formula PASSED  [ 81%]
tests/test_phase_engine.py::TestPnLMath::test_non_signal_day_formula PASSED [ 81%]
tests/test_phase_engine.py::TestPnLMath::test_signal_day_large_drop PASSED [ 81%]
tests/test_phase_engine.py::TestPnLMath::test_compounding_return PASSED  [ 81%]
tests/test_phase_engine.py::TestEdgeCases::test_all_nan_fvg_ratio PASSED [ 82%]
tests/test_phase_engine.py::TestEdgeCases::test_zero_volume_day PASSED   [ 82%]
tests/test_phase_engine.py::TestEdgeCases::test_signal_at_first_bar PASSED [ 82%]
tests/test_phase_engine.py::TestEdgeCases::test_signal_at_last_bar PASSED [ 82%]
tests/test_phase_engine.py::TestS7Config::test_s7_tickers PASSED         [ 82%]
tests/test_phase_engine.py::TestS7Config::test_s7_overnight_vix_ranges PASSED [ 82%]
tests/test_phase_engine.py::TestS7Config::test_s7_rth_vix_ranges PASSED  [ 82%]
tests/test_phase_engine.py::TestVixInRanges::test_in_range PASSED        [ 82%]
tests/test_phase_engine.py::TestVixInRanges::test_below_range PASSED     [ 83%]
tests/test_phase_engine.py::TestVixInRanges::test_at_boundary_lo PASSED  [ 83%]
tests/test_phase_engine.py::TestVixInRanges::test_at_boundary_hi PASSED  [ 83%]
tests/test_phase_engine.py::TestVixInRanges::test_multiple_ranges PASSED [ 83%]
tests/test_phase_engine.py::TestWeakRegimeSmaCheck::test_weak_regime_true PASSED [ 83%]
tests/test_phase_engine.py::TestWeakRegimeSmaCheck::test_not_weak_when_above_sma200 PASSED [ 83%]
tests/test_phase_engine.py::TestWeakRegimeSmaCheck::test_not_weak_when_below_sma3 PASSED [ 83%]
tests/test_phase_engine.py::TestS7Signals::test_overnight_fires_vix_22 PASSED [ 83%]
tests/test_phase_engine.py::TestS7Signals::test_overnight_blocked_vix_35 PASSED [ 84%]
tests/test_phase_engine.py::TestS7Signals::test_overnight_fires_vix_45 PASSED [ 84%]
tests/test_phase_engine.py::TestS7Signals::test_rth_fires_vix_22 PASSED  [ 84%]
tests/test_phase_engine.py::TestS7Signals::test_rth_blocked_vix_28 PASSED [ 84%]
tests/test_phase_engine.py::TestS7Signals::test_rth_fires_vix_35 PASSED  [ 84%]
tests/test_phase_engine.py::TestOvernightRouter::test_returns_signal_for_qqq PASSED [ 84%]
tests/test_phase_engine.py::TestOvernightRouter::test_returns_signal_for_spy PASSED [ 84%]
tests/test_phase_engine.py::TestOvernightRouter::test_empty_for_non_s7_ticker SUCCESS: get_reddit_company_news from vendor 'local' completed successfully
SUCCESS: Vendor 'local' succeeded - Got 3 result(s)
FINAL: Method 'get_news' completed with 5 result(s) from 3 vendor attempt(s)
DEBUG: get_news - Primary: [xai → google → alpha_vantage] | Full fallback order: [xai → google → alpha_vantage → openai → local]
INFO: Skipping vendor 'xai' for 'get_news' (disabled for this process)
DEBUG: Attempting PRIMARY vendor 'google' for get_news (attempt #1)
DEBUG: Calling get_google_news from vendor 'google'...
PASSED [ 84%]
tests/test_phase_engine.py::TestOvernightRouter::test_empty_for_iwm PASSED [ 85%]
tests/test_phase_engine.py::TestOvernightRouter::test_rth_router_includes_s7b PASSED [ 85%]
tests/test_phase_engine.py::TestScannerListReturn::test_scan_ticker_returns_list PASSED [ 85%]
tests/test_phase_engine.py::TestScannerListReturn::test_scan_ticker_empty_returns_empty_list PASSED [ 85%]
tests/test_phase_engine.py::TestScannerListReturn::test_scan_ticker_signal_has_session_field PASSED [ 85%]
tests/test_phase_overlay.py::test_init_default PASSED                    [ 85%]
tests/test_phase_overlay.py::test_init_live PASSED                       [ 85%]
tests/test_phase_overlay.py::test_get_signals_returns_overlay_signals PASSED [ 86%]
tests/test_phase_overlay.py::test_get_signals_empty PASSED               [ 86%]
tests/test_phase_overlay.py::test_get_signals_respects_live_flag PASSED  [ 86%]
tests/test_phase_overlay.py::test_build_order_intents_basic PASSED       [ 86%]
tests/test_phase_overlay.py::test_build_order_intents_equal_weight_sizing PASSED [ 86%]
tests/test_phase_overlay.py::test_build_order_intents_respects_max_overlay_pct PASSED [ 86%]
tests/test_phase_overlay.py::test_build_order_intents_reference_price_used_not_close_price PASSED [ 86%]
tests/test_phase_overlay.py::test_build_order_intents_empty_signals PASSED [ 86%]
tests/test_phase_overlay.py::test_build_order_intents_no_price_skips_signal PASSED [ 87%]
tests/test_phase_overlay.py::test_build_order_intents_zero_price_skips_signal PASSED [ 87%]
tests/test_phase_overlay.py::test_build_order_intents_mixed_signals_skip_invalid PASSED [ 87%]
tests/test_phase_overlay.py::test_build_order_intents_whole_shares_enforcement PASSED [ 87%]
tests/test_phase_overlay.py::test_build_order_intents_fractional_ok_default PASSED [ 87%]
tests/test_phase_overlay.py::test_exit_rule_phase_engine_eod PASSED      [ 87%]
tests/test_phase_overlay.py::test_exit_rule_phase_engine_multi_day PASSED [ 87%]
tests/test_phase_overlay.py::test_exit_rule_not_triggered_for_non_overlay PASSED [ 87%]
tests/test_phase_overlay.py::test_exit_rule_not_triggered_on_day_zero PASSED [ 88%]
tests/test_phase_overlay.py::test_exit_rule_playbook_case_insensitive PASSED [ 88%]
tests/test_phase_overlay.py::test_build_order_intents_multiple_signals_all_valid PASSED [ 88%]
tests/test_phase_overlay.py::test_build_order_intents_client_order_id_uniqueness PASSED [ 88%]
tests/test_phase_overlay.py::test_build_order_intents_rating_id_format PASSED [ 88%]
tests/test_price_slip_guard.py::test_resolve_intent_expires_when_price_slip_exceeds_threshold PASSED [ 88%]
tests/test_price_slip_guard.py::test_resolve_intent_expires_when_latency_too_high PASSED [ 88%]
tests/test_regime_weights.py::TestRegimeWeights::test_all_regimes_sum_to_one PASSED [ 88%]
tests/test_regime_weights.py::TestRegimeWeights::test_default_is_neutral PASSED [ 89%]
tests/test_regime_weights.py::TestRegimeWeights::test_unknown_regime_returns_default PASSED [ 89%]
tests/test_regime_weights.py::TestRegimeWeights::test_regime_weight_keys PASSED [ 89%]
tests/test_regime_weights.py::TestRegimeWeights::test_bear_regime_weights PASSED [ 89%]
tests/test_regime_weights.py::TestRegimeWeights::test_euphoria_coherence_highest PASSED [ 89%]
tests/test_sector_context.py::test_sector_context_uses_baseline_when_yfinance_unavailable PASSED [ 89%]
tests/test_sector_context.py::test_sector_context_normalizes_symbol_variants PASSED [ 89%]
tests/test_sector_context.py::test_sector_context_uses_dealflow_sector_cache PASSED [ 89%]
tests/test_sentiment_engine.py::TestDirectionFromScore::test_bullish PASSED [ 90%]
tests/test_sentiment_engine.py::TestDirectionFromScore::test_bearish PASSED [ 90%]
tests/test_sentiment_engine.py::TestDirectionFromScore::test_neutral PASSED [ 90%]
tests/test_sentiment_engine.py::TestDirectionFromScore::test_boundary_bullish PASSED [ 90%]
tests/test_sentiment_engine.py::TestDirectionFromScore::test_boundary_bearish PASSED [ 90%]
tests/test_sentiment_engine.py::TestExtractAvSentiment::test_happy_path PASSED [ 90%]
tests/test_sentiment_engine.py::TestExtractAvSentiment::test_empty_response PASSED [ 90%]
tests/test_sentiment_engine.py::TestExtractAvSentiment::test_none_response PASSED [ 91%]
tests/test_sentiment_engine.py::TestExtractAvSentiment::test_not_av_format PASSED [ 91%]
tests/test_sentiment_engine.py::TestExtractAvSentiment::test_no_articles PASSED [ 91%]
tests/test_sentiment_engine.py::TestExtractAvSentiment::test_negative_sentiment PASSED [ 91%]
tests/test_sentiment_engine.py::TestExtractAvSentiment::test_catalyst_detection PASSED [ 91%]
tests/test_sentiment_engine.py::TestExtractAvSentiment::test_ticker_specific_score PASSED [ 91%]
tests/test_sentiment_engine.py::TestExtractAvSentiment::test_extra_fields PASSED [ 91%]
tests/test_sentiment_engine.py::TestScoreTextSentiment::test_empty_text PASSED [ 91%]
tests/test_sentiment_engine.py::TestScoreTextSentiment::test_bullish_text PASSED [ 92%]
tests/test_sentiment_engine.py::TestScoreTextSentiment::test_bearish_text PASSED [ 92%]
tests/test_sentiment_engine.py::TestScoreTextSentiment::test_negation PASSED [ 92%]
tests/test_sentiment_engine.py::TestScoreTextSentiment::test_catalyst_detection PASSED [ 92%]
tests/test_sentiment_engine.py::TestScoreTextSentiment::test_mixed_signals PASSED [ 92%]
tests/test_sentiment_engine.py::TestBuildSentimentSnapshot::test_with_av_and_text PASSED [ 92%]
tests/test_sentiment_engine.py::TestBuildSentimentSnapshot::test_av_only PASSED [ 92%]
tests/test_sentiment_engine.py::TestBuildSentimentSnapshot::test_text_only PASSED [ 92%]
tests/test_sentiment_engine.py::TestBuildSentimentSnapshot::test_no_data PASSED [ 93%]
tests/test_sentiment_engine.py::TestBuildSentimentSnapshot::test_snapshot_keys PASSED [ 93%]
tests/test_sentiment_reviewer.py::TestCreateSentimentReviewer::test_basic_invocation PASSED [ 93%]
tests/test_sentiment_reviewer.py::TestCreateSentimentReviewer::test_enhanced_report_format PASSED [ 93%]
tests/test_sentiment_reviewer.py::TestCreateSentimentReviewer::test_no_analyst_report PASSED [ 93%]
tests/test_sentiment_reviewer.py::TestCreateSentimentReviewer::test_fundamentals_context_included PASSED [ 93%]
tests/test_sentiment_reviewer.py::TestCreateSentimentReviewer::test_metrics_graceful_degradation PASSED [ 93%]
tests/test_sentiment_reviewer.py::TestGatherAnalystContext::test_no_directory PASSED [ 93%]
tests/test_sentiment_reviewer.py::TestGatherAnalystContext::test_no_matching_ticker PASSED [ 94%]
tests/test_sentiment_reviewer.py::TestGatherAnalystContext::test_matching_ticker PASSED [ 94%]
tests/test_sentiment_reviewer.py::TestGatherAnalystContext::test_case_insensitive_ticker PASSED [ 94%]
tests/test_sentiment_reviewer.py::TestGatherAnalystContext::test_included_in_reviewer_prompt PASSED [ 94%]
tests/test_sentiment_reviewer.py::TestDealflowBridge::test_metrics_from_dealflow_basic PASSED [ 94%]
tests/test_sentiment_reviewer.py::TestDealflowBridge::test_reviewer_uses_dealflow_context PASSED [ 94%]
tests/test_sentiment_reviewer.py::TestDealflowBridge::test_reviewer_falls_back_without_dealflow PASSED [ 94%]
tests/test_sentiment_reviewer.py::TestDealflowBridge::test_dealflow_signals_in_reviewer_prompt PASSED [ 94%]
tests/test_thesis_check.py::test_thesis_check_valid_json PASSED          [ 95%]
tests/test_thesis_check.py::test_thesis_check_fallback_on_invalid_response PASSED [ 95%]
tests/test_track_record_accuracy.py::test_accuracy_by_sector PASSED      [ 95%]
tests/test_track_record_accuracy.py::test_accuracy_by_confidence PASSED  [ 95%]
tests/test_triage_cas_undo.py::test_triage_undo_requires_matching_record_hash PASSED [ 95%]
tests/test_triage_cas_undo.py::test_undo_writes_terminal_receipt PASSED  [ 95%]
tests/test_triple_barrier.py::TestLongStopLoss::test_stop_triggered_by_low PASSED [ 95%]
tests/test_triple_barrier.py::TestLongStopLoss::test_stop_not_triggered_when_low_above_stop PASSED [ 96%]
tests/test_triple_barrier.py::TestLongTakeProfit::test_tp_triggered_by_high PASSED [ 96%]
tests/test_triple_barrier.py::TestLongTakeProfit::test_tp_pnl_correct PASSED [ 96%]
tests/test_triple_barrier.py::TestTimeLimitExit::test_time_limit_triggers_at_correct_bar PASSED [ 96%]
tests/test_triple_barrier.py::TestTimeLimitExit::test_time_limit_exit_price_is_close PASSED [ 96%]
tests/test_triple_barrier.py::TestTrailingStop::test_trailing_stop_activates_and_trails PASSED [ 96%]
tests/test_triple_barrier.py::TestTrailingStop::test_trailing_stop_does_not_activate_early PASSED [ 96%]
tests/test_triple_barrier.py::TestTrailingStop::test_trailing_stop_short_side PASSED [ 96%]
tests/test_triple_barrier.py::TestShortSide::test_short_stop_loss_triggers_on_high PASSED [ 97%]
tests/test_triple_barrier.py::TestShortSide::test_short_take_profit_triggers_on_low PASSED [ 97%]
tests/test_triple_barrier.py::TestShortSide::test_short_pnl_sign_correct PASSED [ 97%]
tests/test_triple_barrier.py::TestEdgeCases::test_entry_at_last_bar_returns_end_of_data PASSED [ 97%]
tests/test_triple_barrier.py::TestEdgeCases::test_entry_at_second_to_last_bar_runs_one_bar PASSED [ 97%]
tests/test_triple_barrier.py::TestEdgeCases::test_end_of_data_exit_when_no_barriers_hit PASSED [ 97%]
tests/test_triple_barrier.py::TestEdgeCases::test_stop_priority_over_tp_same_bar PASSED [ 97%]
tests/test_triple_barrier.py::TestEdgeCases::test_custom_entry_price PASSED [ 97%]
tests/test_triple_barrier.py::TestSummarizeResults::test_n_positions PASSED [ 98%]
tests/test_triple_barrier.py::TestSummarizeResults::test_win_rate PASSED [ 98%]
tests/test_triple_barrier.py::TestSummarizeResults::test_profit_factor PASSED [ 98%]
tests/test_triple_barrier.py::TestSummarizeResults::test_max_drawdown PASSED [ 98%]
tests/test_triple_barrier.py::TestSummarizeResults::test_exit_type_breakdown PASSED [ 98%]
tests/test_triple_barrier.py::TestSummarizeResults::test_sharpe_nonzero PASSED [ 98%]
tests/test_triple_barrier.py::TestSummarizeResults::test_sortino_nonzero PASSED [ 98%]
tests/test_triple_barrier.py::TestSummarizeResults::test_empty_input_returns_zeroed_dict PASSED [ 98%]
tests/test_triple_barrier.py::TestSummarizeResults::test_all_wins_profit_factor_is_inf PASSED [ 99%]
tests/test_triple_barrier.py::TestVolScaling::test_vol_scaling_proportional PASSED [ 99%]
tests/test_triple_barrier.py::TestVolScaling::test_vol_scaling_zero_baseline_returns_self PASSED [ 99%]
tests/test_triple_barrier.py::TestVolScaling::test_vol_scaling_no_trailing_stop PASSED [ 99%]
tests/test_triple_barrier.py::TestSimulateSignals::test_skips_last_bar PASSED [ 99%]
tests/test_triple_barrier.py::TestSimulateSignals::test_multiple_signals_all_valid PASSED [ 99%]
tests/test_triple_barrier.py::TestSimulateSignals::test_empty_signals_returns_empty PASSED [ 99%]
tests/test_triple_barrier.py::TestSimulateSignals::test_mfe_mae_computed_for_signals PASSED [100%]

=================================== FAILURES ===================================
___________ TestCIWorkflowStructure.test_ci_workflow_has_on_trigger ____________
tests/test_ci_config.py:53: in test_ci_workflow_has_on_trigger
    assert "on" in ci_config, "Workflow must have 'on' field for triggers"
E   AssertionError: Workflow must have 'on' field for triggers
E   assert 'on' in {'name': 'CI', True: {'pull_request': {'branches': ['main']}, 'push': {'branches': ['main', 'feature/*']}}, 'jobs': {'test': {'runs-on': 'ubuntu-latest', 'steps': [{'uses': 'actions/checkout@v4'}, {'uses': 'actions/setup-python@v5', 'with': {'python-version': '3.12'}}, {'name': 'Install dependencies', 'run': 'pip install -r requirements.txt'}, {'name': 'Run tests', 'run': 'python -m pytest tests/ -v --tb=short'}, {'name': 'Syntax check', 'run': 'python -c "import ast; import glob; [ast.parse(open(f).read()) for f in glob.glob(\'**/*.py\', recursive=True)]"'}]}}}
_______________ TestCIJobStructure.test_job_has_strategy_matrix ________________
tests/test_ci_config.py:88: in test_job_has_strategy_matrix
    assert "strategy" in test_job, "Job must have a strategy"
E   AssertionError: Job must have a strategy
E   assert 'strategy' in {'runs-on': 'ubuntu-latest', 'steps': [{'uses': 'actions/checkout@v4'}, {'uses': 'actions/setup-python@v5', 'with': {'python-version': '3.12'}}, {'name': 'Install dependencies', 'run': 'pip install -r requirements.txt'}, {'name': 'Run tests', 'run': 'python -m pytest tests/ -v --tb=short'}, {'name': 'Syntax check', 'run': 'python -c "import ast; import glob; [ast.parse(open(f).read()) for f in glob.glob(\'**/*.py\', recursive=True)]"'}]}
___________ TestCIJobStructure.test_matrix_includes_python_versions ____________
tests/test_ci_config.py:95: in test_matrix_includes_python_versions
    matrix = test_job["strategy"]["matrix"]
             ^^^^^^^^^^^^^^^^^^^^
E   KeyError: 'strategy'
____________________ TestCIDependencies.test_has_pip_cache _____________________
tests/test_ci_config.py:167: in test_has_pip_cache
    assert has_cache, "Job must configure pip caching (via actions/cache or setup-python cache)"
E   AssertionError: Job must configure pip caching (via actions/cache or setup-python cache)
E   assert False
___________________ TestCIDependencies.test_installs_pytest ____________________
tests/test_ci_config.py:181: in test_installs_pytest
    assert pip_install_found, "Job must install pytest"
E   AssertionError: Job must install pytest
E   assert False
_______________ TestCIConcurrency.test_workflow_has_concurrency ________________
tests/test_ci_config.py:202: in test_workflow_has_concurrency
    assert has_concurrency, \
E   AssertionError: Workflow or jobs must define concurrency to cancel superseded runs
E   assert False
_________________ TestCITriggers.test_triggers_on_push_and_pr __________________
tests/test_ci_config.py:237: in test_triggers_on_push_and_pr
    assert "push" in triggers or "pull_request" in triggers, \
E   AssertionError: Workflow must trigger on push and/or pull_request events
E   assert ('push' in {} or 'pull_request' in {})
_______ test_source_command_json_format_emits_artifacts_and_audit_event ________
tests/test_cli_dealflow.py:153: in test_source_command_json_format_emits_artifacts_and_audit_event
    parsed = _extract_json(result.stdout)
             ^^^^^^^^^^^^^^^^^^^^^^^^^^^^
tests/test_cli_dealflow.py:38: in _extract_json
    return json.loads("\n".join(lines[idx:]))
           ^^^^^^^^^^^^^^^^^^^^^^^^^^^^^^^^^^
/Library/Frameworks/Python.framework/Versions/3.14/lib/python3.14/json/__init__.py:352: in loads
    return _default_decoder.decode(s)
           ^^^^^^^^^^^^^^^^^^^^^^^^^^
/Library/Frameworks/Python.framework/Versions/3.14/lib/python3.14/json/decoder.py:345: in decode
    obj, end = self.raw_decode(s, idx=_w(s, 0).end())
               ^^^^^^^^^^^^^^^^^^^^^^^^^^^^^^^^^^^^^^
/Library/Frameworks/Python.framework/Versions/3.14/lib/python3.14/json/decoder.py:361: in raw_decode
    obj, end = self.scan_once(s, idx)
               ^^^^^^^^^^^^^^^^^^^^^^
E   json.decoder.JSONDecodeError: Invalid control character at: line 41 column 81 (char 1239)
__________________ test_queue_command_json_reads_queue_loader __________________
tests/test_cli_dealflow.py:179: in test_queue_command_json_reads_queue_loader
    with patch("cli.main._load_research_queue", return_value=(queue_data, Path("eval_results/deal_flow/latest_research_queue.json"))):
         ^^^^^^^^^^^^^^^^^^^^^^^^^^^^^^^^^^^^^^^^^^^^^^^^^^^^^^^^^^^^^^^^^^^^^^^^^^^^^^^^^^^^^^^^^^^^^^^^^^^^^^^^^^^^^^^^^^^^^^^^^^^^
/Library/Frameworks/Python.framework/Versions/3.14/lib/python3.14/unittest/mock.py:1503: in __enter__
    original, local = self.get_original()
                      ^^^^^^^^^^^^^^^^^^^
/Library/Frameworks/Python.framework/Versions/3.14/lib/python3.14/unittest/mock.py:1473: in get_original
    raise AttributeError(
E   AttributeError: <module 'cli.main' from '/Users/aeternusholdings/Documents/AeternusAgents-opus46/cli/main.py'> does not have the attribute '_load_research_queue'
_____________ test_analyze_from_queue_id_uses_queue_selection_path _____________
tests/test_cli_dealflow.py:201: in test_analyze_from_queue_id_uses_queue_selection_path
    with patch("cli.main._find_queue_item", return_value=(queue_item, queue_data, Path("eval_results/deal_flow/latest_research_queue.json"))) as find_mock, patch(
         ^^^^^^^^^^^^^^^^^^^^^^^^^^^^^^^^^^^^^^^^^^^^^^^^^^^^^^^^^^^^^^^^^^^^^^^^^^^^^^^^^^^^^^^^^^^^^^^^^^^^^^^^^^^^^^^^^^^^^^^^^^^^^^^^^^^^
/Library/Frameworks/Python.framework/Versions/3.14/lib/python3.14/unittest/mock.py:1503: in __enter__
    original, local = self.get_original()
                      ^^^^^^^^^^^^^^^^^^^
/Library/Frameworks/Python.framework/Versions/3.14/lib/python3.14/unittest/mock.py:1473: in get_original
    raise AttributeError(
E   AttributeError: <module 'cli.main' from '/Users/aeternusholdings/Documents/AeternusAgents-opus46/cli/main.py'> does not have the attribute '_find_queue_item'
______________ test_analyze_from_queue_id_not_found_returns_error ______________
tests/test_cli_dealflow.py:215: in test_analyze_from_queue_id_not_found_returns_error
    with patch("cli.main._find_queue_item", side_effect=ValueError("missing queue id")):
         ^^^^^^^^^^^^^^^^^^^^^^^^^^^^^^^^^^^^^^^^^^^^^^^^^^^^^^^^^^^^^^^^^^^^^^^^^^^^^^
/Library/Frameworks/Python.framework/Versions/3.14/lib/python3.14/unittest/mock.py:1503: in __enter__
    original, local = self.get_original()
                      ^^^^^^^^^^^^^^^^^^^
/Library/Frameworks/Python.framework/Versions/3.14/lib/python3.14/unittest/mock.py:1473: in get_original
    raise AttributeError(
E   AttributeError: <module 'cli.main' from '/Users/aeternusholdings/Documents/AeternusAgents-opus46/cli/main.py'> does not have the attribute '_find_queue_item'
______________ test_orchestrate_command_json_mode_wires_scheduler ______________
tests/test_cli_dealflow.py:243: in test_orchestrate_command_json_mode_wires_scheduler
    assert parsed["ran"] is True
E   assert False is True
_______________ test_step1_readiness_command_json_emits_snapshot _______________
tests/test_cli_dealflow.py:259: in test_step1_readiness_command_json_emits_snapshot
    with patch("cli.main.evaluate_step1_readiness", return_value=snapshot), patch(
         ^^^^^^^^^^^^^^^^^^^^^^^^^^^^^^^^^^^^^^^^^^^^^^^^^^^^^^^^^^^^^^^^^
/Library/Frameworks/Python.framework/Versions/3.14/lib/python3.14/unittest/mock.py:1503: in __enter__
    original, local = self.get_original()
                      ^^^^^^^^^^^^^^^^^^^
/Library/Frameworks/Python.framework/Versions/3.14/lib/python3.14/unittest/mock.py:1473: in get_original
    raise AttributeError(
E   AttributeError: <module 'cli.main' from '/Users/aeternusholdings/Documents/AeternusAgents-opus46/cli/main.py'> does not have the attribute 'evaluate_step1_readiness'
______________ test_evidence_telemetry_command_json_emits_report _______________
tests/test_cli_dealflow.py:300: in test_evidence_telemetry_command_json_emits_report
    with patch("cli.main.build_evidence_telemetry", return_value=(report, artifacts)):
         ^^^^^^^^^^^^^^^^^^^^^^^^^^^^^^^^^^^^^^^^^^^^^^^^^^^^^^^^^^^^^^^^^^^^^^^^^^^^
/Library/Frameworks/Python.framework/Versions/3.14/lib/python3.14/unittest/mock.py:1503: in __enter__
    original, local = self.get_original()
                      ^^^^^^^^^^^^^^^^^^^
/Library/Frameworks/Python.framework/Versions/3.14/lib/python3.14/unittest/mock.py:1473: in get_original
    raise AttributeError(
E   AttributeError: <module 'cli.main' from '/Users/aeternusholdings/Documents/AeternusAgents-opus46/cli/main.py'> does not have the attribute 'build_evidence_telemetry'
_____________ test_load_batch_summary_prefers_non_dry_run_artifact _____________
tests/test_cli_dealflow.py:346: in test_load_batch_summary_prefers_non_dry_run_artifact
    with patch("cli.main._dealflow_base_dir", return_value=tmp_path / "deal_flow"):
         ^^^^^^^^^^^^^^^^^^^^^^^^^^^^^^^^^^^^^^^^^^^^^^^^^^^^^^^^^^^^^^^^^^^^^^^^^
/Library/Frameworks/Python.framework/Versions/3.14/lib/python3.14/unittest/mock.py:1503: in __enter__
    original, local = self.get_original()
                      ^^^^^^^^^^^^^^^^^^^
/Library/Frameworks/Python.framework/Versions/3.14/lib/python3.14/unittest/mock.py:1473: in get_original
    raise AttributeError(
E   AttributeError: <module 'cli.main' from '/Users/aeternusholdings/Documents/AeternusAgents-opus46/cli/main.py'> does not have the attribute '_dealflow_base_dir'
______________ test_analyze_batch_selected_only_runs_marked_items ______________
tests/test_cli_dealflow.py:375: in test_analyze_batch_selected_only_runs_marked_items
    with patch("cli.main._load_research_queue", return_value=(queue_data, Path("eval_results/deal_flow/latest_research_queue.json"))), patch(
         ^^^^^^^^^^^^^^^^^^^^^^^^^^^^^^^^^^^^^^^^^^^^^^^^^^^^^^^^^^^^^^^^^^^^^^^^^^^^^^^^^^^^^^^^^^^^^^^^^^^^^^^^^^^^^^^^^^^^^^^^^^^^
/Library/Frameworks/Python.framework/Versions/3.14/lib/python3.14/unittest/mock.py:1503: in __enter__
    original, local = self.get_original()
                      ^^^^^^^^^^^^^^^^^^^
/Library/Frameworks/Python.framework/Versions/3.14/lib/python3.14/unittest/mock.py:1473: in get_original
    raise AttributeError(
E   AttributeError: <module 'cli.main' from '/Users/aeternusholdings/Documents/AeternusAgents-opus46/cli/main.py'> does not have the attribute '_load_research_queue'
__________ test_analyze_batch_default_uses_quick_mode_for_unselected ___________
tests/test_cli_dealflow.py:442: in test_analyze_batch_default_uses_quick_mode_for_unselected
    with patch("cli.main._load_research_queue", return_value=(queue_data, Path("eval_results/deal_flow/latest_research_queue.json"))), patch(
         ^^^^^^^^^^^^^^^^^^^^^^^^^^^^^^^^^^^^^^^^^^^^^^^^^^^^^^^^^^^^^^^^^^^^^^^^^^^^^^^^^^^^^^^^^^^^^^^^^^^^^^^^^^^^^^^^^^^^^^^^^^^^
/Library/Frameworks/Python.framework/Versions/3.14/lib/python3.14/unittest/mock.py:1503: in __enter__
    original, local = self.get_original()
                      ^^^^^^^^^^^^^^^^^^^
/Library/Frameworks/Python.framework/Versions/3.14/lib/python3.14/unittest/mock.py:1473: in get_original
    raise AttributeError(
E   AttributeError: <module 'cli.main' from '/Users/aeternusholdings/Documents/AeternusAgents-opus46/cli/main.py'> does not have the attribute '_load_research_queue'
______ test_analyze_batch_quick_mode_uses_cached_report_when_json_missing ______
tests/test_cli_dealflow.py:492: in test_analyze_batch_quick_mode_uses_cached_report_when_json_missing
    with patch("cli.main._load_research_queue", return_value=(queue_data, Path("eval_results/deal_flow/latest_research_queue.json"))), patch(
         ^^^^^^^^^^^^^^^^^^^^^^^^^^^^^^^^^^^^^^^^^^^^^^^^^^^^^^^^^^^^^^^^^^^^^^^^^^^^^^^^^^^^^^^^^^^^^^^^^^^^^^^^^^^^^^^^^^^^^^^^^^^^
/Library/Frameworks/Python.framework/Versions/3.14/lib/python3.14/unittest/mock.py:1503: in __enter__
    original, local = self.get_original()
                      ^^^^^^^^^^^^^^^^^^^
/Library/Frameworks/Python.framework/Versions/3.14/lib/python3.14/unittest/mock.py:1473: in get_original
    raise AttributeError(
E   AttributeError: <module 'cli.main' from '/Users/aeternusholdings/Documents/AeternusAgents-opus46/cli/main.py'> does not have the attribute '_load_research_queue'
_______ test_analyze_batch_dry_run_includes_unselected_without_execution _______
tests/test_cli_dealflow.py:536: in test_analyze_batch_dry_run_includes_unselected_without_execution
    with patch("cli.main._load_research_queue", return_value=(queue_data, Path("eval_results/deal_flow/latest_research_queue.json"))), patch(
         ^^^^^^^^^^^^^^^^^^^^^^^^^^^^^^^^^^^^^^^^^^^^^^^^^^^^^^^^^^^^^^^^^^^^^^^^^^^^^^^^^^^^^^^^^^^^^^^^^^^^^^^^^^^^^^^^^^^^^^^^^^^^
/Library/Frameworks/Python.framework/Versions/3.14/lib/python3.14/unittest/mock.py:1503: in __enter__
    original, local = self.get_original()
                      ^^^^^^^^^^^^^^^^^^^
/Library/Frameworks/Python.framework/Versions/3.14/lib/python3.14/unittest/mock.py:1473: in get_original
    raise AttributeError(
E   AttributeError: <module 'cli.main' from '/Users/aeternusholdings/Documents/AeternusAgents-opus46/cli/main.py'> does not have the attribute '_load_research_queue'
____________ test_analyze_batch_returns_nonzero_when_any_item_fails ____________
tests/test_cli_dealflow.py:575: in test_analyze_batch_returns_nonzero_when_any_item_fails
    with patch("cli.main._load_research_queue", return_value=(queue_data, Path("eval_results/deal_flow/latest_research_queue.json"))), patch(
         ^^^^^^^^^^^^^^^^^^^^^^^^^^^^^^^^^^^^^^^^^^^^^^^^^^^^^^^^^^^^^^^^^^^^^^^^^^^^^^^^^^^^^^^^^^^^^^^^^^^^^^^^^^^^^^^^^^^^^^^^^^^^
/Library/Frameworks/Python.framework/Versions/3.14/lib/python3.14/unittest/mock.py:1503: in __enter__
    original, local = self.get_original()
                      ^^^^^^^^^^^^^^^^^^^
/Library/Frameworks/Python.framework/Versions/3.14/lib/python3.14/unittest/mock.py:1473: in get_original
    raise AttributeError(
E   AttributeError: <module 'cli.main' from '/Users/aeternusholdings/Documents/AeternusAgents-opus46/cli/main.py'> does not have the attribute '_load_research_queue'
___________ test_analyze_batch_marks_timeout_as_failed_with_code_124 ___________
tests/test_cli_dealflow.py:606: in test_analyze_batch_marks_timeout_as_failed_with_code_124
    with patch("cli.main._load_research_queue", return_value=(queue_data, Path("eval_results/deal_flow/latest_research_queue.json"))), patch(
         ^^^^^^^^^^^^^^^^^^^^^^^^^^^^^^^^^^^^^^^^^^^^^^^^^^^^^^^^^^^^^^^^^^^^^^^^^^^^^^^^^^^^^^^^^^^^^^^^^^^^^^^^^^^^^^^^^^^^^^^^^^^^
/Library/Frameworks/Python.framework/Versions/3.14/lib/python3.14/unittest/mock.py:1503: in __enter__
    original, local = self.get_original()
                      ^^^^^^^^^^^^^^^^^^^
/Library/Frameworks/Python.framework/Versions/3.14/lib/python3.14/unittest/mock.py:1473: in get_original
    raise AttributeError(
E   AttributeError: <module 'cli.main' from '/Users/aeternusholdings/Documents/AeternusAgents-opus46/cli/main.py'> does not have the attribute '_load_research_queue'
__________ test_analyze_batch_uses_cached_report_when_execution_fails __________
tests/test_cli_dealflow.py:658: in test_analyze_batch_uses_cached_report_when_execution_fails
    with patch("cli.main._load_research_queue", return_value=(queue_data, Path("eval_results/deal_flow/latest_research_queue.json"))), patch(
         ^^^^^^^^^^^^^^^^^^^^^^^^^^^^^^^^^^^^^^^^^^^^^^^^^^^^^^^^^^^^^^^^^^^^^^^^^^^^^^^^^^^^^^^^^^^^^^^^^^^^^^^^^^^^^^^^^^^^^^^^^^^^
/Library/Frameworks/Python.framework/Versions/3.14/lib/python3.14/unittest/mock.py:1503: in __enter__
    original, local = self.get_original()
                      ^^^^^^^^^^^^^^^^^^^
/Library/Frameworks/Python.framework/Versions/3.14/lib/python3.14/unittest/mock.py:1473: in get_original
    raise AttributeError(
E   AttributeError: <module 'cli.main' from '/Users/aeternusholdings/Documents/AeternusAgents-opus46/cli/main.py'> does not have the attribute '_load_research_queue'
__________ test_analyze_batch_emits_attribution_by_lane_and_playbook ___________
tests/test_cli_dealflow.py:720: in test_analyze_batch_emits_attribution_by_lane_and_playbook
    with patch("cli.main._load_research_queue", return_value=(queue_data, Path("eval_results/deal_flow/latest_research_queue.json"))), patch(
         ^^^^^^^^^^^^^^^^^^^^^^^^^^^^^^^^^^^^^^^^^^^^^^^^^^^^^^^^^^^^^^^^^^^^^^^^^^^^^^^^^^^^^^^^^^^^^^^^^^^^^^^^^^^^^^^^^^^^^^^^^^^^
/Library/Frameworks/Python.framework/Versions/3.14/lib/python3.14/unittest/mock.py:1503: in __enter__
    original, local = self.get_original()
                      ^^^^^^^^^^^^^^^^^^^
/Library/Frameworks/Python.framework/Versions/3.14/lib/python3.14/unittest/mock.py:1473: in get_original
    raise AttributeError(
E   AttributeError: <module 'cli.main' from '/Users/aeternusholdings/Documents/AeternusAgents-opus46/cli/main.py'> does not have the attribute '_load_research_queue'
____________ test_analyze_batch_emits_attribution_by_signal_family _____________
tests/test_cli_dealflow.py:791: in test_analyze_batch_emits_attribution_by_signal_family
    with patch("cli.main._load_research_queue", return_value=(queue_data, Path("eval_results/deal_flow/latest_research_queue.json"))), patch(
         ^^^^^^^^^^^^^^^^^^^^^^^^^^^^^^^^^^^^^^^^^^^^^^^^^^^^^^^^^^^^^^^^^^^^^^^^^^^^^^^^^^^^^^^^^^^^^^^^^^^^^^^^^^^^^^^^^^^^^^^^^^^^
/Library/Frameworks/Python.framework/Versions/3.14/lib/python3.14/unittest/mock.py:1503: in __enter__
    original, local = self.get_original()
                      ^^^^^^^^^^^^^^^^^^^
/Library/Frameworks/Python.framework/Versions/3.14/lib/python3.14/unittest/mock.py:1473: in get_original
    raise AttributeError(
E   AttributeError: <module 'cli.main' from '/Users/aeternusholdings/Documents/AeternusAgents-opus46/cli/main.py'> does not have the attribute '_load_research_queue'
_________ test_analyze_batch_realized_attribution_by_lane_and_playbook _________
tests/test_cli_dealflow.py:862: in test_analyze_batch_realized_attribution_by_lane_and_playbook
    with patch("cli.main._load_research_queue", return_value=(queue_data, Path("eval_results/deal_flow/latest_research_queue.json"))), patch(
         ^^^^^^^^^^^^^^^^^^^^^^^^^^^^^^^^^^^^^^^^^^^^^^^^^^^^^^^^^^^^^^^^^^^^^^^^^^^^^^^^^^^^^^^^^^^^^^^^^^^^^^^^^^^^^^^^^^^^^^^^^^^^
/Library/Frameworks/Python.framework/Versions/3.14/lib/python3.14/unittest/mock.py:1503: in __enter__
    original, local = self.get_original()
                      ^^^^^^^^^^^^^^^^^^^
/Library/Frameworks/Python.framework/Versions/3.14/lib/python3.14/unittest/mock.py:1473: in get_original
    raise AttributeError(
E   AttributeError: <module 'cli.main' from '/Users/aeternusholdings/Documents/AeternusAgents-opus46/cli/main.py'> does not have the attribute '_load_research_queue'
________ test_analyze_batch_realized_attribution_marks_pending_horizon _________
tests/test_cli_dealflow.py:924: in test_analyze_batch_realized_attribution_marks_pending_horizon
    with patch("cli.main._load_research_queue", return_value=(queue_data, Path("eval_results/deal_flow/latest_research_queue.json"))), patch(
         ^^^^^^^^^^^^^^^^^^^^^^^^^^^^^^^^^^^^^^^^^^^^^^^^^^^^^^^^^^^^^^^^^^^^^^^^^^^^^^^^^^^^^^^^^^^^^^^^^^^^^^^^^^^^^^^^^^^^^^^^^^^^
/Library/Frameworks/Python.framework/Versions/3.14/lib/python3.14/unittest/mock.py:1503: in __enter__
    original, local = self.get_original()
                      ^^^^^^^^^^^^^^^^^^^
/Library/Frameworks/Python.framework/Versions/3.14/lib/python3.14/unittest/mock.py:1473: in get_original
    raise AttributeError(
E   AttributeError: <module 'cli.main' from '/Users/aeternusholdings/Documents/AeternusAgents-opus46/cli/main.py'> does not have the attribute '_load_research_queue'
_____________________ test_watchlist_add_list_remove_json ______________________
tests/test_cli_dealflow.py:947: in test_watchlist_add_list_remove_json
    with patch.dict("cli.main.DEFAULT_CONFIG", {"dealflow_manual_watchlist_path": str(watchlist_path)}, clear=False):
         ^^^^^^^^^^^^^^^^^^^^^^^^^^^^^^^^^^^^^^^^^^^^^^^^^^^^^^^^^^^^^^^^^^^^^^^^^^^^^^^^^^^^^^^^^^^^^^^^^^^^^^^^^^^
/Library/Frameworks/Python.framework/Versions/3.14/lib/python3.14/unittest/mock.py:1930: in __enter__
    self._patch_dict()
/Library/Frameworks/Python.framework/Versions/3.14/lib/python3.14/unittest/mock.py:1937: in _patch_dict
    self.in_dict = pkgutil.resolve_name(self.in_dict)
                   ^^^^^^^^^^^^^^^^^^^^^^^^^^^^^^^^^^
/Library/Frameworks/Python.framework/Versions/3.14/lib/python3.14/pkgutil.py:473: in resolve_name
    result = getattr(result, p)
             ^^^^^^^^^^^^^^^^^^
E   AttributeError: module 'cli.main' has no attribute 'DEFAULT_CONFIG'
________________________ test_x_discovery_command_json _________________________
tests/test_cli_dealflow.py:992: in test_x_discovery_command_json
    with patch("cli.main.run_x_account_discovery", return_value=payload), patch(
         ^^^^^^^^^^^^^^^^^^^^^^^^^^^^^^^^^^^^^^^^^^^^^^^^^^^^^^^^^^^^^^^
/Library/Frameworks/Python.framework/Versions/3.14/lib/python3.14/unittest/mock.py:1503: in __enter__
    original, local = self.get_original()
                      ^^^^^^^^^^^^^^^^^^^
/Library/Frameworks/Python.framework/Versions/3.14/lib/python3.14/unittest/mock.py:1473: in get_original
    raise AttributeError(
E   AttributeError: <module 'cli.main' from '/Users/aeternusholdings/Documents/AeternusAgents-opus46/cli/main.py'> does not have the attribute 'run_x_account_discovery'
_______________ test_source_profile_applies_max_recall_overrides _______________
tests/test_cli_dealflow.py:1088: in test_source_profile_applies_max_recall_overrides
    config = pipeline_cls.call_args.kwargs["config"]
             ^^^^^^^^^^^^^^^^^^^^^^^^^^^^^
E   AttributeError: 'NoneType' object has no attribute 'kwargs'
______ test_source_profile_auto_defaults_to_low_cost_when_non_interactive ______
tests/test_cli_dealflow.py:1133: in test_source_profile_auto_defaults_to_low_cost_when_non_interactive
    parsed = _extract_json(result.stdout)
             ^^^^^^^^^^^^^^^^^^^^^^^^^^^^
tests/test_cli_dealflow.py:38: in _extract_json
    return json.loads("\n".join(lines[idx:]))
           ^^^^^^^^^^^^^^^^^^^^^^^^^^^^^^^^^^
/Library/Frameworks/Python.framework/Versions/3.14/lib/python3.14/json/__init__.py:352: in loads
    return _default_decoder.decode(s)
           ^^^^^^^^^^^^^^^^^^^^^^^^^^
/Library/Frameworks/Python.framework/Versions/3.14/lib/python3.14/json/decoder.py:345: in decode
    obj, end = self.raw_decode(s, idx=_w(s, 0).end())
               ^^^^^^^^^^^^^^^^^^^^^^^^^^^^^^^^^^^^^^
/Library/Frameworks/Python.framework/Versions/3.14/lib/python3.14/json/decoder.py:361: in raw_decode
    obj, end = self.scan_once(s, idx)
               ^^^^^^^^^^^^^^^^^^^^^^
E   json.decoder.JSONDecodeError: Invalid control character at: line 41 column 81 (char 1241)
________________ test_source_profile_defaults_to_daily_low_cost ________________
tests/test_cli_dealflow.py:1178: in test_source_profile_defaults_to_daily_low_cost
    parsed = _extract_json(result.stdout)
             ^^^^^^^^^^^^^^^^^^^^^^^^^^^^
tests/test_cli_dealflow.py:38: in _extract_json
    return json.loads("\n".join(lines[idx:]))
           ^^^^^^^^^^^^^^^^^^^^^^^^^^^^^^^^^^
/Library/Frameworks/Python.framework/Versions/3.14/lib/python3.14/json/__init__.py:352: in loads
    return _default_decoder.decode(s)
           ^^^^^^^^^^^^^^^^^^^^^^^^^^
/Library/Frameworks/Python.framework/Versions/3.14/lib/python3.14/json/decoder.py:345: in decode
    obj, end = self.raw_decode(s, idx=_w(s, 0).end())
               ^^^^^^^^^^^^^^^^^^^^^^^^^^^^^^^^^^^^^^
/Library/Frameworks/Python.framework/Versions/3.14/lib/python3.14/json/decoder.py:361: in raw_decode
    obj, end = self.scan_once(s, idx)
               ^^^^^^^^^^^^^^^^^^^^^^
E   json.decoder.JSONDecodeError: Invalid control character at: line 41 column 81 (char 1239)
_____________ test_portfolio_plan_command_json_emits_plan_payload ______________
tests/test_cli_dealflow.py:1189: in test_portfolio_plan_command_json_emits_plan_payload
    with patch("cli.common._load_batch_summary", return_value=(batch_summary, Path("eval_results/deal_flow/2026-02-06/batch_analyze_latest.json"))), patch(
/Library/Frameworks/Python.framework/Versions/3.14/lib/python3.14/unittest/mock.py:1503: in __enter__
    original, local = self.get_original()
                      ^^^^^^^^^^^^^^^^^^^
/Library/Frameworks/Python.framework/Versions/3.14/lib/python3.14/unittest/mock.py:1473: in get_original
    raise AttributeError(
E   AttributeError: <module 'cli.main' from '/Users/aeternusholdings/Documents/AeternusAgents-opus46/cli/main.py'> does not have the attribute 'build_portfolio_plan'
_________ test_portfolio_plan_command_uses_whole_share_mode_for_alpaca _________
tests/test_cli_dealflow.py:1210: in test_portfolio_plan_command_uses_whole_share_mode_for_alpaca
    with patch("cli.common._load_batch_summary", return_value=(batch_summary, Path("eval_results/deal_flow/2026-02-06/batch_analyze_latest.json"))), patch(
/Library/Frameworks/Python.framework/Versions/3.14/lib/python3.14/unittest/mock.py:1503: in __enter__
    original, local = self.get_original()
                      ^^^^^^^^^^^^^^^^^^^
/Library/Frameworks/Python.framework/Versions/3.14/lib/python3.14/unittest/mock.py:1473: in get_original
    raise AttributeError(
E   AttributeError: <module 'cli.main' from '/Users/aeternusholdings/Documents/AeternusAgents-opus46/cli/main.py'> does not have the attribute 'build_portfolio_plan'
__________ test_portfolio_plan_command_adds_hedge_intent_when_enabled __________
tests/test_cli_dealflow.py:1248: in test_portfolio_plan_command_adds_hedge_intent_when_enabled
    with patch(
/Library/Frameworks/Python.framework/Versions/3.14/lib/python3.14/unittest/mock.py:1503: in __enter__
    original, local = self.get_original()
                      ^^^^^^^^^^^^^^^^^^^
/Library/Frameworks/Python.framework/Versions/3.14/lib/python3.14/unittest/mock.py:1473: in get_original
    raise AttributeError(
E   AttributeError: <module 'cli.main' from '/Users/aeternusholdings/Documents/AeternusAgents-opus46/cli/main.py'> does not have the attribute '_load_batch_summary'
_____________ test_execute_paper_command_json_uses_adapter_result ______________
tests/test_cli_dealflow.py:1346: in test_execute_paper_command_json_uses_adapter_result
    with patch("cli.main._load_portfolio_plan", return_value=(plan, Path("eval_results/paper_execution/latest_plan.json"))), patch(
         ^^^^^^^^^^^^^^^^^^^^^^^^^^^^^^^^^^^^^^^^^^^^^^^^^^^^^^^^^^^^^^^^^^^^^^^^^^^^^^^^^^^^^^^^^^^^^^^^^^^^^^^^^^^^^^^^^^
/Library/Frameworks/Python.framework/Versions/3.14/lib/python3.14/unittest/mock.py:1503: in __enter__
    original, local = self.get_original()
                      ^^^^^^^^^^^^^^^^^^^
/Library/Frameworks/Python.framework/Versions/3.14/lib/python3.14/unittest/mock.py:1473: in get_original
    raise AttributeError(
E   AttributeError: <module 'cli.main' from '/Users/aeternusholdings/Documents/AeternusAgents-opus46/cli/main.py'> does not have the attribute '_load_portfolio_plan'
_____ test_execute_paper_updates_hedge_state_when_hedge_order_is_processed _____
tests/test_cli_dealflow.py:1420: in test_execute_paper_updates_hedge_state_when_hedge_order_is_processed
    with patch(
/Library/Frameworks/Python.framework/Versions/3.14/lib/python3.14/unittest/mock.py:1503: in __enter__
    original, local = self.get_original()
                      ^^^^^^^^^^^^^^^^^^^
/Library/Frameworks/Python.framework/Versions/3.14/lib/python3.14/unittest/mock.py:1473: in get_original
    raise AttributeError(
E   AttributeError: <module 'cli.main' from '/Users/aeternusholdings/Documents/AeternusAgents-opus46/cli/main.py'> does not have the attribute '_load_portfolio_plan'
_________________ test_execute_paper_live_mode_uses_live_paths _________________
tests/test_cli_dealflow.py:1490: in test_execute_paper_live_mode_uses_live_paths
    with patch("cli.main._load_portfolio_plan", return_value=(plan, Path("eval_results/paper_execution/latest_plan.json"))), patch(
         ^^^^^^^^^^^^^^^^^^^^^^^^^^^^^^^^^^^^^^^^^^^^^^^^^^^^^^^^^^^^^^^^^^^^^^^^^^^^^^^^^^^^^^^^^^^^^^^^^^^^^^^^^^^^^^^^^^
/Library/Frameworks/Python.framework/Versions/3.14/lib/python3.14/unittest/mock.py:1503: in __enter__
    original, local = self.get_original()
                      ^^^^^^^^^^^^^^^^^^^
/Library/Frameworks/Python.framework/Versions/3.14/lib/python3.14/unittest/mock.py:1473: in get_original
    raise AttributeError(
E   AttributeError: <module 'cli.main' from '/Users/aeternusholdings/Documents/AeternusAgents-opus46/cli/main.py'> does not have the attribute '_load_portfolio_plan'
________________ test_execute_paper_alpaca_mode_uses_live_paths ________________
tests/test_cli_dealflow.py:1556: in test_execute_paper_alpaca_mode_uses_live_paths
    with patch("cli.main._load_portfolio_plan", return_value=(plan, Path("eval_results/paper_execution/latest_plan.json"))), patch(
         ^^^^^^^^^^^^^^^^^^^^^^^^^^^^^^^^^^^^^^^^^^^^^^^^^^^^^^^^^^^^^^^^^^^^^^^^^^^^^^^^^^^^^^^^^^^^^^^^^^^^^^^^^^^^^^^^^^
/Library/Frameworks/Python.framework/Versions/3.14/lib/python3.14/unittest/mock.py:1503: in __enter__
    original, local = self.get_original()
                      ^^^^^^^^^^^^^^^^^^^
/Library/Frameworks/Python.framework/Versions/3.14/lib/python3.14/unittest/mock.py:1473: in get_original
    raise AttributeError(
E   AttributeError: <module 'cli.main' from '/Users/aeternusholdings/Documents/AeternusAgents-opus46/cli/main.py'> does not have the attribute '_load_portfolio_plan'
______ test_execute_paper_blocks_on_position_parity_drift_in_alpaca_mode _______
tests/test_cli_dealflow.py:1625: in test_execute_paper_blocks_on_position_parity_drift_in_alpaca_mode
    with patch(
/Library/Frameworks/Python.framework/Versions/3.14/lib/python3.14/unittest/mock.py:1503: in __enter__
    original, local = self.get_original()
                      ^^^^^^^^^^^^^^^^^^^
/Library/Frameworks/Python.framework/Versions/3.14/lib/python3.14/unittest/mock.py:1473: in get_original
    raise AttributeError(
E   AttributeError: <module 'cli.main' from '/Users/aeternusholdings/Documents/AeternusAgents-opus46/cli/main.py'> does not have the attribute '_load_portfolio_plan'
_________________ test_pull_broker_orders_command_json_alpaca __________________
tests/test_cli_dealflow.py:1675: in test_pull_broker_orders_command_json_alpaca
    with patch("cli.main.fetch_alpaca_orders_snapshot", return_value=snapshot) as fetch_mock, patch(
         ^^^^^^^^^^^^^^^^^^^^^^^^^^^^^^^^^^^^^^^^^^^^^^^^^^^^^^^^^^^^^^^^^^^^^
/Library/Frameworks/Python.framework/Versions/3.14/lib/python3.14/unittest/mock.py:1503: in __enter__
    original, local = self.get_original()
                      ^^^^^^^^^^^^^^^^^^^
/Library/Frameworks/Python.framework/Versions/3.14/lib/python3.14/unittest/mock.py:1473: in get_original
    raise AttributeError(
E   AttributeError: <module 'cli.main' from '/Users/aeternusholdings/Documents/AeternusAgents-opus46/cli/main.py'> does not have the attribute 'fetch_alpaca_orders_snapshot'
________________ test_pull_broker_positions_command_json_alpaca ________________
tests/test_cli_dealflow.py:1706: in test_pull_broker_positions_command_json_alpaca
    with patch("cli.main.fetch_alpaca_positions_snapshot", return_value=snapshot) as fetch_mock, patch(
         ^^^^^^^^^^^^^^^^^^^^^^^^^^^^^^^^^^^^^^^^^^^^^^^^^^^^^^^^^^^^^^^^^^^^^^^^
/Library/Frameworks/Python.framework/Versions/3.14/lib/python3.14/unittest/mock.py:1503: in __enter__
    original, local = self.get_original()
                      ^^^^^^^^^^^^^^^^^^^
/Library/Frameworks/Python.framework/Versions/3.14/lib/python3.14/unittest/mock.py:1473: in get_original
    raise AttributeError(
E   AttributeError: <module 'cli.main' from '/Users/aeternusholdings/Documents/AeternusAgents-opus46/cli/main.py'> does not have the attribute 'fetch_alpaca_positions_snapshot'
____________ test_positions_drift_command_json_reports_symbol_drift ____________
tests/test_cli_dealflow.py:1750: in test_positions_drift_command_json_reports_symbol_drift
    with patch("cli.main.load_open_positions", return_value=shadow_payload), patch(
         ^^^^^^^^^^^^^^^^^^^^^^^^^^^^^^^^^^^^^^^^^^^^^^^^^^^^^^^^^^^^^^^^^^
/Library/Frameworks/Python.framework/Versions/3.14/lib/python3.14/unittest/mock.py:1503: in __enter__
    original, local = self.get_original()
                      ^^^^^^^^^^^^^^^^^^^
/Library/Frameworks/Python.framework/Versions/3.14/lib/python3.14/unittest/mock.py:1473: in get_original
    raise AttributeError(
E   AttributeError: <module 'cli.main' from '/Users/aeternusholdings/Documents/AeternusAgents-opus46/cli/main.py'> does not have the attribute 'load_open_positions'
__________ test_positions_drift_command_fail_on_drift_returns_exit_2 ___________
tests/test_cli_dealflow.py:1794: in test_positions_drift_command_fail_on_drift_returns_exit_2
    with patch("cli.main.load_open_positions", return_value=shadow_payload), patch(
         ^^^^^^^^^^^^^^^^^^^^^^^^^^^^^^^^^^^^^^^^^^^^^^^^^^^^^^^^^^^^^^^^^^
/Library/Frameworks/Python.framework/Versions/3.14/lib/python3.14/unittest/mock.py:1503: in __enter__
    original, local = self.get_original()
                      ^^^^^^^^^^^^^^^^^^^
/Library/Frameworks/Python.framework/Versions/3.14/lib/python3.14/unittest/mock.py:1473: in get_original
    raise AttributeError(
E   AttributeError: <module 'cli.main' from '/Users/aeternusholdings/Documents/AeternusAgents-opus46/cli/main.py'> does not have the attribute 'load_open_positions'
__________________ test_reconcile_execution_command_json_runs __________________
tests/test_cli_dealflow.py:1851: in test_reconcile_execution_command_json_runs
    with patch("cli.main.reconcile_live_execution", return_value=reconcile_result) as reconcile_mock, patch(
         ^^^^^^^^^^^^^^^^^^^^^^^^^^^^^^^^^^^^^^^^^^^^^^^^^^^^^^^^^^^^^^^^^^^^^^^^^
/Library/Frameworks/Python.framework/Versions/3.14/lib/python3.14/unittest/mock.py:1503: in __enter__
    original, local = self.get_original()
                      ^^^^^^^^^^^^^^^^^^^
/Library/Frameworks/Python.framework/Versions/3.14/lib/python3.14/unittest/mock.py:1473: in get_original
    raise AttributeError(
E   AttributeError: <module 'cli.main' from '/Users/aeternusholdings/Documents/AeternusAgents-opus46/cli/main.py'> does not have the attribute 'reconcile_live_execution'
__________________ test_execution_sync_command_json_runs_once __________________
tests/test_cli_dealflow.py:1886: in test_execution_sync_command_json_runs_once
    with patch("cli.main._run_execution_sync_cycle", return_value=report) as cycle_mock:
         ^^^^^^^^^^^^^^^^^^^^^^^^^^^^^^^^^^^^^^^^^^^^^^^^^^^^^^^^^^^^^^^^
/Library/Frameworks/Python.framework/Versions/3.14/lib/python3.14/unittest/mock.py:1503: in __enter__
    original, local = self.get_original()
                      ^^^^^^^^^^^^^^^^^^^
/Library/Frameworks/Python.framework/Versions/3.14/lib/python3.14/unittest/mock.py:1473: in get_original
    raise AttributeError(
E   AttributeError: <module 'cli.main' from '/Users/aeternusholdings/Documents/AeternusAgents-opus46/cli/main.py'> does not have the attribute '_run_execution_sync_cycle'
_____________ test_execution_sync_command_loop_respects_max_loops ______________
tests/test_cli_dealflow.py:1916: in test_execution_sync_command_loop_respects_max_loops
    with patch("cli.main._run_execution_sync_cycle", return_value=report) as cycle_mock, patch(
         ^^^^^^^^^^^^^^^^^^^^^^^^^^^^^^^^^^^^^^^^^^^^^^^^^^^^^^^^^^^^^^^^
/Library/Frameworks/Python.framework/Versions/3.14/lib/python3.14/unittest/mock.py:1503: in __enter__
    original, local = self.get_original()
                      ^^^^^^^^^^^^^^^^^^^
/Library/Frameworks/Python.framework/Versions/3.14/lib/python3.14/unittest/mock.py:1473: in get_original
    raise AttributeError(
E   AttributeError: <module 'cli.main' from '/Users/aeternusholdings/Documents/AeternusAgents-opus46/cli/main.py'> does not have the attribute '_run_execution_sync_cycle'
_________ test_execution_sync_apply_exits_blocks_when_readiness_fails __________
tests/test_cli_dealflow.py:1955: in test_execution_sync_apply_exits_blocks_when_readiness_fails
    with patch("cli.main._run_execution_sync_cycle", return_value=report), patch(
         ^^^^^^^^^^^^^^^^^^^^^^^^^^^^^^^^^^^^^^^^^^^^^^^^^^^^^^^^^^^^^^^^
/Library/Frameworks/Python.framework/Versions/3.14/lib/python3.14/unittest/mock.py:1503: in __enter__
    original, local = self.get_original()
                      ^^^^^^^^^^^^^^^^^^^
/Library/Frameworks/Python.framework/Versions/3.14/lib/python3.14/unittest/mock.py:1473: in get_original
    raise AttributeError(
E   AttributeError: <module 'cli.main' from '/Users/aeternusholdings/Documents/AeternusAgents-opus46/cli/main.py'> does not have the attribute '_run_execution_sync_cycle'
______ test_execution_sync_optional_open_orders_and_shadow_sync_are_wired ______
tests/test_cli_dealflow.py:2011: in test_execution_sync_optional_open_orders_and_shadow_sync_are_wired
    with patch("cli.main._run_execution_sync_cycle", return_value=report), patch(
         ^^^^^^^^^^^^^^^^^^^^^^^^^^^^^^^^^^^^^^^^^^^^^^^^^^^^^^^^^^^^^^^^
/Library/Frameworks/Python.framework/Versions/3.14/lib/python3.14/unittest/mock.py:1503: in __enter__
    original, local = self.get_original()
                      ^^^^^^^^^^^^^^^^^^^
/Library/Frameworks/Python.framework/Versions/3.14/lib/python3.14/unittest/mock.py:1473: in get_original
    raise AttributeError(
E   AttributeError: <module 'cli.main' from '/Users/aeternusholdings/Documents/AeternusAgents-opus46/cli/main.py'> does not have the attribute '_run_execution_sync_cycle'
_______ test_execution_sync_manage_open_orders_apply_refreshes_snapshot ________
tests/test_cli_dealflow.py:2069: in test_execution_sync_manage_open_orders_apply_refreshes_snapshot
    with patch("cli.main._run_execution_sync_cycle", return_value=report), patch(
         ^^^^^^^^^^^^^^^^^^^^^^^^^^^^^^^^^^^^^^^^^^^^^^^^^^^^^^^^^^^^^^^^
/Library/Frameworks/Python.framework/Versions/3.14/lib/python3.14/unittest/mock.py:1503: in __enter__
    original, local = self.get_original()
                      ^^^^^^^^^^^^^^^^^^^
/Library/Frameworks/Python.framework/Versions/3.14/lib/python3.14/unittest/mock.py:1473: in get_original
    raise AttributeError(
E   AttributeError: <module 'cli.main' from '/Users/aeternusholdings/Documents/AeternusAgents-opus46/cli/main.py'> does not have the attribute '_run_execution_sync_cycle'
____________ test_execution_sync_auto_remediates_readiness_blockers ____________
tests/test_cli_dealflow.py:2141: in test_execution_sync_auto_remediates_readiness_blockers
    with patch("cli.main._run_execution_sync_cycle", return_value=report), patch(
         ^^^^^^^^^^^^^^^^^^^^^^^^^^^^^^^^^^^^^^^^^^^^^^^^^^^^^^^^^^^^^^^^
/Library/Frameworks/Python.framework/Versions/3.14/lib/python3.14/unittest/mock.py:1503: in __enter__
    original, local = self.get_original()
                      ^^^^^^^^^^^^^^^^^^^
/Library/Frameworks/Python.framework/Versions/3.14/lib/python3.14/unittest/mock.py:1473: in get_original
    raise AttributeError(
E   AttributeError: <module 'cli.main' from '/Users/aeternusholdings/Documents/AeternusAgents-opus46/cli/main.py'> does not have the attribute '_run_execution_sync_cycle'
___________ test_workflow_run_skips_when_orchestration_does_not_run ____________
tests/test_cli_dealflow.py:2203: in test_workflow_run_skips_when_orchestration_does_not_run
    with patch("cli.common.DealFlowScheduler") as scheduler_cls, patch(
/Library/Frameworks/Python.framework/Versions/3.14/lib/python3.14/unittest/mock.py:1503: in __enter__
    original, local = self.get_original()
                      ^^^^^^^^^^^^^^^^^^^
/Library/Frameworks/Python.framework/Versions/3.14/lib/python3.14/unittest/mock.py:1473: in get_original
    raise AttributeError(
E   AttributeError: <module 'cli.main' from '/Users/aeternusholdings/Documents/AeternusAgents-opus46/cli/main.py'> does not have the attribute '_persist_workflow_run'
__________________ test_workflow_run_success_chains_all_steps __________________
tests/test_cli_dealflow.py:2274: in test_workflow_run_success_chains_all_steps
    with patch("cli.common.DealFlowScheduler") as scheduler_cls, patch(
/Library/Frameworks/Python.framework/Versions/3.14/lib/python3.14/unittest/mock.py:1503: in __enter__
    original, local = self.get_original()
                      ^^^^^^^^^^^^^^^^^^^
/Library/Frameworks/Python.framework/Versions/3.14/lib/python3.14/unittest/mock.py:1473: in get_original
    raise AttributeError(
E   AttributeError: <module 'cli.main' from '/Users/aeternusholdings/Documents/AeternusAgents-opus46/cli/main.py'> does not have the attribute '_run_cli_subcommand_json'
___ test_workflow_run_partial_analyze_failure_continues_with_warning_status ____
tests/test_cli_dealflow.py:2367: in test_workflow_run_partial_analyze_failure_continues_with_warning_status
    with patch("cli.common.DealFlowScheduler") as scheduler_cls, patch(
/Library/Frameworks/Python.framework/Versions/3.14/lib/python3.14/unittest/mock.py:1503: in __enter__
    original, local = self.get_original()
                      ^^^^^^^^^^^^^^^^^^^
/Library/Frameworks/Python.framework/Versions/3.14/lib/python3.14/unittest/mock.py:1473: in get_original
    raise AttributeError(
E   AttributeError: <module 'cli.main' from '/Users/aeternusholdings/Documents/AeternusAgents-opus46/cli/main.py'> does not have the attribute '_run_cli_subcommand_json'
_____ test_workflow_run_uses_summary_fallback_when_analyze_payload_missing _____
tests/test_cli_dealflow.py:2458: in test_workflow_run_uses_summary_fallback_when_analyze_payload_missing
    with patch("cli.common.DealFlowScheduler") as scheduler_cls, patch(
/Library/Frameworks/Python.framework/Versions/3.14/lib/python3.14/unittest/mock.py:1503: in __enter__
    original, local = self.get_original()
                      ^^^^^^^^^^^^^^^^^^^
/Library/Frameworks/Python.framework/Versions/3.14/lib/python3.14/unittest/mock.py:1473: in get_original
    raise AttributeError(
E   AttributeError: <module 'cli.main' from '/Users/aeternusholdings/Documents/AeternusAgents-opus46/cli/main.py'> does not have the attribute '_run_cli_subcommand_json'
_____ test_workflow_run_fails_when_analyze_has_no_success_and_nonzero_exit _____
tests/test_cli_dealflow.py:2518: in test_workflow_run_fails_when_analyze_has_no_success_and_nonzero_exit
    with patch("cli.common.DealFlowScheduler") as scheduler_cls, patch(
/Library/Frameworks/Python.framework/Versions/3.14/lib/python3.14/unittest/mock.py:1503: in __enter__
    original, local = self.get_original()
                      ^^^^^^^^^^^^^^^^^^^
/Library/Frameworks/Python.framework/Versions/3.14/lib/python3.14/unittest/mock.py:1473: in get_original
    raise AttributeError(
E   AttributeError: <module 'cli.main' from '/Users/aeternusholdings/Documents/AeternusAgents-opus46/cli/main.py'> does not have the attribute '_run_cli_subcommand_json'
___________________ test_workflow_loop_runs_requested_cycles ___________________
tests/test_cli_dealflow.py:2574: in test_workflow_loop_runs_requested_cycles
    with patch("cli.main._run_cli_subcommand_json", side_effect=side_effects) as subcmd_mock, patch(
         ^^^^^^^^^^^^^^^^^^^^^^^^^^^^^^^^^^^^^^^^^^^^^^^^^^^^^^^^^^^^^^^^^^^^
/Library/Frameworks/Python.framework/Versions/3.14/lib/python3.14/unittest/mock.py:1503: in __enter__
    original, local = self.get_original()
                      ^^^^^^^^^^^^^^^^^^^
/Library/Frameworks/Python.framework/Versions/3.14/lib/python3.14/unittest/mock.py:1473: in get_original
    raise AttributeError(
E   AttributeError: <module 'cli.main' from '/Users/aeternusholdings/Documents/AeternusAgents-opus46/cli/main.py'> does not have the attribute '_run_cli_subcommand_json'
_______________ test_workflow_loop_stops_on_failure_when_enabled _______________
tests/test_cli_dealflow.py:2628: in test_workflow_loop_stops_on_failure_when_enabled
    with patch("cli.main._run_cli_subcommand_json", side_effect=side_effects) as subcmd_mock, patch(
         ^^^^^^^^^^^^^^^^^^^^^^^^^^^^^^^^^^^^^^^^^^^^^^^^^^^^^^^^^^^^^^^^^^^^
/Library/Frameworks/Python.framework/Versions/3.14/lib/python3.14/unittest/mock.py:1503: in __enter__
    original, local = self.get_original()
                      ^^^^^^^^^^^^^^^^^^^
/Library/Frameworks/Python.framework/Versions/3.14/lib/python3.14/unittest/mock.py:1473: in get_original
    raise AttributeError(
E   AttributeError: <module 'cli.main' from '/Users/aeternusholdings/Documents/AeternusAgents-opus46/cli/main.py'> does not have the attribute '_run_cli_subcommand_json'
____________________ test_manage_exits_command_json_dry_run ____________________
tests/test_cli_dealflow.py:2671: in test_manage_exits_command_json_dry_run
    with patch("cli.main._run_manage_exits_once", return_value=report) as manage_mock:
         ^^^^^^^^^^^^^^^^^^^^^^^^^^^^^^^^^^^^^^^^^^^^^^^^^^^^^^^^^^^^^
/Library/Frameworks/Python.framework/Versions/3.14/lib/python3.14/unittest/mock.py:1503: in __enter__
    original, local = self.get_original()
                      ^^^^^^^^^^^^^^^^^^^
/Library/Frameworks/Python.framework/Versions/3.14/lib/python3.14/unittest/mock.py:1473: in get_original
    raise AttributeError(
E   AttributeError: <module 'cli.main' from '/Users/aeternusholdings/Documents/AeternusAgents-opus46/cli/main.py'> does not have the attribute '_run_manage_exits_once'
___________ test_execution_readiness_fail_on_blocked_returns_exit_2 ____________
tests/test_cli_dealflow.py:2698: in test_execution_readiness_fail_on_blocked_returns_exit_2
    with patch("cli.main.evaluate_execution_readiness", return_value=report), patch(
         ^^^^^^^^^^^^^^^^^^^^^^^^^^^^^^^^^^^^^^^^^^^^^^^^^^^^^^^^^^^^^^^^^^^
/Library/Frameworks/Python.framework/Versions/3.14/lib/python3.14/unittest/mock.py:1503: in __enter__
    original, local = self.get_original()
                      ^^^^^^^^^^^^^^^^^^^
/Library/Frameworks/Python.framework/Versions/3.14/lib/python3.14/unittest/mock.py:1473: in get_original
    raise AttributeError(
E   AttributeError: <module 'cli.main' from '/Users/aeternusholdings/Documents/AeternusAgents-opus46/cli/main.py'> does not have the attribute 'evaluate_execution_readiness'
______________ test_paper_positions_command_json_reads_positions _______________
tests/test_cli_dealflow.py:2732: in test_paper_positions_command_json_reads_positions
    with patch("cli.main.load_open_positions", return_value=payload):
         ^^^^^^^^^^^^^^^^^^^^^^^^^^^^^^^^^^^^^^^^^^^^^^^^^^^^^^^^^^^
/Library/Frameworks/Python.framework/Versions/3.14/lib/python3.14/unittest/mock.py:1503: in __enter__
    original, local = self.get_original()
                      ^^^^^^^^^^^^^^^^^^^
/Library/Frameworks/Python.framework/Versions/3.14/lib/python3.14/unittest/mock.py:1473: in get_original
    raise AttributeError(
E   AttributeError: <module 'cli.main' from '/Users/aeternusholdings/Documents/AeternusAgents-opus46/cli/main.py'> does not have the attribute 'load_open_positions'
_______________ test_live_positions_command_json_reads_positions _______________
tests/test_cli_dealflow.py:2752: in test_live_positions_command_json_reads_positions
    with patch("cli.main.load_open_positions", return_value=payload):
         ^^^^^^^^^^^^^^^^^^^^^^^^^^^^^^^^^^^^^^^^^^^^^^^^^^^^^^^^^^^
/Library/Frameworks/Python.framework/Versions/3.14/lib/python3.14/unittest/mock.py:1503: in __enter__
    original, local = self.get_original()
                      ^^^^^^^^^^^^^^^^^^^
/Library/Frameworks/Python.framework/Versions/3.14/lib/python3.14/unittest/mock.py:1473: in get_original
    raise AttributeError(
E   AttributeError: <module 'cli.main' from '/Users/aeternusholdings/Documents/AeternusAgents-opus46/cli/main.py'> does not have the attribute 'load_open_positions'
_______________ test_close_paper_command_json_emits_close_event ________________
tests/test_cli_dealflow.py:2772: in test_close_paper_command_json_emits_close_event
    with patch("cli.main.close_position_with_adapter", return_value=close_event), patch("cli.common.RatingAuditLog") as audit_cls:
         ^^^^^^^^^^^^^^^^^^^^^^^^^^^^^^^^^^^^^^^^^^^^^^^^^^^^^^^^^^^^^^^^^^^^^^^
/Library/Frameworks/Python.framework/Versions/3.14/lib/python3.14/unittest/mock.py:1503: in __enter__
    original, local = self.get_original()
                      ^^^^^^^^^^^^^^^^^^^
/Library/Frameworks/Python.framework/Versions/3.14/lib/python3.14/unittest/mock.py:1473: in get_original
    raise AttributeError(
E   AttributeError: <module 'cli.main' from '/Users/aeternusholdings/Documents/AeternusAgents-opus46/cli/main.py'> does not have the attribute 'close_position_with_adapter'
___________ test_manage_open_orders_dry_run_detects_stale_candidate ____________
tests/test_cli_dealflow.py:2834: in test_manage_open_orders_dry_run_detects_stale_candidate
    with patch("cli.main._live_execution_base_dir", return_value=live_dir), patch("cli.common.RatingAuditLog") as audit_cls:
         ^^^^^^^^^^^^^^^^^^^^^^^^^^^^^^^^^^^^^^^^^^^^^^^^^^^^^^^^^^^^^^^^^
/Library/Frameworks/Python.framework/Versions/3.14/lib/python3.14/unittest/mock.py:1503: in __enter__
    original, local = self.get_original()
                      ^^^^^^^^^^^^^^^^^^^
/Library/Frameworks/Python.framework/Versions/3.14/lib/python3.14/unittest/mock.py:1473: in get_original
    raise AttributeError(
E   AttributeError: <module 'cli.main' from '/Users/aeternusholdings/Documents/AeternusAgents-opus46/cli/main.py'> does not have the attribute '_live_execution_base_dir'
________ test_sync_positions_from_broker_apply_updates_shadow_positions ________
tests/test_cli_dealflow.py:2912: in test_sync_positions_from_broker_apply_updates_shadow_positions
    with patch("cli.main._live_execution_base_dir", return_value=live_dir), patch("cli.common.RatingAuditLog") as audit_cls:
         ^^^^^^^^^^^^^^^^^^^^^^^^^^^^^^^^^^^^^^^^^^^^^^^^^^^^^^^^^^^^^^^^^
/Library/Frameworks/Python.framework/Versions/3.14/lib/python3.14/unittest/mock.py:1503: in __enter__
    original, local = self.get_original()
                      ^^^^^^^^^^^^^^^^^^^
/Library/Frameworks/Python.framework/Versions/3.14/lib/python3.14/unittest/mock.py:1473: in get_original
    raise AttributeError(
E   AttributeError: <module 'cli.main' from '/Users/aeternusholdings/Documents/AeternusAgents-opus46/cli/main.py'> does not have the attribute '_live_execution_base_dir'
_____________ test_run_hedging_cycle_logs_signal_and_applied_event _____________
tests/test_cli_hedging.py:66: in test_run_hedging_cycle_logs_signal_and_applied_event
    assert out_portfolio == portfolio
E   AssertionError: assert {'current_hed...: 3100.0, ...} == {'current_hed...on_pct': 20.0}
E     
E     Differing items:
E     {'gross_exposure_usd': 3100.0} != {'gross_exposure_usd': 1000.0}
E     {'tech_concentration_pct': 0.0} != {'tech_concentration_pct': 20.0}
E     {'current_hedge_pct': 55.0} != {'current_hedge_pct': 0.0}
E     Left contains 5 more items:
E     {'drawdown_20d_pct': 0.0,...
E     
E     ...Full output truncated (24 lines hidden), use '-vv' to show
__________________ test_run_hedging_cycle_logs_skipped_event ___________________
tests/test_cli_hedging.py:113: in test_run_hedging_cycle_logs_skipped_event
    assert "HEDGE_SIGNAL_GENERATED" in event_types
E   AssertionError: assert 'HEDGE_SIGNAL_GENERATED' in []
__________ test_build_pretrade_risk_context_uses_non_persistent_path ___________
tests/test_cli_hedging.py:166: in test_build_pretrade_risk_context_uses_non_persistent_path
    assert out_portfolio == portfolio
E   AssertionError: assert {'current_hed...: 3100.0, ...} == {'current_hed...: 1000.0, ...}
E     
E     Differing items:
E     {'tech_concentration_pct': 0.0} != {'tech_concentration_pct': 40.0}
E     {'net_exposure_usd': 3100.0} != {'net_exposure_usd': 1000.0}
E     {'gross_exposure_usd': 3100.0} != {'gross_exposure_usd': 1000.0}
E     {'var_95_1d_pct_nav': 2.5} != {'var_95_1d_pct_nav': 2.8}
E     {'current_hedge_pct': 55.0} != {'current_hedge_pct': 10.0}...
E     
E     ...Full output truncated (36 lines hidden), use '-vv' to show
___________________ test_hedge_evaluate_command_json_output ____________________
tests/test_cli_hedging.py:200: in test_hedge_evaluate_command_json_output
    with patch(
/Library/Frameworks/Python.framework/Versions/3.14/lib/python3.14/unittest/mock.py:1503: in __enter__
    original, local = self.get_original()
                      ^^^^^^^^^^^^^^^^^^^
/Library/Frameworks/Python.framework/Versions/3.14/lib/python3.14/unittest/mock.py:1473: in get_original
    raise AttributeError(
E   AttributeError: <module 'cli.main' from '/Users/aeternusholdings/Documents/AeternusAgents-opus46/cli/main.py'> does not have the attribute 'run_hedging_cycle'
________________________ test_score_command_json_format ________________________
tests/test_cli_score.py:80: in test_score_command_json_format
    with patch('cli.main.TrackRecord') as MockTrackRecord, \
         ^^^^^^^^^^^^^^^^^^^^^^^^^^^^^
/Library/Frameworks/Python.framework/Versions/3.14/lib/python3.14/unittest/mock.py:1503: in __enter__
    original, local = self.get_original()
                      ^^^^^^^^^^^^^^^^^^^
/Library/Frameworks/Python.framework/Versions/3.14/lib/python3.14/unittest/mock.py:1473: in get_original
    raise AttributeError(
E   AttributeError: <module 'cli.main' from '/Users/aeternusholdings/Documents/AeternusAgents-opus46/cli/main.py'> does not have the attribute 'TrackRecord'
_______________________ test_score_command_table_format ________________________
tests/test_cli_score.py:153: in test_score_command_table_format
    with patch('cli.main.TrackRecord'), patch('cli.common.RatingAuditLog'):
         ^^^^^^^^^^^^^^^^^^^^^^^^^^^^^
/Library/Frameworks/Python.framework/Versions/3.14/lib/python3.14/unittest/mock.py:1503: in __enter__
    original, local = self.get_original()
                      ^^^^^^^^^^^^^^^^^^^
/Library/Frameworks/Python.framework/Versions/3.14/lib/python3.14/unittest/mock.py:1473: in get_original
    raise AttributeError(
E   AttributeError: <module 'cli.main' from '/Users/aeternusholdings/Documents/AeternusAgents-opus46/cli/main.py'> does not have the attribute 'TrackRecord'
_______________________ test_score_command_default_date ________________________
tests/test_cli_score.py:166: in test_score_command_default_date
    patch('cli.main.TrackRecord'), \
    ^^^^^^^^^^^^^^^^^^^^^^^^^^^^^
/Library/Frameworks/Python.framework/Versions/3.14/lib/python3.14/unittest/mock.py:1503: in __enter__
    original, local = self.get_original()
                      ^^^^^^^^^^^^^^^^^^^
/Library/Frameworks/Python.framework/Versions/3.14/lib/python3.14/unittest/mock.py:1473: in get_original
    raise AttributeError(
E   AttributeError: <module 'cli.main' from '/Users/aeternusholdings/Documents/AeternusAgents-opus46/cli/main.py'> does not have the attribute 'TrackRecord'
_________ test_dealflow_read_endpoint_returns_snapshot_and_candidates __________
tests/test_operator_gateway_endpoints.py:249: in test_dealflow_read_endpoint_returns_snapshot_and_candidates
    assert payload["snapshot"]["validity"] == "VALID"
E   AssertionError: assert 'STALE' == 'VALID'
E     
E     - VALID
E     + STALE
______________ test_candidate_detail_fail_soft_on_missing_columns ______________
tests/test_operator_gateway_endpoints.py:321: in test_candidate_detail_fail_soft_on_missing_columns
    assert payload["snapshot"]["validity"] == "VALID"
E   AssertionError: assert 'STALE' == 'VALID'
E     
E     - VALID
E     + STALE
=============================== warnings summary ===============================
../../../../Library/Frameworks/Python.framework/Versions/3.14/lib/python3.14/site-packages/langchain_core/_api/deprecation.py:25
  /Library/Frameworks/Python.framework/Versions/3.14/lib/python3.14/site-packages/langchain_core/_api/deprecation.py:25: UserWarning: Core Pydantic V1 functionality isn't compatible with Python 3.14 or greater.
    from pydantic.v1.fields import FieldInfo as FieldInfoV1

../../../../Library/Frameworks/Python.framework/Versions/3.14/lib/python3.14/site-packages/google/genai/types.py:43
  /Library/Frameworks/Python.framework/Versions/3.14/lib/python3.14/site-packages/google/genai/types.py:43: DeprecationWarning: '_UnionGenericAlias' is deprecated and slated for removal in Python 3.17
    VersionedUnionType = Union[builtin_types.UnionType, _UnionGenericAlias]

tradingagents/operator_gateway/app.py:216: 1 warning
tests/test_operator_gateway_endpoints.py: 27 warnings
  /Users/aeternusholdings/Documents/AeternusAgents-opus46/tradingagents/operator_gateway/app.py:216: DeprecationWarning: 
          on_event is deprecated, use lifespan event handlers instead.
  
          Read more about it in the
          [FastAPI docs for Lifespan Events](https://fastapi.tiangolo.com/advanced/events/).
          
    @app.on_event("startup")

../../../../Library/Frameworks/Python.framework/Versions/3.14/lib/python3.14/site-packages/fastapi/applications.py:4579: 3 warnings
tests/test_operator_gateway_endpoints.py: 81 warnings
  /Library/Frameworks/Python.framework/Versions/3.14/lib/python3.14/site-packages/fastapi/applications.py:4579: DeprecationWarning: 
          on_event is deprecated, use lifespan event handlers instead.
  
          Read more about it in the
          [FastAPI docs for Lifespan Events](https://fastapi.tiangolo.com/advanced/events/).
          
    return self.router.on_event(event_type)

tradingagents/operator_gateway/app.py:224: 1 warning
tests/test_operator_gateway_endpoints.py: 27 warnings
  /Users/aeternusholdings/Documents/AeternusAgents-opus46/tradingagents/operator_gateway/app.py:224: DeprecationWarning: 
          on_event is deprecated, use lifespan event handlers instead.
  
          Read more about it in the
          [FastAPI docs for Lifespan Events](https://fastapi.tiangolo.com/advanced/events/).
          
    @app.on_event("startup")

tradingagents/operator_gateway/app.py:246: 1 warning
tests/test_operator_gateway_endpoints.py: 27 warnings
  /Users/aeternusholdings/Documents/AeternusAgents-opus46/tradingagents/operator_gateway/app.py:246: DeprecationWarning: 
          on_event is deprecated, use lifespan event handlers instead.
  
          Read more about it in the
          [FastAPI docs for Lifespan Events](https://fastapi.tiangolo.com/advanced/events/).
          
    @app.on_event("shutdown")

tests/test_capital_allocator_drawdown.py: 5 warnings
tests/test_capital_allocator_service.py: 5 warnings
  /Users/aeternusholdings/Documents/AeternusAgents-opus46/tradingagents/capital_allocator/repository.py:775: DeprecationWarning: datetime.datetime.utcnow() is deprecated and scheduled for removal in a future version. Use timezone-aware objects to represent datetimes in UTC: datetime.datetime.now(datetime.UTC).
    (float(nav_usd), dt.datetime.utcnow().isoformat()),

tests/test_cli_dealflow.py: 525 warnings
  /Users/aeternusholdings/Documents/AeternusAgents-opus46/tradingagents/dealflow/sources/price_momentum.py:229: Pandas4Warning: Timestamp.utcnow is deprecated and will be removed in a future version. Use Timestamp.now('UTC') instead.
    now = pd.Timestamp.utcnow()

-- Docs: https://docs.pytest.org/en/stable/how-to/capture-warnings.html
=========================== short test summary info ============================
FAILED tests/test_ci_config.py::TestCIWorkflowStructure::test_ci_workflow_has_on_trigger
FAILED tests/test_ci_config.py::TestCIJobStructure::test_job_has_strategy_matrix
FAILED tests/test_ci_config.py::TestCIJobStructure::test_matrix_includes_python_versions
FAILED tests/test_ci_config.py::TestCIDependencies::test_has_pip_cache - Asse...
FAILED tests/test_ci_config.py::TestCIDependencies::test_installs_pytest - As...
FAILED tests/test_ci_config.py::TestCIConcurrency::test_workflow_has_concurrency
FAILED tests/test_ci_config.py::TestCITriggers::test_triggers_on_push_and_pr
FAILED tests/test_cli_dealflow.py::test_source_command_json_format_emits_artifacts_and_audit_event
FAILED tests/test_cli_dealflow.py::test_queue_command_json_reads_queue_loader
FAILED tests/test_cli_dealflow.py::test_analyze_from_queue_id_uses_queue_selection_path
FAILED tests/test_cli_dealflow.py::test_analyze_from_queue_id_not_found_returns_error
FAILED tests/test_cli_dealflow.py::test_orchestrate_command_json_mode_wires_scheduler
FAILED tests/test_cli_dealflow.py::test_step1_readiness_command_json_emits_snapshot
FAILED tests/test_cli_dealflow.py::test_evidence_telemetry_command_json_emits_report
FAILED tests/test_cli_dealflow.py::test_load_batch_summary_prefers_non_dry_run_artifact
FAILED tests/test_cli_dealflow.py::test_analyze_batch_selected_only_runs_marked_items
FAILED tests/test_cli_dealflow.py::test_analyze_batch_default_uses_quick_mode_for_unselected
FAILED tests/test_cli_dealflow.py::test_analyze_batch_quick_mode_uses_cached_report_when_json_missing
FAILED tests/test_cli_dealflow.py::test_analyze_batch_dry_run_includes_unselected_without_execution
FAILED tests/test_cli_dealflow.py::test_analyze_batch_returns_nonzero_when_any_item_fails
FAILED tests/test_cli_dealflow.py::test_analyze_batch_marks_timeout_as_failed_with_code_124
FAILED tests/test_cli_dealflow.py::test_analyze_batch_uses_cached_report_when_execution_fails
FAILED tests/test_cli_dealflow.py::test_analyze_batch_emits_attribution_by_lane_and_playbook
FAILED tests/test_cli_dealflow.py::test_analyze_batch_emits_attribution_by_signal_family
FAILED tests/test_cli_dealflow.py::test_analyze_batch_realized_attribution_by_lane_and_playbook
FAILED tests/test_cli_dealflow.py::test_analyze_batch_realized_attribution_marks_pending_horizon
FAILED tests/test_cli_dealflow.py::test_watchlist_add_list_remove_json - Attr...
FAILED tests/test_cli_dealflow.py::test_x_discovery_command_json - AttributeE...
FAILED tests/test_cli_dealflow.py::test_source_profile_applies_max_recall_overrides
FAILED tests/test_cli_dealflow.py::test_source_profile_auto_defaults_to_low_cost_when_non_interactive
FAILED tests/test_cli_dealflow.py::test_source_profile_defaults_to_daily_low_cost
FAILED tests/test_cli_dealflow.py::test_portfolio_plan_command_json_emits_plan_payload
FAILED tests/test_cli_dealflow.py::test_portfolio_plan_command_uses_whole_share_mode_for_alpaca
FAILED tests/test_cli_dealflow.py::test_portfolio_plan_command_adds_hedge_intent_when_enabled
FAILED tests/test_cli_dealflow.py::test_execute_paper_command_json_uses_adapter_result
FAILED tests/test_cli_dealflow.py::test_execute_paper_updates_hedge_state_when_hedge_order_is_processed
FAILED tests/test_cli_dealflow.py::test_execute_paper_live_mode_uses_live_paths
FAILED tests/test_cli_dealflow.py::test_execute_paper_alpaca_mode_uses_live_paths
FAILED tests/test_cli_dealflow.py::test_execute_paper_blocks_on_position_parity_drift_in_alpaca_mode
FAILED tests/test_cli_dealflow.py::test_pull_broker_orders_command_json_alpaca
FAILED tests/test_cli_dealflow.py::test_pull_broker_positions_command_json_alpaca
FAILED tests/test_cli_dealflow.py::test_positions_drift_command_json_reports_symbol_drift
FAILED tests/test_cli_dealflow.py::test_positions_drift_command_fail_on_drift_returns_exit_2
FAILED tests/test_cli_dealflow.py::test_reconcile_execution_command_json_runs
FAILED tests/test_cli_dealflow.py::test_execution_sync_command_json_runs_once
FAILED tests/test_cli_dealflow.py::test_execution_sync_command_loop_respects_max_loops
FAILED tests/test_cli_dealflow.py::test_execution_sync_apply_exits_blocks_when_readiness_fails
FAILED tests/test_cli_dealflow.py::test_execution_sync_optional_open_orders_and_shadow_sync_are_wired
FAILED tests/test_cli_dealflow.py::test_execution_sync_manage_open_orders_apply_refreshes_snapshot
FAILED tests/test_cli_dealflow.py::test_execution_sync_auto_remediates_readiness_blockers
FAILED tests/test_cli_dealflow.py::test_workflow_run_skips_when_orchestration_does_not_run
FAILED tests/test_cli_dealflow.py::test_workflow_run_success_chains_all_steps
FAILED tests/test_cli_dealflow.py::test_workflow_run_partial_analyze_failure_continues_with_warning_status
FAILED tests/test_cli_dealflow.py::test_workflow_run_uses_summary_fallback_when_analyze_payload_missing
FAILED tests/test_cli_dealflow.py::test_workflow_run_fails_when_analyze_has_no_success_and_nonzero_exit
FAILED tests/test_cli_dealflow.py::test_workflow_loop_runs_requested_cycles
FAILED tests/test_cli_dealflow.py::test_workflow_loop_stops_on_failure_when_enabled
FAILED tests/test_cli_dealflow.py::test_manage_exits_command_json_dry_run - A...
FAILED tests/test_cli_dealflow.py::test_execution_readiness_fail_on_blocked_returns_exit_2
FAILED tests/test_cli_dealflow.py::test_paper_positions_command_json_reads_positions
FAILED tests/test_cli_dealflow.py::test_live_positions_command_json_reads_positions
FAILED tests/test_cli_dealflow.py::test_close_paper_command_json_emits_close_event
FAILED tests/test_cli_dealflow.py::test_manage_open_orders_dry_run_detects_stale_candidate
FAILED tests/test_cli_dealflow.py::test_sync_positions_from_broker_apply_updates_shadow_positions
FAILED tests/test_cli_hedging.py::test_run_hedging_cycle_logs_signal_and_applied_event
FAILED tests/test_cli_hedging.py::test_run_hedging_cycle_logs_skipped_event
FAILED tests/test_cli_hedging.py::test_build_pretrade_risk_context_uses_non_persistent_path
FAILED tests/test_cli_hedging.py::test_hedge_evaluate_command_json_output - A...
FAILED tests/test_cli_score.py::test_score_command_json_format - AttributeErr...
FAILED tests/test_cli_score.py::test_score_command_table_format - AttributeEr...
FAILED tests/test_cli_score.py::test_score_command_default_date - AttributeEr...
FAILED tests/test_operator_gateway_endpoints.py::test_dealflow_read_endpoint_returns_snapshot_and_candidates
FAILED tests/test_operator_gateway_endpoints.py::test_candidate_detail_fail_soft_on_missing_columns
===== 73 failed, 705 passed, 1 skipped, 705 warnings in 746.95s (0:12:26) ======
Failed after multiple retries: RetryError[<Future at 0x119b339d0 state=finished returned Response>]
SUCCESS: get_google_news from vendor 'google' completed successfully
SUCCESS: Vendor 'google' succeeded - Got 1 result(s)
DEBUG: Attempting PRIMARY vendor 'alpha_vantage' for get_news (attempt #2)
DEBUG: Calling get_news from vendor 'alpha_vantage'...
SUCCESS: get_news from vendor 'alpha_vantage' completed successfully
SUCCESS: Vendor 'alpha_vantage' succeeded - Got 1 result(s)
INFO: Skipping vendor 'openai' for 'get_news': backend API key is not configured for openai-compatible calls
DEBUG: Attempting FALLBACK vendor 'local' for get_news (attempt #3)
DEBUG: Vendor 'local' has multiple implementations: 3 functions
DEBUG: Calling get_google_news from vendor 'local'...
Failed after multiple retries: RetryError[<Future at 0x114d86c50 state=finished returned Response>]
SUCCESS: get_google_news from vendor 'google' completed successfully
SUCCESS: Vendor 'google' succeeded - Got 1 result(s)
DEBUG: Attempting PRIMARY vendor 'alpha_vantage' for get_news (attempt #2)
DEBUG: Calling get_news from vendor 'alpha_vantage'...
SUCCESS: get_news from vendor 'alpha_vantage' completed successfully
SUCCESS: Vendor 'alpha_vantage' succeeded - Got 1 result(s)
INFO: Skipping vendor 'openai' for 'get_news': backend API key is not configured for openai-compatible calls
DEBUG: Attempting FALLBACK vendor 'local' for get_news (attempt #3)
DEBUG: Vendor 'local' has multiple implementations: 3 functions
DEBUG: Calling get_google_news from vendor 'local'...
Failed after multiple retries: RetryError[<Future at 0x119b30dd0 state=finished returned Response>]
SUCCESS: get_google_news from vendor 'google' completed successfully
SUCCESS: Vendor 'google' succeeded - Got 1 result(s)
DEBUG: Attempting PRIMARY vendor 'alpha_vantage' for get_news (attempt #2)
DEBUG: Calling get_news from vendor 'alpha_vantage'...
SUCCESS: get_news from vendor 'alpha_vantage' completed successfully
SUCCESS: Vendor 'alpha_vantage' succeeded - Got 1 result(s)
INFO: Skipping vendor 'openai' for 'get_news': backend API key is not configured for openai-compatible calls
DEBUG: Attempting FALLBACK vendor 'local' for get_news (attempt #3)
DEBUG: Vendor 'local' has multiple implementations: 3 functions
DEBUG: Calling get_google_news from vendor 'local'...
Failed after multiple retries: RetryError[<Future at 0x119b5fcd0 state=finished returned Response>]
SUCCESS: get_google_news from vendor 'local' completed successfully
DEBUG: Calling get_finnhub_news from vendor 'local'...
SUCCESS: get_finnhub_news from vendor 'local' completed successfully
DEBUG: Calling get_reddit_company_news from vendor 'local'...
SUCCESS: get_reddit_company_news from vendor 'local' completed successfully
SUCCESS: Vendor 'local' succeeded - Got 3 result(s)
FINAL: Method 'get_news' completed with 5 result(s) from 3 vendor attempt(s)
Failed after multiple retries: RetryError[<Future at 0x1096949d0 state=finished returned Response>]
SUCCESS: get_google_news from vendor 'google' completed successfully
SUCCESS: Vendor 'google' succeeded - Got 1 result(s)
DEBUG: Attempting PRIMARY vendor 'alpha_vantage' for get_news (attempt #2)
DEBUG: Calling get_news from vendor 'alpha_vantage'...
SUCCESS: get_news from vendor 'alpha_vantage' completed successfully
SUCCESS: Vendor 'alpha_vantage' succeeded - Got 1 result(s)
INFO: Skipping vendor 'openai' for 'get_news': backend API key is not configured for openai-compatible calls
DEBUG: Attempting FALLBACK vendor 'local' for get_news (attempt #3)
DEBUG: Vendor 'local' has multiple implementations: 3 functions
DEBUG: Calling get_google_news from vendor 'local'...
Failed after multiple retries: RetryError[<Future at 0x119b5e0d0 state=finished returned Response>]
SUCCESS: get_google_news from vendor 'local' completed successfully
DEBUG: Calling get_finnhub_news from vendor 'local'...
SUCCESS: get_finnhub_news from vendor 'local' completed successfully
DEBUG: Calling get_reddit_company_news from vendor 'local'...
SUCCESS: get_reddit_company_news from vendor 'local' completed successfully
SUCCESS: Vendor 'local' succeeded - Got 3 result(s)
FINAL: Method 'get_news' completed with 5 result(s) from 3 vendor attempt(s)
DEBUG: get_news - Primary: [xai → google → alpha_vantage] | Full fallback order: [xai → google → alpha_vantage → openai → local]
INFO: Skipping vendor 'xai' for 'get_news' (disabled for this process)
DEBUG: Attempting PRIMARY vendor 'google' for get_news (attempt #1)
DEBUG: Calling get_google_news from vendor 'google'...
Failed after multiple retries: RetryError[<Future at 0x119b306d0 state=finished returned Response>]
SUCCESS: get_google_news from vendor 'local' completed successfully
DEBUG: Calling get_finnhub_news from vendor 'local'...
SUCCESS: get_finnhub_news from vendor 'local' completed successfully
DEBUG: Calling get_reddit_company_news from vendor 'local'...
SUCCESS: get_reddit_company_news from vendor 'local' completed successfully
SUCCESS: Vendor 'local' succeeded - Got 3 result(s)
FINAL: Method 'get_news' completed with 5 result(s) from 3 vendor attempt(s)
DEBUG: get_news - Primary: [xai → google → alpha_vantage] | Full fallback order: [xai → google → alpha_vantage → openai → local]
INFO: Skipping vendor 'xai' for 'get_news' (disabled for this process)
DEBUG: Attempting PRIMARY vendor 'google' for get_news (attempt #1)
DEBUG: Calling get_google_news from vendor 'google'...
Failed after multiple retries: RetryError[<Future at 0x119b5f1d0 state=finished returned Response>]
SUCCESS: get_google_news from vendor 'google' completed successfully
SUCCESS: Vendor 'google' succeeded - Got 1 result(s)
DEBUG: Attempting PRIMARY vendor 'alpha_vantage' for get_news (attempt #2)
DEBUG: Calling get_news from vendor 'alpha_vantage'...
SUCCESS: get_news from vendor 'alpha_vantage' completed successfully
SUCCESS: Vendor 'alpha_vantage' succeeded - Got 1 result(s)
INFO: Skipping vendor 'openai' for 'get_news': backend API key is not configured for openai-compatible calls
DEBUG: Attempting FALLBACK vendor 'local' for get_news (attempt #3)
DEBUG: Vendor 'local' has multiple implementations: 3 functions
DEBUG: Calling get_google_news from vendor 'local'...
Failed after multiple retries: RetryError[<Future at 0x119bfa8d0 state=finished returned Response>]
SUCCESS: get_google_news from vendor 'google' completed successfully
SUCCESS: Vendor 'google' succeeded - Got 1 result(s)
DEBUG: Attempting PRIMARY vendor 'alpha_vantage' for get_news (attempt #2)
DEBUG: Calling get_news from vendor 'alpha_vantage'...
SUCCESS: get_news from vendor 'alpha_vantage' completed successfully
SUCCESS: Vendor 'alpha_vantage' succeeded - Got 1 result(s)
INFO: Skipping vendor 'openai' for 'get_news': backend API key is not configured for openai-compatible calls
DEBUG: Attempting FALLBACK vendor 'local' for get_news (attempt #3)
DEBUG: Vendor 'local' has multiple implementations: 3 functions
DEBUG: Calling get_google_news from vendor 'local'...
Failed after multiple retries: RetryError[<Future at 0x118c844d0 state=finished returned Response>]
SUCCESS: get_google_news from vendor 'google' completed successfully
SUCCESS: Vendor 'google' succeeded - Got 1 result(s)
DEBUG: Attempting PRIMARY vendor 'alpha_vantage' for get_news (attempt #2)
DEBUG: Calling get_news from vendor 'alpha_vantage'...
SUCCESS: get_news from vendor 'alpha_vantage' completed successfully
SUCCESS: Vendor 'alpha_vantage' succeeded - Got 1 result(s)
INFO: Skipping vendor 'openai' for 'get_news': backend API key is not configured for openai-compatible calls
DEBUG: Attempting FALLBACK vendor 'local' for get_news (attempt #3)
DEBUG: Vendor 'local' has multiple implementations: 3 functions
DEBUG: Calling get_google_news from vendor 'local'...
Failed after multiple retries: RetryError[<Future at 0x1157fc250 state=finished returned Response>]
SUCCESS: get_google_news from vendor 'local' completed successfully
DEBUG: Calling get_finnhub_news from vendor 'local'...
SUCCESS: get_finnhub_news from vendor 'local' completed successfully
DEBUG: Calling get_reddit_company_news from vendor 'local'...
SUCCESS: get_reddit_company_news from vendor 'local' completed successfully
SUCCESS: Vendor 'local' succeeded - Got 3 result(s)
FINAL: Method 'get_news' completed with 5 result(s) from 3 vendor attempt(s)
DEBUG: get_news - Primary: [xai → google → alpha_vantage] | Full fallback order: [xai → google → alpha_vantage → openai → local]
INFO: Skipping vendor 'xai' for 'get_news' (disabled for this process)
DEBUG: Attempting PRIMARY vendor 'google' for get_news (attempt #1)
DEBUG: Calling get_google_news from vendor 'google'...
Failed after multiple retries: RetryError[<Future at 0x11a1ee950 state=finished returned Response>]
SUCCESS: get_google_news from vendor 'local' completed successfully
DEBUG: Calling get_finnhub_news from vendor 'local'...
SUCCESS: get_finnhub_news from vendor 'local' completed successfully
DEBUG: Calling get_reddit_company_news from vendor 'local'...
SUCCESS: get_reddit_company_news from vendor 'local' completed successfully
SUCCESS: Vendor 'local' succeeded - Got 3 result(s)
FINAL: Method 'get_news' completed with 5 result(s) from 3 vendor attempt(s)
DEBUG: get_news - Primary: [xai → google → alpha_vantage] | Full fallback order: [xai → google → alpha_vantage → openai → local]
INFO: Skipping vendor 'xai' for 'get_news' (disabled for this process)
DEBUG: Attempting PRIMARY vendor 'google' for get_news (attempt #1)
DEBUG: Calling get_google_news from vendor 'google'...
Failed after multiple retries: RetryError[<Future at 0x114d4a0d0 state=finished returned Response>]
SUCCESS: get_google_news from vendor 'local' completed successfully
DEBUG: Calling get_finnhub_news from vendor 'local'...
SUCCESS: get_finnhub_news from vendor 'local' completed successfully
DEBUG: Calling get_reddit_company_news from vendor 'local'...
SUCCESS: get_reddit_company_news from vendor 'local' completed successfully
SUCCESS: Vendor 'local' succeeded - Got 3 result(s)
FINAL: Method 'get_news' completed with 5 result(s) from 3 vendor attempt(s)
Failed after multiple retries: RetryError[<Future at 0x1198ad8d0 state=finished returned Response>]
SUCCESS: get_google_news from vendor 'google' completed successfully
SUCCESS: Vendor 'google' succeeded - Got 1 result(s)
DEBUG: Attempting PRIMARY vendor 'alpha_vantage' for get_news (attempt #2)
DEBUG: Calling get_news from vendor 'alpha_vantage'...
SUCCESS: get_news from vendor 'alpha_vantage' completed successfully
SUCCESS: Vendor 'alpha_vantage' succeeded - Got 1 result(s)
INFO: Skipping vendor 'openai' for 'get_news': backend API key is not configured for openai-compatible calls
DEBUG: Attempting FALLBACK vendor 'local' for get_news (attempt #3)
DEBUG: Vendor 'local' has multiple implementations: 3 functions
DEBUG: Calling get_google_news from vendor 'local'...
Failed after multiple retries: RetryError[<Future at 0x1198ae750 state=finished returned Response>]
SUCCESS: get_google_news from vendor 'local' completed successfully
DEBUG: Calling get_finnhub_news from vendor 'local'...
SUCCESS: get_finnhub_news from vendor 'local' completed successfully
DEBUG: Calling get_reddit_company_news from vendor 'local'...
SUCCESS: get_reddit_company_news from vendor 'local' completed successfully
SUCCESS: Vendor 'local' succeeded - Got 3 result(s)
FINAL: Method 'get_news' completed with 5 result(s) from 3 vendor attempt(s)
DEBUG: get_news - Primary: [xai → google → alpha_vantage] | Full fallback order: [xai → google → alpha_vantage → openai → local]
INFO: Skipping vendor 'xai' for 'get_news' (disabled for this process)
DEBUG: Attempting PRIMARY vendor 'google' for get_news (attempt #1)
DEBUG: Calling get_google_news from vendor 'google'...
Failed after multiple retries: RetryError[<Future at 0x119b31250 state=finished returned Response>]
SUCCESS: get_google_news from vendor 'google' completed successfully
SUCCESS: Vendor 'google' succeeded - Got 1 result(s)
DEBUG: Attempting PRIMARY vendor 'alpha_vantage' for get_news (attempt #2)
DEBUG: Calling get_news from vendor 'alpha_vantage'...
Failed after multiple retries: RetryError[<Future at 0x119b5c7d0 state=finished returned Response>]
SUCCESS: get_google_news from vendor 'local' completed successfully
DEBUG: Calling get_finnhub_news from vendor 'local'...
SUCCESS: get_news from vendor 'alpha_vantage' completed successfully
SUCCESS: Vendor 'alpha_vantage' succeeded - Got 1 result(s)
INFO: Skipping vendor 'openai' for 'get_news': backend API key is not configured for openai-compatible calls
DEBUG: Attempting FALLBACK vendor 'local' for get_news (attempt #3)
DEBUG: Vendor 'local' has multiple implementations: 3 functions
DEBUG: Calling get_google_news from vendor 'local'...
SUCCESS: get_finnhub_news from vendor 'local' completed successfully
DEBUG: Calling get_reddit_company_news from vendor 'local'...
SUCCESS: get_reddit_company_news from vendor 'local' completed successfully
SUCCESS: Vendor 'local' succeeded - Got 3 result(s)
FINAL: Method 'get_news' completed with 5 result(s) from 3 vendor attempt(s)
DEBUG: get_news - Primary: [xai → google → alpha_vantage] | Full fallback order: [xai → google → alpha_vantage → openai → local]
INFO: Skipping vendor 'xai' for 'get_news' (disabled for this process)
DEBUG: Attempting PRIMARY vendor 'google' for get_news (attempt #1)
DEBUG: Calling get_google_news from vendor 'google'...
Failed after multiple retries: RetryError[<Future at 0x1196d9f50 state=finished returned Response>]
SUCCESS: get_google_news from vendor 'local' completed successfully
DEBUG: Calling get_finnhub_news from vendor 'local'...
SUCCESS: get_finnhub_news from vendor 'local' completed successfully
DEBUG: Calling get_reddit_company_news from vendor 'local'...
SUCCESS: get_reddit_company_news from vendor 'local' completed successfully
SUCCESS: Vendor 'local' succeeded - Got 3 result(s)
FINAL: Method 'get_news' completed with 5 result(s) from 3 vendor attempt(s)
DEBUG: get_news - Primary: [xai → google → alpha_vantage] | Full fallback order: [xai → google → alpha_vantage → openai → local]
INFO: Skipping vendor 'xai' for 'get_news' (disabled for this process)
DEBUG: Attempting PRIMARY vendor 'google' for get_news (attempt #1)
DEBUG: Calling get_google_news from vendor 'google'...
Failed after multiple retries: RetryError[<Future at 0x119b5f3d0 state=finished returned Response>]
SUCCESS: get_google_news from vendor 'local' completed successfully
DEBUG: Calling get_finnhub_news from vendor 'local'...
SUCCESS: get_finnhub_news from vendor 'local' completed successfully
DEBUG: Calling get_reddit_company_news from vendor 'local'...
SUCCESS: get_reddit_company_news from vendor 'local' completed successfully
SUCCESS: Vendor 'local' succeeded - Got 3 result(s)
FINAL: Method 'get_news' completed with 5 result(s) from 3 vendor attempt(s)
DEBUG: get_news - Primary: [xai → google → alpha_vantage] | Full fallback order: [xai → google → alpha_vantage → openai → local]
INFO: Skipping vendor 'xai' for 'get_news' (disabled for this process)
DEBUG: Attempting PRIMARY vendor 'google' for get_news (attempt #1)
DEBUG: Calling get_google_news from vendor 'google'...
Failed after multiple retries: RetryError[<Future at 0x119b33350 state=finished returned Response>]
SUCCESS: get_google_news from vendor 'google' completed successfully
SUCCESS: Vendor 'google' succeeded - Got 1 result(s)
DEBUG: Attempting PRIMARY vendor 'alpha_vantage' for get_news (attempt #2)
DEBUG: Calling get_news from vendor 'alpha_vantage'...
SUCCESS: get_news from vendor 'alpha_vantage' completed successfully
SUCCESS: Vendor 'alpha_vantage' succeeded - Got 1 result(s)
INFO: Skipping vendor 'openai' for 'get_news': backend API key is not configured for openai-compatible calls
DEBUG: Attempting FALLBACK vendor 'local' for get_news (attempt #3)
DEBUG: Vendor 'local' has multiple implementations: 3 functions
DEBUG: Calling get_google_news from vendor 'local'...
Failed after multiple retries: RetryError[<Future at 0x119bf91d0 state=finished returned Response>]
SUCCESS: get_google_news from vendor 'google' completed successfully
SUCCESS: Vendor 'google' succeeded - Got 1 result(s)
DEBUG: Attempting PRIMARY vendor 'alpha_vantage' for get_news (attempt #2)
DEBUG: Calling get_news from vendor 'alpha_vantage'...
SUCCESS: get_news from vendor 'alpha_vantage' completed successfully
SUCCESS: Vendor 'alpha_vantage' succeeded - Got 1 result(s)
INFO: Skipping vendor 'openai' for 'get_news': backend API key is not configured for openai-compatible calls
DEBUG: Attempting FALLBACK vendor 'local' for get_news (attempt #3)
DEBUG: Vendor 'local' has multiple implementations: 3 functions
DEBUG: Calling get_google_news from vendor 'local'...
Failed after multiple retries: RetryError[<Future at 0x1157bb7d0 state=finished returned Response>]
SUCCESS: get_google_news from vendor 'local' completed successfully
DEBUG: Calling get_finnhub_news from vendor 'local'...
SUCCESS: get_finnhub_news from vendor 'local' completed successfully
DEBUG: Calling get_reddit_company_news from vendor 'local'...
SUCCESS: get_reddit_company_news from vendor 'local' completed successfully
SUCCESS: Vendor 'local' succeeded - Got 3 result(s)
FINAL: Method 'get_news' completed with 5 result(s) from 3 vendor attempt(s)
DEBUG: get_news - Primary: [xai → google → alpha_vantage] | Full fallback order: [xai → google → alpha_vantage → openai → local]
INFO: Skipping vendor 'xai' for 'get_news' (disabled for this process)
DEBUG: Attempting PRIMARY vendor 'google' for get_news (attempt #1)
DEBUG: Calling get_google_news from vendor 'google'...
Failed after multiple retries: RetryError[<Future at 0x119322450 state=finished returned Response>]
SUCCESS: get_google_news from vendor 'local' completed successfully
DEBUG: Calling get_finnhub_news from vendor 'local'...
SUCCESS: get_finnhub_news from vendor 'local' completed successfully
DEBUG: Calling get_reddit_company_news from vendor 'local'...
SUCCESS: get_reddit_company_news from vendor 'local' completed successfully
SUCCESS: Vendor 'local' succeeded - Got 3 result(s)
FINAL: Method 'get_news' completed with 5 result(s) from 3 vendor attempt(s)
DEBUG: get_news - Primary: [xai → google → alpha_vantage] | Full fallback order: [xai → google → alpha_vantage → openai → local]
INFO: Skipping vendor 'xai' for 'get_news' (disabled for this process)
DEBUG: Attempting PRIMARY vendor 'google' for get_news (attempt #1)
DEBUG: Calling get_google_news from vendor 'google'...
Failed after multiple retries: RetryError[<Future at 0x115793550 state=finished returned Response>]
SUCCESS: get_google_news from vendor 'google' completed successfully
SUCCESS: Vendor 'google' succeeded - Got 1 result(s)
DEBUG: Attempting PRIMARY vendor 'alpha_vantage' for get_news (attempt #2)
DEBUG: Calling get_news from vendor 'alpha_vantage'...
SUCCESS: get_news from vendor 'alpha_vantage' completed successfully
SUCCESS: Vendor 'alpha_vantage' succeeded - Got 1 result(s)
INFO: Skipping vendor 'openai' for 'get_news': backend API key is not configured for openai-compatible calls
DEBUG: Attempting FALLBACK vendor 'local' for get_news (attempt #3)
DEBUG: Vendor 'local' has multiple implementations: 3 functions
DEBUG: Calling get_google_news from vendor 'local'...
Failed after multiple retries: RetryError[<Future at 0x115761550 state=finished returned Response>]
SUCCESS: get_google_news from vendor 'google' completed successfully
SUCCESS: Vendor 'google' succeeded - Got 1 result(s)
DEBUG: Attempting PRIMARY vendor 'alpha_vantage' for get_news (attempt #2)
DEBUG: Calling get_news from vendor 'alpha_vantage'...
SUCCESS: get_news from vendor 'alpha_vantage' completed successfully
SUCCESS: Vendor 'alpha_vantage' succeeded - Got 1 result(s)
INFO: Skipping vendor 'openai' for 'get_news': backend API key is not configured for openai-compatible calls
DEBUG: Attempting FALLBACK vendor 'local' for get_news (attempt #3)
DEBUG: Vendor 'local' has multiple implementations: 3 functions
DEBUG: Calling get_google_news from vendor 'local'...
Failed after multiple retries: RetryError[<Future at 0x118877cd0 state=finished returned Response>]
SUCCESS: get_google_news from vendor 'google' completed successfully
SUCCESS: Vendor 'google' succeeded - Got 1 result(s)
DEBUG: Attempting PRIMARY vendor 'alpha_vantage' for get_news (attempt #2)
DEBUG: Calling get_news from vendor 'alpha_vantage'...
SUCCESS: get_news from vendor 'alpha_vantage' completed successfully
SUCCESS: Vendor 'alpha_vantage' succeeded - Got 1 result(s)
INFO: Skipping vendor 'openai' for 'get_news': backend API key is not configured for openai-compatible calls
DEBUG: Attempting FALLBACK vendor 'local' for get_news (attempt #3)
DEBUG: Vendor 'local' has multiple implementations: 3 functions
DEBUG: Calling get_google_news from vendor 'local'...
Failed after multiple retries: RetryError[<Future at 0x119b30d50 state=finished returned Response>]
SUCCESS: get_google_news from vendor 'google' completed successfully
SUCCESS: Vendor 'google' succeeded - Got 1 result(s)
DEBUG: Attempting PRIMARY vendor 'alpha_vantage' for get_news (attempt #2)
DEBUG: Calling get_news from vendor 'alpha_vantage'...
SUCCESS: get_news from vendor 'alpha_vantage' completed successfully
SUCCESS: Vendor 'alpha_vantage' succeeded - Got 1 result(s)
INFO: Skipping vendor 'openai' for 'get_news': backend API key is not configured for openai-compatible calls
DEBUG: Attempting FALLBACK vendor 'local' for get_news (attempt #3)
DEBUG: Vendor 'local' has multiple implementations: 3 functions
DEBUG: Calling get_google_news from vendor 'local'...
Failed after multiple retries: RetryError[<Future at 0x118a4ced0 state=finished returned Response>]
SUCCESS: get_google_news from vendor 'local' completed successfully
DEBUG: Calling get_finnhub_news from vendor 'local'...
SUCCESS: get_finnhub_news from vendor 'local' completed successfully
DEBUG: Calling get_reddit_company_news from vendor 'local'...
SUCCESS: get_reddit_company_news from vendor 'local' completed successfully
SUCCESS: Vendor 'local' succeeded - Got 3 result(s)
FINAL: Method 'get_news' completed with 5 result(s) from 3 vendor attempt(s)
DEBUG: get_news - Primary: [xai → google → alpha_vantage] | Full fallback order: [xai → google → alpha_vantage → openai → local]
INFO: Skipping vendor 'xai' for 'get_news' (disabled for this process)
DEBUG: Attempting PRIMARY vendor 'google' for get_news (attempt #1)
DEBUG: Calling get_google_news from vendor 'google'...
Failed after multiple retries: RetryError[<Future at 0x115791050 state=finished returned Response>]
SUCCESS: get_google_news from vendor 'local' completed successfully
DEBUG: Calling get_finnhub_news from vendor 'local'...
SUCCESS: get_finnhub_news from vendor 'local' completed successfully
DEBUG: Calling get_reddit_company_news from vendor 'local'...
SUCCESS: get_reddit_company_news from vendor 'local' completed successfully
SUCCESS: Vendor 'local' succeeded - Got 3 result(s)
FINAL: Method 'get_news' completed with 5 result(s) from 3 vendor attempt(s)
DEBUG: get_news - Primary: [xai → google → alpha_vantage] | Full fallback order: [xai → google → alpha_vantage → openai → local]
INFO: Skipping vendor 'xai' for 'get_news' (disabled for this process)
DEBUG: Attempting PRIMARY vendor 'google' for get_news (attempt #1)
DEBUG: Calling get_google_news from vendor 'google'...
Failed after multiple retries: RetryError[<Future at 0x119959750 state=finished returned Response>]
SUCCESS: get_google_news from vendor 'google' completed successfully
SUCCESS: Vendor 'google' succeeded - Got 1 result(s)
DEBUG: Attempting PRIMARY vendor 'alpha_vantage' for get_news (attempt #2)
DEBUG: Calling get_news from vendor 'alpha_vantage'...
SUCCESS: get_news from vendor 'alpha_vantage' completed successfully
SUCCESS: Vendor 'alpha_vantage' succeeded - Got 1 result(s)
INFO: Skipping vendor 'openai' for 'get_news': backend API key is not configured for openai-compatible calls
DEBUG: Attempting FALLBACK vendor 'local' for get_news (attempt #3)
DEBUG: Vendor 'local' has multiple implementations: 3 functions
DEBUG: Calling get_google_news from vendor 'local'...
Failed after multiple retries: RetryError[<Future at 0x1187c2550 state=finished returned Response>]
SUCCESS: get_google_news from vendor 'google' completed successfully
SUCCESS: Vendor 'google' succeeded - Got 1 result(s)
DEBUG: Attempting PRIMARY vendor 'alpha_vantage' for get_news (attempt #2)
DEBUG: Calling get_news from vendor 'alpha_vantage'...
SUCCESS: get_news from vendor 'alpha_vantage' completed successfully
SUCCESS: Vendor 'alpha_vantage' succeeded - Got 1 result(s)
INFO: Skipping vendor 'openai' for 'get_news': backend API key is not configured for openai-compatible calls
DEBUG: Attempting FALLBACK vendor 'local' for get_news (attempt #3)
DEBUG: Vendor 'local' has multiple implementations: 3 functions
DEBUG: Calling get_google_news from vendor 'local'...
Failed after multiple retries: RetryError[<Future at 0x119b304d0 state=finished returned Response>]
SUCCESS: get_google_news from vendor 'local' completed successfully
DEBUG: Calling get_finnhub_news from vendor 'local'...
SUCCESS: get_finnhub_news from vendor 'local' completed successfully
DEBUG: Calling get_reddit_company_news from vendor 'local'...
SUCCESS: get_reddit_company_news from vendor 'local' completed successfully
SUCCESS: Vendor 'local' succeeded - Got 3 result(s)
FINAL: Method 'get_news' completed with 5 result(s) from 3 vendor attempt(s)
Failed after multiple retries: RetryError[<Future at 0x1188a73d0 state=finished returned Response>]
SUCCESS: get_google_news from vendor 'local' completed successfully
DEBUG: Calling get_finnhub_news from vendor 'local'...
SUCCESS: get_finnhub_news from vendor 'local' completed successfully
DEBUG: Calling get_reddit_company_news from vendor 'local'...
SUCCESS: get_reddit_company_news from vendor 'local' completed successfully
SUCCESS: Vendor 'local' succeeded - Got 3 result(s)
FINAL: Method 'get_news' completed with 5 result(s) from 3 vendor attempt(s)
DEBUG: get_news - Primary: [xai → google → alpha_vantage] | Full fallback order: [xai → google → alpha_vantage → openai → local]
INFO: Skipping vendor 'xai' for 'get_news' (disabled for this process)
DEBUG: Attempting PRIMARY vendor 'google' for get_news (attempt #1)
DEBUG: Calling get_google_news from vendor 'google'...
Failed after multiple retries: RetryError[<Future at 0x119280650 state=finished returned Response>]
SUCCESS: get_google_news from vendor 'local' completed successfully
DEBUG: Calling get_finnhub_news from vendor 'local'...
SUCCESS: get_finnhub_news from vendor 'local' completed successfully
DEBUG: Calling get_reddit_company_news from vendor 'local'...
SUCCESS: get_reddit_company_news from vendor 'local' completed successfully
SUCCESS: Vendor 'local' succeeded - Got 3 result(s)
FINAL: Method 'get_news' completed with 5 result(s) from 3 vendor attempt(s)
DEBUG: get_news - Primary: [xai → google → alpha_vantage] | Full fallback order: [xai → google → alpha_vantage → openai → local]
INFO: Skipping vendor 'xai' for 'get_news' (disabled for this process)
DEBUG: Attempting PRIMARY vendor 'google' for get_news (attempt #1)
DEBUG: Calling get_google_news from vendor 'google'...
Failed after multiple retries: RetryError[<Future at 0x1188a52d0 state=finished returned Response>]
SUCCESS: get_google_news from vendor 'local' completed successfully
DEBUG: Calling get_finnhub_news from vendor 'local'...
SUCCESS: get_finnhub_news from vendor 'local' completed successfully
DEBUG: Calling get_reddit_company_news from vendor 'local'...
SUCCESS: get_reddit_company_news from vendor 'local' completed successfully
SUCCESS: Vendor 'local' succeeded - Got 3 result(s)
FINAL: Method 'get_news' completed with 5 result(s) from 3 vendor attempt(s)
DEBUG: get_news - Primary: [xai → google → alpha_vantage] | Full fallback order: [xai → google → alpha_vantage → openai → local]
INFO: Skipping vendor 'xai' for 'get_news' (disabled for this process)
DEBUG: Attempting PRIMARY vendor 'google' for get_news (attempt #1)
DEBUG: Calling get_google_news from vendor 'google'...
Failed after multiple retries: RetryError[<Future at 0x1188777d0 state=finished returned Response>]
SUCCESS: get_google_news from vendor 'google' completed successfully
SUCCESS: Vendor 'google' succeeded - Got 1 result(s)
DEBUG: Attempting PRIMARY vendor 'alpha_vantage' for get_news (attempt #2)
DEBUG: Calling get_news from vendor 'alpha_vantage'...
SUCCESS: get_news from vendor 'alpha_vantage' completed successfully
SUCCESS: Vendor 'alpha_vantage' succeeded - Got 1 result(s)
INFO: Skipping vendor 'openai' for 'get_news': backend API key is not configured for openai-compatible calls
DEBUG: Attempting FALLBACK vendor 'local' for get_news (attempt #3)
DEBUG: Vendor 'local' has multiple implementations: 3 functions
DEBUG: Calling get_google_news from vendor 'local'...
Failed after multiple retries: RetryError[<Future at 0x1188a5350 state=finished returned Response>]
SUCCESS: get_google_news from vendor 'google' completed successfully
SUCCESS: Vendor 'google' succeeded - Got 1 result(s)
DEBUG: Attempting PRIMARY vendor 'alpha_vantage' for get_news (attempt #2)
DEBUG: Calling get_news from vendor 'alpha_vantage'...
SUCCESS: get_news from vendor 'alpha_vantage' completed successfully
SUCCESS: Vendor 'alpha_vantage' succeeded - Got 1 result(s)
INFO: Skipping vendor 'openai' for 'get_news': backend API key is not configured for openai-compatible calls
DEBUG: Attempting FALLBACK vendor 'local' for get_news (attempt #3)
DEBUG: Vendor 'local' has multiple implementations: 3 functions
DEBUG: Calling get_google_news from vendor 'local'...
Failed after multiple retries: RetryError[<Future at 0x10b2df750 state=finished returned Response>]
SUCCESS: get_google_news from vendor 'local' completed successfully
DEBUG: Calling get_finnhub_news from vendor 'local'...
SUCCESS: get_finnhub_news from vendor 'local' completed successfully
DEBUG: Calling get_reddit_company_news from vendor 'local'...
SUCCESS: get_reddit_company_news from vendor 'local' completed successfully
SUCCESS: Vendor 'local' succeeded - Got 3 result(s)
FINAL: Method 'get_news' completed with 5 result(s) from 3 vendor attempt(s)
DEBUG: get_news - Primary: [xai → google → alpha_vantage] | Full fallback order: [xai → google → alpha_vantage → openai → local]
INFO: Skipping vendor 'xai' for 'get_news' (disabled for this process)
DEBUG: Attempting PRIMARY vendor 'google' for get_news (attempt #1)
DEBUG: Calling get_google_news from vendor 'google'...
Failed after multiple retries: RetryError[<Future at 0x1198adb50 state=finished returned Response>]
SUCCESS: get_google_news from vendor 'google' completed successfully
SUCCESS: Vendor 'google' succeeded - Got 1 result(s)
DEBUG: Attempting PRIMARY vendor 'alpha_vantage' for get_news (attempt #2)
DEBUG: Calling get_news from vendor 'alpha_vantage'...
SUCCESS: get_news from vendor 'alpha_vantage' completed successfully
SUCCESS: Vendor 'alpha_vantage' succeeded - Got 1 result(s)
INFO: Skipping vendor 'openai' for 'get_news': backend API key is not configured for openai-compatible calls
DEBUG: Attempting FALLBACK vendor 'local' for get_news (attempt #3)
DEBUG: Vendor 'local' has multiple implementations: 3 functions
DEBUG: Calling get_google_news from vendor 'local'...
Failed after multiple retries: RetryError[<Future at 0x119b307d0 state=finished returned Response>]
SUCCESS: get_google_news from vendor 'local' completed successfully
DEBUG: Calling get_finnhub_news from vendor 'local'...
SUCCESS: get_finnhub_news from vendor 'local' completed successfully
DEBUG: Calling get_reddit_company_news from vendor 'local'...
SUCCESS: get_reddit_company_news from vendor 'local' completed successfully
SUCCESS: Vendor 'local' succeeded - Got 3 result(s)
FINAL: Method 'get_news' completed with 5 result(s) from 3 vendor attempt(s)
Failed after multiple retries: RetryError[<Future at 0x11972c250 state=finished returned Response>]
SUCCESS: get_google_news from vendor 'google' completed successfully
SUCCESS: Vendor 'google' succeeded - Got 1 result(s)
DEBUG: Attempting PRIMARY vendor 'alpha_vantage' for get_news (attempt #2)
DEBUG: Calling get_news from vendor 'alpha_vantage'...
SUCCESS: get_news from vendor 'alpha_vantage' completed successfully
SUCCESS: Vendor 'alpha_vantage' succeeded - Got 1 result(s)
INFO: Skipping vendor 'openai' for 'get_news': backend API key is not configured for openai-compatible calls
DEBUG: Attempting FALLBACK vendor 'local' for get_news (attempt #3)
DEBUG: Vendor 'local' has multiple implementations: 3 functions
DEBUG: Calling get_google_news from vendor 'local'...
Failed after multiple retries: RetryError[<Future at 0x1198aedd0 state=finished returned Response>]
SUCCESS: get_google_news from vendor 'google' completed successfully
SUCCESS: Vendor 'google' succeeded - Got 1 result(s)
DEBUG: Attempting PRIMARY vendor 'alpha_vantage' for get_news (attempt #2)
DEBUG: Calling get_news from vendor 'alpha_vantage'...
SUCCESS: get_news from vendor 'alpha_vantage' completed successfully
SUCCESS: Vendor 'alpha_vantage' succeeded - Got 1 result(s)
INFO: Skipping vendor 'openai' for 'get_news': backend API key is not configured for openai-compatible calls
DEBUG: Attempting FALLBACK vendor 'local' for get_news (attempt #3)
DEBUG: Vendor 'local' has multiple implementations: 3 functions
DEBUG: Calling get_google_news from vendor 'local'...
Failed after multiple retries: RetryError[<Future at 0x114cbe5d0 state=finished returned Response>]
SUCCESS: get_google_news from vendor 'local' completed successfully
DEBUG: Calling get_finnhub_news from vendor 'local'...
SUCCESS: get_finnhub_news from vendor 'local' completed successfully
DEBUG: Calling get_reddit_company_news from vendor 'local'...
SUCCESS: get_reddit_company_news from vendor 'local' completed successfully
SUCCESS: Vendor 'local' succeeded - Got 3 result(s)
FINAL: Method 'get_news' completed with 5 result(s) from 3 vendor attempt(s)
DEBUG: get_news - Primary: [xai → google → alpha_vantage] | Full fallback order: [xai → google → alpha_vantage → openai → local]
INFO: Skipping vendor 'xai' for 'get_news' (disabled for this process)
DEBUG: Attempting PRIMARY vendor 'google' for get_news (attempt #1)
DEBUG: Calling get_google_news from vendor 'google'...
Failed after multiple retries: RetryError[<Future at 0x115f7aad0 state=finished returned Response>]
SUCCESS: get_google_news from vendor 'local' completed successfully
DEBUG: Calling get_finnhub_news from vendor 'local'...
SUCCESS: get_finnhub_news from vendor 'local' completed successfully
DEBUG: Calling get_reddit_company_news from vendor 'local'...
SUCCESS: get_reddit_company_news from vendor 'local' completed successfully
SUCCESS: Vendor 'local' succeeded - Got 3 result(s)
FINAL: Method 'get_news' completed with 5 result(s) from 3 vendor attempt(s)
DEBUG: get_news - Primary: [xai → google → alpha_vantage] | Full fallback order: [xai → google → alpha_vantage → openai → local]
INFO: Skipping vendor 'xai' for 'get_news' (disabled for this process)
DEBUG: Attempting PRIMARY vendor 'google' for get_news (attempt #1)
DEBUG: Calling get_google_news from vendor 'google'...
Failed after multiple retries: RetryError[<Future at 0x11882a9d0 state=finished returned Response>]
SUCCESS: get_google_news from vendor 'google' completed successfully
SUCCESS: Vendor 'google' succeeded - Got 1 result(s)
DEBUG: Attempting PRIMARY vendor 'alpha_vantage' for get_news (attempt #2)
DEBUG: Calling get_news from vendor 'alpha_vantage'...
SUCCESS: get_news from vendor 'alpha_vantage' completed successfully
SUCCESS: Vendor 'alpha_vantage' succeeded - Got 1 result(s)
INFO: Skipping vendor 'openai' for 'get_news': backend API key is not configured for openai-compatible calls
DEBUG: Attempting FALLBACK vendor 'local' for get_news (attempt #3)
DEBUG: Vendor 'local' has multiple implementations: 3 functions
DEBUG: Calling get_google_news from vendor 'local'...
Failed after multiple retries: RetryError[<Future at 0x119959f50 state=finished returned Response>]
SUCCESS: get_google_news from vendor 'local' completed successfully
DEBUG: Calling get_finnhub_news from vendor 'local'...
SUCCESS: get_finnhub_news from vendor 'local' completed successfully
DEBUG: Calling get_reddit_company_news from vendor 'local'...
SUCCESS: get_reddit_company_news from vendor 'local' completed successfully
SUCCESS: Vendor 'local' succeeded - Got 3 result(s)
FINAL: Method 'get_news' completed with 5 result(s) from 3 vendor attempt(s)
DEBUG: get_news - Primary: [xai → google → alpha_vantage] | Full fallback order: [xai → google → alpha_vantage → openai → local]
INFO: Skipping vendor 'xai' for 'get_news' (disabled for this process)
DEBUG: Attempting PRIMARY vendor 'google' for get_news (attempt #1)
DEBUG: Calling get_google_news from vendor 'google'...
Failed after multiple retries: RetryError[<Future at 0x115f3c8d0 state=finished returned Response>]
SUCCESS: get_google_news from vendor 'local' completed successfully
DEBUG: Calling get_finnhub_news from vendor 'local'...
SUCCESS: get_finnhub_news from vendor 'local' completed successfully
DEBUG: Calling get_reddit_company_news from vendor 'local'...
SUCCESS: get_reddit_company_news from vendor 'local' completed successfully
SUCCESS: Vendor 'local' succeeded - Got 3 result(s)
FINAL: Method 'get_news' completed with 5 result(s) from 3 vendor attempt(s)
DEBUG: get_news - Primary: [xai → google → alpha_vantage] | Full fallback order: [xai → google → alpha_vantage → openai → local]
INFO: Skipping vendor 'xai' for 'get_news' (disabled for this process)
DEBUG: Attempting PRIMARY vendor 'google' for get_news (attempt #1)
DEBUG: Calling get_google_news from vendor 'google'...
Failed after multiple retries: RetryError[<Future at 0x1184ba9d0 state=finished returned Response>]
SUCCESS: get_google_news from vendor 'local' completed successfully
DEBUG: Calling get_finnhub_news from vendor 'local'...
SUCCESS: get_finnhub_news from vendor 'local' completed successfully
DEBUG: Calling get_reddit_company_news from vendor 'local'...
SUCCESS: get_reddit_company_news from vendor 'local' completed successfully
SUCCESS: Vendor 'local' succeeded - Got 3 result(s)
FINAL: Method 'get_news' completed with 5 result(s) from 3 vendor attempt(s)
DEBUG: get_news - Primary: [xai → google → alpha_vantage] | Full fallback order: [xai → google → alpha_vantage → openai → local]
INFO: Skipping vendor 'xai' for 'get_news' (disabled for this process)
DEBUG: Attempting PRIMARY vendor 'google' for get_news (attempt #1)
DEBUG: Calling get_google_news from vendor 'google'...
Failed after multiple retries: RetryError[<Future at 0x11a2a1ed0 state=finished returned Response>]
SUCCESS: get_google_news from vendor 'google' completed successfully
SUCCESS: Vendor 'google' succeeded - Got 1 result(s)
DEBUG: Attempting PRIMARY vendor 'alpha_vantage' for get_news (attempt #2)
DEBUG: Calling get_news from vendor 'alpha_vantage'...
SUCCESS: get_news from vendor 'alpha_vantage' completed successfully
SUCCESS: Vendor 'alpha_vantage' succeeded - Got 1 result(s)
INFO: Skipping vendor 'openai' for 'get_news': backend API key is not configured for openai-compatible calls
DEBUG: Attempting FALLBACK vendor 'local' for get_news (attempt #3)
DEBUG: Vendor 'local' has multiple implementations: 3 functions
DEBUG: Calling get_google_news from vendor 'local'...
Failed after multiple retries: RetryError[<Future at 0x11a1ecd50 state=finished returned Response>]
SUCCESS: get_google_news from vendor 'google' completed successfully
SUCCESS: Vendor 'google' succeeded - Got 1 result(s)
DEBUG: Attempting PRIMARY vendor 'alpha_vantage' for get_news (attempt #2)
DEBUG: Calling get_news from vendor 'alpha_vantage'...
SUCCESS: get_news from vendor 'alpha_vantage' completed successfully
SUCCESS: Vendor 'alpha_vantage' succeeded - Got 1 result(s)
INFO: Skipping vendor 'openai' for 'get_news': backend API key is not configured for openai-compatible calls
DEBUG: Attempting FALLBACK vendor 'local' for get_news (attempt #3)
DEBUG: Vendor 'local' has multiple implementations: 3 functions
DEBUG: Calling get_google_news from vendor 'local'...
Failed after multiple retries: RetryError[<Future at 0x1184bb550 state=finished returned Response>]
SUCCESS: get_google_news from vendor 'local' completed successfully
DEBUG: Calling get_finnhub_news from vendor 'local'...
SUCCESS: get_finnhub_news from vendor 'local' completed successfully
DEBUG: Calling get_reddit_company_news from vendor 'local'...
SUCCESS: get_reddit_company_news from vendor 'local' completed successfully
SUCCESS: Vendor 'local' succeeded - Got 3 result(s)
FINAL: Method 'get_news' completed with 5 result(s) from 3 vendor attempt(s)
DEBUG: get_news - Primary: [xai → google → alpha_vantage] | Full fallback order: [xai → google → alpha_vantage → openai → local]
INFO: Skipping vendor 'xai' for 'get_news' (disabled for this process)
DEBUG: Attempting PRIMARY vendor 'google' for get_news (attempt #1)
DEBUG: Calling get_google_news from vendor 'google'...
Failed after multiple retries: RetryError[<Future at 0x1184bbed0 state=finished returned Response>]
SUCCESS: get_google_news from vendor 'google' completed successfully
SUCCESS: Vendor 'google' succeeded - Got 1 result(s)
DEBUG: Attempting PRIMARY vendor 'alpha_vantage' for get_news (attempt #2)
DEBUG: Calling get_news from vendor 'alpha_vantage'...
SUCCESS: get_news from vendor 'alpha_vantage' completed successfully
SUCCESS: Vendor 'alpha_vantage' succeeded - Got 1 result(s)
INFO: Skipping vendor 'openai' for 'get_news': backend API key is not configured for openai-compatible calls
DEBUG: Attempting FALLBACK vendor 'local' for get_news (attempt #3)
DEBUG: Vendor 'local' has multiple implementations: 3 functions
DEBUG: Calling get_google_news from vendor 'local'...
Failed after multiple retries: RetryError[<Future at 0x11972d450 state=finished returned Response>]
SUCCESS: get_google_news from vendor 'google' completed successfully
SUCCESS: Vendor 'google' succeeded - Got 1 result(s)
DEBUG: Attempting PRIMARY vendor 'alpha_vantage' for get_news (attempt #2)
DEBUG: Calling get_news from vendor 'alpha_vantage'...
SUCCESS: get_news from vendor 'alpha_vantage' completed successfully
SUCCESS: Vendor 'alpha_vantage' succeeded - Got 1 result(s)
INFO: Skipping vendor 'openai' for 'get_news': backend API key is not configured for openai-compatible calls
DEBUG: Attempting FALLBACK vendor 'local' for get_news (attempt #3)
DEBUG: Vendor 'local' has multiple implementations: 3 functions
DEBUG: Calling get_google_news from vendor 'local'...
Failed after multiple retries: RetryError[<Future at 0x118602550 state=finished returned Response>]
SUCCESS: get_google_news from vendor 'google' completed successfully
SUCCESS: Vendor 'google' succeeded - Got 1 result(s)
DEBUG: Attempting PRIMARY vendor 'alpha_vantage' for get_news (attempt #2)
DEBUG: Calling get_news from vendor 'alpha_vantage'...
SUCCESS: get_news from vendor 'alpha_vantage' completed successfully
SUCCESS: Vendor 'alpha_vantage' succeeded - Got 1 result(s)
INFO: Skipping vendor 'openai' for 'get_news': backend API key is not configured for openai-compatible calls
DEBUG: Attempting FALLBACK vendor 'local' for get_news (attempt #3)
DEBUG: Vendor 'local' has multiple implementations: 3 functions
DEBUG: Calling get_google_news from vendor 'local'...
Failed after multiple retries: RetryError[<Future at 0x1157b89d0 state=finished returned Response>]
SUCCESS: get_google_news from vendor 'local' completed successfully
DEBUG: Calling get_finnhub_news from vendor 'local'...
SUCCESS: get_finnhub_news from vendor 'local' completed successfully
DEBUG: Calling get_reddit_company_news from vendor 'local'...
SUCCESS: get_reddit_company_news from vendor 'local' completed successfully
SUCCESS: Vendor 'local' succeeded - Got 3 result(s)
FINAL: Method 'get_news' completed with 5 result(s) from 3 vendor attempt(s)
DEBUG: get_news - Primary: [xai → google → alpha_vantage] | Full fallback order: [xai → google → alpha_vantage → openai → local]
INFO: Skipping vendor 'xai' for 'get_news' (disabled for this process)
DEBUG: Attempting PRIMARY vendor 'google' for get_news (attempt #1)
DEBUG: Calling get_google_news from vendor 'google'...
Failed after multiple retries: RetryError[<Future at 0x115661ad0 state=finished returned Response>]
SUCCESS: get_google_news from vendor 'local' completed successfully
DEBUG: Calling get_finnhub_news from vendor 'local'...
SUCCESS: get_finnhub_news from vendor 'local' completed successfully
DEBUG: Calling get_reddit_company_news from vendor 'local'...
SUCCESS: get_reddit_company_news from vendor 'local' completed successfully
SUCCESS: Vendor 'local' succeeded - Got 3 result(s)
FINAL: Method 'get_news' completed with 5 result(s) from 3 vendor attempt(s)
DEBUG: get_news - Primary: [xai → google → alpha_vantage] | Full fallback order: [xai → google → alpha_vantage → openai → local]
INFO: Skipping vendor 'xai' for 'get_news' (disabled for this process)
DEBUG: Attempting PRIMARY vendor 'google' for get_news (attempt #1)
DEBUG: Calling get_google_news from vendor 'google'...
Failed after multiple retries: RetryError[<Future at 0x115f1f750 state=finished returned Response>]
SUCCESS: get_google_news from vendor 'google' completed successfully
SUCCESS: Vendor 'google' succeeded - Got 1 result(s)
DEBUG: Attempting PRIMARY vendor 'alpha_vantage' for get_news (attempt #2)
DEBUG: Calling get_news from vendor 'alpha_vantage'...
SUCCESS: get_news from vendor 'alpha_vantage' completed successfully
SUCCESS: Vendor 'alpha_vantage' succeeded - Got 1 result(s)
INFO: Skipping vendor 'openai' for 'get_news': backend API key is not configured for openai-compatible calls
DEBUG: Attempting FALLBACK vendor 'local' for get_news (attempt #3)
DEBUG: Vendor 'local' has multiple implementations: 3 functions
DEBUG: Calling get_google_news from vendor 'local'...
Failed after multiple retries: RetryError[<Future at 0x1194771d0 state=finished returned Response>]
SUCCESS: get_google_news from vendor 'local' completed successfully
DEBUG: Calling get_finnhub_news from vendor 'local'...
SUCCESS: get_finnhub_news from vendor 'local' completed successfully
DEBUG: Calling get_reddit_company_news from vendor 'local'...
SUCCESS: get_reddit_company_news from vendor 'local' completed successfully
SUCCESS: Vendor 'local' succeeded - Got 3 result(s)
FINAL: Method 'get_news' completed with 5 result(s) from 3 vendor attempt(s)
DEBUG: get_news - Primary: [xai → google → alpha_vantage] | Full fallback order: [xai → google → alpha_vantage → openai → local]
INFO: Skipping vendor 'xai' for 'get_news' (disabled for this process)
DEBUG: Attempting PRIMARY vendor 'google' for get_news (attempt #1)
DEBUG: Calling get_google_news from vendor 'google'...
Failed after multiple retries: RetryError[<Future at 0x1196f2750 state=finished returned Response>]
SUCCESS: get_google_news from vendor 'local' completed successfully
DEBUG: Calling get_finnhub_news from vendor 'local'...
SUCCESS: get_finnhub_news from vendor 'local' completed successfully
DEBUG: Calling get_reddit_company_news from vendor 'local'...
SUCCESS: get_reddit_company_news from vendor 'local' completed successfully
SUCCESS: Vendor 'local' succeeded - Got 3 result(s)
FINAL: Method 'get_news' completed with 5 result(s) from 3 vendor attempt(s)
DEBUG: get_news - Primary: [xai → google → alpha_vantage] | Full fallback order: [xai → google → alpha_vantage → openai → local]
INFO: Skipping vendor 'xai' for 'get_news' (disabled for this process)
DEBUG: Attempting PRIMARY vendor 'google' for get_news (attempt #1)
DEBUG: Calling get_google_news from vendor 'google'...
Failed after multiple retries: RetryError[<Future at 0x11956fcd0 state=finished returned Response>]
SUCCESS: get_google_news from vendor 'local' completed successfully
DEBUG: Calling get_finnhub_news from vendor 'local'...
SUCCESS: get_finnhub_news from vendor 'local' completed successfully
DEBUG: Calling get_reddit_company_news from vendor 'local'...
SUCCESS: get_reddit_company_news from vendor 'local' completed successfully
SUCCESS: Vendor 'local' succeeded - Got 3 result(s)
FINAL: Method 'get_news' completed with 5 result(s) from 3 vendor attempt(s)
DEBUG: get_news - Primary: [xai → google → alpha_vantage] | Full fallback order: [xai → google → alpha_vantage → openai → local]
INFO: Skipping vendor 'xai' for 'get_news' (disabled for this process)
DEBUG: Attempting PRIMARY vendor 'google' for get_news (attempt #1)
DEBUG: Calling get_google_news from vendor 'google'...
Failed after multiple retries: RetryError[<Future at 0x11956c5d0 state=finished returned Response>]
SUCCESS: get_google_news from vendor 'google' completed successfully
SUCCESS: Vendor 'google' succeeded - Got 1 result(s)
DEBUG: Attempting PRIMARY vendor 'alpha_vantage' for get_news (attempt #2)
DEBUG: Calling get_news from vendor 'alpha_vantage'...
SUCCESS: get_news from vendor 'alpha_vantage' completed successfully
SUCCESS: Vendor 'alpha_vantage' succeeded - Got 1 result(s)
INFO: Skipping vendor 'openai' for 'get_news': backend API key is not configured for openai-compatible calls
DEBUG: Attempting FALLBACK vendor 'local' for get_news (attempt #3)
DEBUG: Vendor 'local' has multiple implementations: 3 functions
DEBUG: Calling get_google_news from vendor 'local'...
Failed after multiple retries: RetryError[<Future at 0x115662cd0 state=finished returned Response>]
SUCCESS: get_google_news from vendor 'google' completed successfully
SUCCESS: Vendor 'google' succeeded - Got 1 result(s)
DEBUG: Attempting PRIMARY vendor 'alpha_vantage' for get_news (attempt #2)
DEBUG: Calling get_news from vendor 'alpha_vantage'...
SUCCESS: get_news from vendor 'alpha_vantage' completed successfully
SUCCESS: Vendor 'alpha_vantage' succeeded - Got 1 result(s)
INFO: Skipping vendor 'openai' for 'get_news': backend API key is not configured for openai-compatible calls
DEBUG: Attempting FALLBACK vendor 'local' for get_news (attempt #3)
DEBUG: Vendor 'local' has multiple implementations: 3 functions
DEBUG: Calling get_google_news from vendor 'local'...
Failed after multiple retries: RetryError[<Future at 0x11956d850 state=finished returned Response>]
SUCCESS: get_google_news from vendor 'local' completed successfully
DEBUG: Calling get_finnhub_news from vendor 'local'...
SUCCESS: get_finnhub_news from vendor 'local' completed successfully
DEBUG: Calling get_reddit_company_news from vendor 'local'...
SUCCESS: get_reddit_company_news from vendor 'local' completed successfully
SUCCESS: Vendor 'local' succeeded - Got 3 result(s)
FINAL: Method 'get_news' completed with 5 result(s) from 3 vendor attempt(s)
DEBUG: get_news - Primary: [xai → google → alpha_vantage] | Full fallback order: [xai → google → alpha_vantage → openai → local]
INFO: Skipping vendor 'xai' for 'get_news' (disabled for this process)
DEBUG: Attempting PRIMARY vendor 'google' for get_news (attempt #1)
DEBUG: Calling get_google_news from vendor 'google'...
Failed after multiple retries: RetryError[<Future at 0x11a06d5d0 state=finished returned Response>]
SUCCESS: get_google_news from vendor 'google' completed successfully
SUCCESS: Vendor 'google' succeeded - Got 1 result(s)
DEBUG: Attempting PRIMARY vendor 'alpha_vantage' for get_news (attempt #2)
DEBUG: Calling get_news from vendor 'alpha_vantage'...
SUCCESS: get_news from vendor 'alpha_vantage' completed successfully
SUCCESS: Vendor 'alpha_vantage' succeeded - Got 1 result(s)
INFO: Skipping vendor 'openai' for 'get_news': backend API key is not configured for openai-compatible calls
DEBUG: Attempting FALLBACK vendor 'local' for get_news (attempt #3)
DEBUG: Vendor 'local' has multiple implementations: 3 functions
DEBUG: Calling get_google_news from vendor 'local'...
Failed after multiple retries: RetryError[<Future at 0x115660450 state=finished returned Response>]
SUCCESS: get_google_news from vendor 'google' completed successfully
SUCCESS: Vendor 'google' succeeded - Got 1 result(s)
DEBUG: Attempting PRIMARY vendor 'alpha_vantage' for get_news (attempt #2)
DEBUG: Calling get_news from vendor 'alpha_vantage'...
SUCCESS: get_news from vendor 'alpha_vantage' completed successfully
SUCCESS: Vendor 'alpha_vantage' succeeded - Got 1 result(s)
INFO: Skipping vendor 'openai' for 'get_news': backend API key is not configured for openai-compatible calls
DEBUG: Attempting FALLBACK vendor 'local' for get_news (attempt #3)
DEBUG: Vendor 'local' has multiple implementations: 3 functions
DEBUG: Calling get_google_news from vendor 'local'...
Failed after multiple retries: RetryError[<Future at 0x11a2a0150 state=finished returned Response>]
SUCCESS: get_google_news from vendor 'google' completed successfully
SUCCESS: Vendor 'google' succeeded - Got 1 result(s)
DEBUG: Attempting PRIMARY vendor 'alpha_vantage' for get_news (attempt #2)
DEBUG: Calling get_news from vendor 'alpha_vantage'...
SUCCESS: get_news from vendor 'alpha_vantage' completed successfully
SUCCESS: Vendor 'alpha_vantage' succeeded - Got 1 result(s)
INFO: Skipping vendor 'openai' for 'get_news': backend API key is not configured for openai-compatible calls
DEBUG: Attempting FALLBACK vendor 'local' for get_news (attempt #3)
DEBUG: Vendor 'local' has multiple implementations: 3 functions
DEBUG: Calling get_google_news from vendor 'local'...
Failed after multiple retries: RetryError[<Future at 0x1188826d0 state=finished returned Response>]
SUCCESS: get_google_news from vendor 'local' completed successfully
DEBUG: Calling get_finnhub_news from vendor 'local'...
SUCCESS: get_finnhub_news from vendor 'local' completed successfully
DEBUG: Calling get_reddit_company_news from vendor 'local'...
SUCCESS: get_reddit_company_news from vendor 'local' completed successfully
SUCCESS: Vendor 'local' succeeded - Got 3 result(s)
FINAL: Method 'get_news' completed with 5 result(s) from 3 vendor attempt(s)
DEBUG: get_news - Primary: [xai → google → alpha_vantage] | Full fallback order: [xai → google → alpha_vantage → openai → local]
INFO: Skipping vendor 'xai' for 'get_news' (disabled for this process)
DEBUG: Attempting PRIMARY vendor 'google' for get_news (attempt #1)
DEBUG: Calling get_google_news from vendor 'google'...
Failed after multiple retries: RetryError[<Future at 0x119fa2ad0 state=finished returned Response>]
SUCCESS: get_google_news from vendor 'local' completed successfully
DEBUG: Calling get_finnhub_news from vendor 'local'...
SUCCESS: get_finnhub_news from vendor 'local' completed successfully
DEBUG: Calling get_reddit_company_news from vendor 'local'...
SUCCESS: get_reddit_company_news from vendor 'local' completed successfully
SUCCESS: Vendor 'local' succeeded - Got 3 result(s)
FINAL: Method 'get_news' completed with 5 result(s) from 3 vendor attempt(s)
DEBUG: get_news - Primary: [xai → google → alpha_vantage] | Full fallback order: [xai → google → alpha_vantage → openai → local]
INFO: Skipping vendor 'xai' for 'get_news' (disabled for this process)
DEBUG: Attempting PRIMARY vendor 'google' for get_news (attempt #1)
DEBUG: Calling get_google_news from vendor 'google'...
Failed after multiple retries: RetryError[<Future at 0x119758250 state=finished returned Response>]
SUCCESS: get_google_news from vendor 'google' completed successfully
SUCCESS: Vendor 'google' succeeded - Got 1 result(s)
DEBUG: Attempting PRIMARY vendor 'alpha_vantage' for get_news (attempt #2)
DEBUG: Calling get_news from vendor 'alpha_vantage'...
SUCCESS: get_news from vendor 'alpha_vantage' completed successfully
SUCCESS: Vendor 'alpha_vantage' succeeded - Got 1 result(s)
INFO: Skipping vendor 'openai' for 'get_news': backend API key is not configured for openai-compatible calls
DEBUG: Attempting FALLBACK vendor 'local' for get_news (attempt #3)
DEBUG: Vendor 'local' has multiple implementations: 3 functions
DEBUG: Calling get_google_news from vendor 'local'...
Failed after multiple retries: RetryError[<Future at 0x119fa2ed0 state=finished returned Response>]
SUCCESS: get_google_news from vendor 'local' completed successfully
DEBUG: Calling get_finnhub_news from vendor 'local'...
SUCCESS: get_finnhub_news from vendor 'local' completed successfully
DEBUG: Calling get_reddit_company_news from vendor 'local'...
SUCCESS: get_reddit_company_news from vendor 'local' completed successfully
SUCCESS: Vendor 'local' succeeded - Got 3 result(s)
FINAL: Method 'get_news' completed with 5 result(s) from 3 vendor attempt(s)
DEBUG: get_news - Primary: [xai → google → alpha_vantage] | Full fallback order: [xai → google → alpha_vantage → openai → local]
INFO: Skipping vendor 'xai' for 'get_news' (disabled for this process)
DEBUG: Attempting PRIMARY vendor 'google' for get_news (attempt #1)
DEBUG: Calling get_google_news from vendor 'google'...
Failed after multiple retries: RetryError[<Future at 0x118845250 state=finished returned Response>]
SUCCESS: get_google_news from vendor 'local' completed successfully
DEBUG: Calling get_finnhub_news from vendor 'local'...
SUCCESS: get_finnhub_news from vendor 'local' completed successfully
DEBUG: Calling get_reddit_company_news from vendor 'local'...
SUCCESS: get_reddit_company_news from vendor 'local' completed successfully
SUCCESS: Vendor 'local' succeeded - Got 3 result(s)
FINAL: Method 'get_news' completed with 5 result(s) from 3 vendor attempt(s)
DEBUG: get_news - Primary: [xai → google → alpha_vantage] | Full fallback order: [xai → google → alpha_vantage → openai → local]
INFO: Skipping vendor 'xai' for 'get_news' (disabled for this process)
DEBUG: Attempting PRIMARY vendor 'google' for get_news (attempt #1)
DEBUG: Calling get_google_news from vendor 'google'...
Failed after multiple retries: RetryError[<Future at 0x119fa3450 state=finished returned Response>]
SUCCESS: get_google_news from vendor 'local' completed successfully
DEBUG: Calling get_finnhub_news from vendor 'local'...
SUCCESS: get_finnhub_news from vendor 'local' completed successfully
DEBUG: Calling get_reddit_company_news from vendor 'local'...
SUCCESS: get_reddit_company_news from vendor 'local' completed successfully
SUCCESS: Vendor 'local' succeeded - Got 3 result(s)
FINAL: Method 'get_news' completed with 5 result(s) from 3 vendor attempt(s)
DEBUG: get_news - Primary: [xai → google → alpha_vantage] | Full fallback order: [xai → google → alpha_vantage → openai → local]
INFO: Skipping vendor 'xai' for 'get_news' (disabled for this process)
DEBUG: Attempting PRIMARY vendor 'google' for get_news (attempt #1)
DEBUG: Calling get_google_news from vendor 'google'...
Failed after multiple retries: RetryError[<Future at 0x119fa1350 state=finished returned Response>]
SUCCESS: get_google_news from vendor 'google' completed successfully
SUCCESS: Vendor 'google' succeeded - Got 1 result(s)
DEBUG: Attempting PRIMARY vendor 'alpha_vantage' for get_news (attempt #2)
DEBUG: Calling get_news from vendor 'alpha_vantage'...
SUCCESS: get_news from vendor 'alpha_vantage' completed successfully
SUCCESS: Vendor 'alpha_vantage' succeeded - Got 1 result(s)
INFO: Skipping vendor 'openai' for 'get_news': backend API key is not configured for openai-compatible calls
DEBUG: Attempting FALLBACK vendor 'local' for get_news (attempt #3)
DEBUG: Vendor 'local' has multiple implementations: 3 functions
DEBUG: Calling get_google_news from vendor 'local'...
Failed after multiple retries: RetryError[<Future at 0x1197584d0 state=finished returned Response>]
SUCCESS: get_google_news from vendor 'google' completed successfully
SUCCESS: Vendor 'google' succeeded - Got 1 result(s)
DEBUG: Attempting PRIMARY vendor 'alpha_vantage' for get_news (attempt #2)
DEBUG: Calling get_news from vendor 'alpha_vantage'...
SUCCESS: get_news from vendor 'alpha_vantage' completed successfully
SUCCESS: Vendor 'alpha_vantage' succeeded - Got 1 result(s)
INFO: Skipping vendor 'openai' for 'get_news': backend API key is not configured for openai-compatible calls
DEBUG: Attempting FALLBACK vendor 'local' for get_news (attempt #3)
DEBUG: Vendor 'local' has multiple implementations: 3 functions
DEBUG: Calling get_google_news from vendor 'local'...
Failed after multiple retries: RetryError[<Future at 0x118940dd0 state=finished returned Response>]
SUCCESS: get_google_news from vendor 'local' completed successfully
DEBUG: Calling get_finnhub_news from vendor 'local'...
SUCCESS: get_finnhub_news from vendor 'local' completed successfully
DEBUG: Calling get_reddit_company_news from vendor 'local'...
SUCCESS: get_reddit_company_news from vendor 'local' completed successfully
SUCCESS: Vendor 'local' succeeded - Got 3 result(s)
FINAL: Method 'get_news' completed with 5 result(s) from 3 vendor attempt(s)
Failed after multiple retries: RetryError[<Future at 0x1188444d0 state=finished returned Response>]
SUCCESS: get_google_news from vendor 'google' completed successfully
SUCCESS: Vendor 'google' succeeded - Got 1 result(s)
DEBUG: Attempting PRIMARY vendor 'alpha_vantage' for get_news (attempt #2)
DEBUG: Calling get_news from vendor 'alpha_vantage'...
SUCCESS: get_news from vendor 'alpha_vantage' completed successfully
SUCCESS: Vendor 'alpha_vantage' succeeded - Got 1 result(s)
INFO: Skipping vendor 'openai' for 'get_news': backend API key is not configured for openai-compatible calls
DEBUG: Attempting FALLBACK vendor 'local' for get_news (attempt #3)
DEBUG: Vendor 'local' has multiple implementations: 3 functions
DEBUG: Calling get_google_news from vendor 'local'...
Failed after multiple retries: RetryError[<Future at 0x11a2a0f50 state=finished returned Response>]
SUCCESS: get_google_news from vendor 'google' completed successfully
SUCCESS: Vendor 'google' succeeded - Got 1 result(s)
DEBUG: Attempting PRIMARY vendor 'alpha_vantage' for get_news (attempt #2)
DEBUG: Calling get_news from vendor 'alpha_vantage'...
SUCCESS: get_news from vendor 'alpha_vantage' completed successfully
SUCCESS: Vendor 'alpha_vantage' succeeded - Got 1 result(s)
INFO: Skipping vendor 'openai' for 'get_news': backend API key is not configured for openai-compatible calls
DEBUG: Attempting FALLBACK vendor 'local' for get_news (attempt #3)
DEBUG: Vendor 'local' has multiple implementations: 3 functions
DEBUG: Calling get_google_news from vendor 'local'...
Failed after multiple retries: RetryError[<Future at 0x11956ee50 state=finished returned Response>]
SUCCESS: get_google_news from vendor 'google' completed successfully
SUCCESS: Vendor 'google' succeeded - Got 1 result(s)
DEBUG: Attempting PRIMARY vendor 'alpha_vantage' for get_news (attempt #2)
DEBUG: Calling get_news from vendor 'alpha_vantage'...
SUCCESS: get_news from vendor 'alpha_vantage' completed successfully
SUCCESS: Vendor 'alpha_vantage' succeeded - Got 1 result(s)
INFO: Skipping vendor 'openai' for 'get_news': backend API key is not configured for openai-compatible calls
DEBUG: Attempting FALLBACK vendor 'local' for get_news (attempt #3)
DEBUG: Vendor 'local' has multiple implementations: 3 functions
DEBUG: Calling get_google_news from vendor 'local'...
Failed after multiple retries: RetryError[<Future at 0x1196f1e50 state=finished returned Response>]
SUCCESS: get_google_news from vendor 'local' completed successfully
DEBUG: Calling get_finnhub_news from vendor 'local'...
SUCCESS: get_finnhub_news from vendor 'local' completed successfully
DEBUG: Calling get_reddit_company_news from vendor 'local'...
SUCCESS: get_reddit_company_news from vendor 'local' completed successfully
SUCCESS: Vendor 'local' succeeded - Got 3 result(s)
FINAL: Method 'get_news' completed with 5 result(s) from 3 vendor attempt(s)
DEBUG: get_news - Primary: [xai → google → alpha_vantage] | Full fallback order: [xai → google → alpha_vantage → openai → local]
INFO: Skipping vendor 'xai' for 'get_news' (disabled for this process)
DEBUG: Attempting PRIMARY vendor 'google' for get_news (attempt #1)
DEBUG: Calling get_google_news from vendor 'google'...
Failed after multiple retries: RetryError[<Future at 0x118876bd0 state=finished returned Response>]
SUCCESS: get_google_news from vendor 'local' completed successfully
DEBUG: Calling get_finnhub_news from vendor 'local'...
SUCCESS: get_finnhub_news from vendor 'local' completed successfully
DEBUG: Calling get_reddit_company_news from vendor 'local'...
SUCCESS: get_reddit_company_news from vendor 'local' completed successfully
SUCCESS: Vendor 'local' succeeded - Got 3 result(s)
FINAL: Method 'get_news' completed with 5 result(s) from 3 vendor attempt(s)
Failed after multiple retries: RetryError[<Future at 0x11916b150 state=finished returned Response>]
SUCCESS: get_google_news from vendor 'local' completed successfully
DEBUG: Calling get_finnhub_news from vendor 'local'...
SUCCESS: get_finnhub_news from vendor 'local' completed successfully
DEBUG: Calling get_reddit_company_news from vendor 'local'...
SUCCESS: get_reddit_company_news from vendor 'local' completed successfully
SUCCESS: Vendor 'local' succeeded - Got 3 result(s)
FINAL: Method 'get_news' completed with 5 result(s) from 3 vendor attempt(s)
DEBUG: get_news - Primary: [xai → google → alpha_vantage] | Full fallback order: [xai → google → alpha_vantage → openai → local]
INFO: Skipping vendor 'xai' for 'get_news' (disabled for this process)
DEBUG: Attempting PRIMARY vendor 'google' for get_news (attempt #1)
DEBUG: Calling get_google_news from vendor 'google'...
Failed after multiple retries: RetryError[<Future at 0x119759c50 state=finished returned Response>]
SUCCESS: get_google_news from vendor 'local' completed successfully
DEBUG: Calling get_finnhub_news from vendor 'local'...
SUCCESS: get_finnhub_news from vendor 'local' completed successfully
DEBUG: Calling get_reddit_company_news from vendor 'local'...
SUCCESS: get_reddit_company_news from vendor 'local' completed successfully
SUCCESS: Vendor 'local' succeeded - Got 3 result(s)
FINAL: Method 'get_news' completed with 5 result(s) from 3 vendor attempt(s)
DEBUG: get_news - Primary: [xai → google → alpha_vantage] | Full fallback order: [xai → google → alpha_vantage → openai → local]
INFO: Skipping vendor 'xai' for 'get_news' (disabled for this process)
DEBUG: Attempting PRIMARY vendor 'google' for get_news (attempt #1)
DEBUG: Calling get_google_news from vendor 'google'...
Failed after multiple retries: RetryError[<Future at 0x1196d94d0 state=finished returned Response>]
SUCCESS: get_google_news from vendor 'local' completed successfully
DEBUG: Calling get_finnhub_news from vendor 'local'...
SUCCESS: get_finnhub_news from vendor 'local' completed successfully
DEBUG: Calling get_reddit_company_news from vendor 'local'...
SUCCESS: get_reddit_company_news from vendor 'local' completed successfully
SUCCESS: Vendor 'local' succeeded - Got 3 result(s)
FINAL: Method 'get_news' completed with 5 result(s) from 3 vendor attempt(s)
DEBUG: get_news - Primary: [xai → google → alpha_vantage] | Full fallback order: [xai → google → alpha_vantage → openai → local]
INFO: Skipping vendor 'xai' for 'get_news' (disabled for this process)
DEBUG: Attempting PRIMARY vendor 'google' for get_news (attempt #1)
DEBUG: Calling get_google_news from vendor 'google'...
Failed after multiple retries: RetryError[<Future at 0x119736450 state=finished returned Response>]
SUCCESS: get_google_news from vendor 'google' completed successfully
SUCCESS: Vendor 'google' succeeded - Got 1 result(s)
DEBUG: Attempting PRIMARY vendor 'alpha_vantage' for get_news (attempt #2)
DEBUG: Calling get_news from vendor 'alpha_vantage'...
SUCCESS: get_news from vendor 'alpha_vantage' completed successfully
SUCCESS: Vendor 'alpha_vantage' succeeded - Got 1 result(s)
INFO: Skipping vendor 'openai' for 'get_news': backend API key is not configured for openai-compatible calls
DEBUG: Attempting FALLBACK vendor 'local' for get_news (attempt #3)
DEBUG: Vendor 'local' has multiple implementations: 3 functions
DEBUG: Calling get_google_news from vendor 'local'...
Failed after multiple retries: RetryError[<Future at 0x1188fc650 state=finished returned Response>]
SUCCESS: get_google_news from vendor 'google' completed successfully
SUCCESS: Vendor 'google' succeeded - Got 1 result(s)
DEBUG: Attempting PRIMARY vendor 'alpha_vantage' for get_news (attempt #2)
DEBUG: Calling get_news from vendor 'alpha_vantage'...
SUCCESS: get_news from vendor 'alpha_vantage' completed successfully
SUCCESS: Vendor 'alpha_vantage' succeeded - Got 1 result(s)
INFO: Skipping vendor 'openai' for 'get_news': backend API key is not configured for openai-compatible calls
DEBUG: Attempting FALLBACK vendor 'local' for get_news (attempt #3)
DEBUG: Vendor 'local' has multiple implementations: 3 functions
DEBUG: Calling get_google_news from vendor 'local'...
Failed after multiple retries: RetryError[<Future at 0x11971b550 state=finished returned Response>]
SUCCESS: get_google_news from vendor 'google' completed successfully
SUCCESS: Vendor 'google' succeeded - Got 1 result(s)
DEBUG: Attempting PRIMARY vendor 'alpha_vantage' for get_news (attempt #2)
DEBUG: Calling get_news from vendor 'alpha_vantage'...
SUCCESS: get_news from vendor 'alpha_vantage' completed successfully
SUCCESS: Vendor 'alpha_vantage' succeeded - Got 1 result(s)
INFO: Skipping vendor 'openai' for 'get_news': backend API key is not configured for openai-compatible calls
DEBUG: Attempting FALLBACK vendor 'local' for get_news (attempt #3)
DEBUG: Vendor 'local' has multiple implementations: 3 functions
DEBUG: Calling get_google_news from vendor 'local'...
Failed after multiple retries: RetryError[<Future at 0x1188805d0 state=finished returned Response>]
SUCCESS: get_google_news from vendor 'google' completed successfully
SUCCESS: Vendor 'google' succeeded - Got 1 result(s)
DEBUG: Attempting PRIMARY vendor 'alpha_vantage' for get_news (attempt #2)
DEBUG: Calling get_news from vendor 'alpha_vantage'...
SUCCESS: get_news from vendor 'alpha_vantage' completed successfully
SUCCESS: Vendor 'alpha_vantage' succeeded - Got 1 result(s)
INFO: Skipping vendor 'openai' for 'get_news': backend API key is not configured for openai-compatible calls
DEBUG: Attempting FALLBACK vendor 'local' for get_news (attempt #3)
DEBUG: Vendor 'local' has multiple implementations: 3 functions
DEBUG: Calling get_google_news from vendor 'local'...
Failed after multiple retries: RetryError[<Future at 0x11995a350 state=finished returned Response>]
SUCCESS: get_google_news from vendor 'local' completed successfully
DEBUG: Calling get_finnhub_news from vendor 'local'...
SUCCESS: get_finnhub_news from vendor 'local' completed successfully
DEBUG: Calling get_reddit_company_news from vendor 'local'...
SUCCESS: get_reddit_company_news from vendor 'local' completed successfully
SUCCESS: Vendor 'local' succeeded - Got 3 result(s)
FINAL: Method 'get_news' completed with 5 result(s) from 3 vendor attempt(s)
DEBUG: get_news - Primary: [xai → google → alpha_vantage] | Full fallback order: [xai → google → alpha_vantage → openai → local]
INFO: Skipping vendor 'xai' for 'get_news' (disabled for this process)
DEBUG: Attempting PRIMARY vendor 'google' for get_news (attempt #1)
DEBUG: Calling get_google_news from vendor 'google'...
Failed after multiple retries: RetryError[<Future at 0x11a2a32d0 state=finished returned Response>]
SUCCESS: get_google_news from vendor 'local' completed successfully
DEBUG: Calling get_finnhub_news from vendor 'local'...
SUCCESS: get_finnhub_news from vendor 'local' completed successfully
DEBUG: Calling get_reddit_company_news from vendor 'local'...
SUCCESS: get_reddit_company_news from vendor 'local' completed successfully
SUCCESS: Vendor 'local' succeeded - Got 3 result(s)
FINAL: Method 'get_news' completed with 5 result(s) from 3 vendor attempt(s)
DEBUG: get_news - Primary: [xai → google → alpha_vantage] | Full fallback order: [xai → google → alpha_vantage → openai → local]
INFO: Skipping vendor 'xai' for 'get_news' (disabled for this process)
DEBUG: Attempting PRIMARY vendor 'google' for get_news (attempt #1)
DEBUG: Calling get_google_news from vendor 'google'...
Failed after multiple retries: RetryError[<Future at 0x118941e50 state=finished returned Response>]
SUCCESS: get_google_news from vendor 'local' completed successfully
DEBUG: Calling get_finnhub_news from vendor 'local'...
SUCCESS: get_finnhub_news from vendor 'local' completed successfully
DEBUG: Calling get_reddit_company_news from vendor 'local'...
SUCCESS: get_reddit_company_news from vendor 'local' completed successfully
SUCCESS: Vendor 'local' succeeded - Got 3 result(s)
FINAL: Method 'get_news' completed with 5 result(s) from 3 vendor attempt(s)
Failed after multiple retries: RetryError[<Future at 0x119f7a9d0 state=finished returned Response>]
SUCCESS: get_google_news from vendor 'local' completed successfully
DEBUG: Calling get_finnhub_news from vendor 'local'...
SUCCESS: get_finnhub_news from vendor 'local' completed successfully
DEBUG: Calling get_reddit_company_news from vendor 'local'...
SUCCESS: get_reddit_company_news from vendor 'local' completed successfully
SUCCESS: Vendor 'local' succeeded - Got 3 result(s)
FINAL: Method 'get_news' completed with 5 result(s) from 3 vendor attempt(s)
Failed after multiple retries: RetryError[<Future at 0x119560fd0 state=finished returned Response>]
SUCCESS: get_google_news from vendor 'google' completed successfully
SUCCESS: Vendor 'google' succeeded - Got 1 result(s)
DEBUG: Attempting PRIMARY vendor 'alpha_vantage' for get_news (attempt #2)
DEBUG: Calling get_news from vendor 'alpha_vantage'...
SUCCESS: get_news from vendor 'alpha_vantage' completed successfully
SUCCESS: Vendor 'alpha_vantage' succeeded - Got 1 result(s)
INFO: Skipping vendor 'openai' for 'get_news': backend API key is not configured for openai-compatible calls
DEBUG: Attempting FALLBACK vendor 'local' for get_news (attempt #3)
DEBUG: Vendor 'local' has multiple implementations: 3 functions
DEBUG: Calling get_google_news from vendor 'local'...
Failed after multiple retries: RetryError[<Future at 0x119ed3850 state=finished returned Response>]
SUCCESS: get_google_news from vendor 'google' completed successfully
SUCCESS: Vendor 'google' succeeded - Got 1 result(s)
DEBUG: Attempting PRIMARY vendor 'alpha_vantage' for get_news (attempt #2)
DEBUG: Calling get_news from vendor 'alpha_vantage'...
SUCCESS: get_news from vendor 'alpha_vantage' completed successfully
SUCCESS: Vendor 'alpha_vantage' succeeded - Got 1 result(s)
INFO: Skipping vendor 'openai' for 'get_news': backend API key is not configured for openai-compatible calls
DEBUG: Attempting FALLBACK vendor 'local' for get_news (attempt #3)
DEBUG: Vendor 'local' has multiple implementations: 3 functions
DEBUG: Calling get_google_news from vendor 'local'...
Failed after multiple retries: RetryError[<Future at 0x11956cbd0 state=finished returned Response>]
SUCCESS: get_google_news from vendor 'local' completed successfully
DEBUG: Calling get_finnhub_news from vendor 'local'...
SUCCESS: get_finnhub_news from vendor 'local' completed successfully
DEBUG: Calling get_reddit_company_news from vendor 'local'...
SUCCESS: get_reddit_company_news from vendor 'local' completed successfully
SUCCESS: Vendor 'local' succeeded - Got 3 result(s)
FINAL: Method 'get_news' completed with 5 result(s) from 3 vendor attempt(s)
DEBUG: get_news - Primary: [xai → google → alpha_vantage] | Full fallback order: [xai → google → alpha_vantage → openai → local]
INFO: Skipping vendor 'xai' for 'get_news' (disabled for this process)
DEBUG: Attempting PRIMARY vendor 'google' for get_news (attempt #1)
DEBUG: Calling get_google_news from vendor 'google'...
Failed after multiple retries: RetryError[<Future at 0x1196f3050 state=finished returned Response>]
SUCCESS: get_google_news from vendor 'local' completed successfully
DEBUG: Calling get_finnhub_news from vendor 'local'...
SUCCESS: get_finnhub_news from vendor 'local' completed successfully
DEBUG: Calling get_reddit_company_news from vendor 'local'...
SUCCESS: get_reddit_company_news from vendor 'local' completed successfully
SUCCESS: Vendor 'local' succeeded - Got 3 result(s)
FINAL: Method 'get_news' completed with 5 result(s) from 3 vendor attempt(s)
DEBUG: get_news - Primary: [xai → google → alpha_vantage] | Full fallback order: [xai → google → alpha_vantage → openai → local]
INFO: Skipping vendor 'xai' for 'get_news' (disabled for this process)
DEBUG: Attempting PRIMARY vendor 'google' for get_news (attempt #1)
DEBUG: Calling get_google_news from vendor 'google'...
Failed after multiple retries: RetryError[<Future at 0x1197344d0 state=finished returned Response>]
SUCCESS: get_google_news from vendor 'google' completed successfully
SUCCESS: Vendor 'google' succeeded - Got 1 result(s)
DEBUG: Attempting PRIMARY vendor 'alpha_vantage' for get_news (attempt #2)
DEBUG: Calling get_news from vendor 'alpha_vantage'...
SUCCESS: get_news from vendor 'alpha_vantage' completed successfully
SUCCESS: Vendor 'alpha_vantage' succeeded - Got 1 result(s)
INFO: Skipping vendor 'openai' for 'get_news': backend API key is not configured for openai-compatible calls
DEBUG: Attempting FALLBACK vendor 'local' for get_news (attempt #3)
DEBUG: Vendor 'local' has multiple implementations: 3 functions
DEBUG: Calling get_google_news from vendor 'local'...
Failed after multiple retries: RetryError[<Future at 0x1198af2d0 state=finished returned Response>]
SUCCESS: get_google_news from vendor 'google' completed successfully
SUCCESS: Vendor 'google' succeeded - Got 1 result(s)
DEBUG: Attempting PRIMARY vendor 'alpha_vantage' for get_news (attempt #2)
DEBUG: Calling get_news from vendor 'alpha_vantage'...
SUCCESS: get_news from vendor 'alpha_vantage' completed successfully
SUCCESS: Vendor 'alpha_vantage' succeeded - Got 1 result(s)
INFO: Skipping vendor 'openai' for 'get_news': backend API key is not configured for openai-compatible calls
DEBUG: Attempting FALLBACK vendor 'local' for get_news (attempt #3)
DEBUG: Vendor 'local' has multiple implementations: 3 functions
DEBUG: Calling get_google_news from vendor 'local'...
Failed after multiple retries: RetryError[<Future at 0x119759e50 state=finished returned Response>]
SUCCESS: get_google_news from vendor 'local' completed successfully
DEBUG: Calling get_finnhub_news from vendor 'local'...
SUCCESS: get_finnhub_news from vendor 'local' completed successfully
DEBUG: Calling get_reddit_company_news from vendor 'local'...
SUCCESS: get_reddit_company_news from vendor 'local' completed successfully
SUCCESS: Vendor 'local' succeeded - Got 3 result(s)
FINAL: Method 'get_news' completed with 5 result(s) from 3 vendor attempt(s)
DEBUG: get_news - Primary: [xai → google → alpha_vantage] | Full fallback order: [xai → google → alpha_vantage → openai → local]
INFO: Skipping vendor 'xai' for 'get_news' (disabled for this process)
DEBUG: Attempting PRIMARY vendor 'google' for get_news (attempt #1)
DEBUG: Calling get_google_news from vendor 'google'...
Failed after multiple retries: RetryError[<Future at 0x11a256850 state=finished returned Response>]
SUCCESS: get_google_news from vendor 'local' completed successfully
DEBUG: Calling get_finnhub_news from vendor 'local'...
SUCCESS: get_finnhub_news from vendor 'local' completed successfully
DEBUG: Calling get_reddit_company_news from vendor 'local'...
SUCCESS: get_reddit_company_news from vendor 'local' completed successfully
SUCCESS: Vendor 'local' succeeded - Got 3 result(s)
FINAL: Method 'get_news' completed with 5 result(s) from 3 vendor attempt(s)
DEBUG: get_news - Primary: [xai → google → alpha_vantage] | Full fallback order: [xai → google → alpha_vantage → openai → local]
INFO: Skipping vendor 'xai' for 'get_news' (disabled for this process)
DEBUG: Attempting PRIMARY vendor 'google' for get_news (attempt #1)
DEBUG: Calling get_google_news from vendor 'google'...
Failed after multiple retries: RetryError[<Future at 0x1199dadd0 state=finished returned Response>]
SUCCESS: get_google_news from vendor 'google' completed successfully
SUCCESS: Vendor 'google' succeeded - Got 1 result(s)
DEBUG: Attempting PRIMARY vendor 'alpha_vantage' for get_news (attempt #2)
DEBUG: Calling get_news from vendor 'alpha_vantage'...
SUCCESS: get_news from vendor 'alpha_vantage' completed successfully
SUCCESS: Vendor 'alpha_vantage' succeeded - Got 1 result(s)
INFO: Skipping vendor 'openai' for 'get_news': backend API key is not configured for openai-compatible calls
DEBUG: Attempting FALLBACK vendor 'local' for get_news (attempt #3)
DEBUG: Vendor 'local' has multiple implementations: 3 functions
DEBUG: Calling get_google_news from vendor 'local'...
Failed after multiple retries: RetryError[<Future at 0x119a1bf50 state=finished returned Response>]
SUCCESS: get_google_news from vendor 'google' completed successfully
SUCCESS: Vendor 'google' succeeded - Got 1 result(s)
DEBUG: Attempting PRIMARY vendor 'alpha_vantage' for get_news (attempt #2)
DEBUG: Calling get_news from vendor 'alpha_vantage'...
SUCCESS: get_news from vendor 'alpha_vantage' completed successfully
SUCCESS: Vendor 'alpha_vantage' succeeded - Got 1 result(s)
INFO: Skipping vendor 'openai' for 'get_news': backend API key is not configured for openai-compatible calls
DEBUG: Attempting FALLBACK vendor 'local' for get_news (attempt #3)
DEBUG: Vendor 'local' has multiple implementations: 3 functions
DEBUG: Calling get_google_news from vendor 'local'...
Failed after multiple retries: RetryError[<Future at 0x119a8e650 state=finished returned Response>]
SUCCESS: get_google_news from vendor 'local' completed successfully
DEBUG: Calling get_finnhub_news from vendor 'local'...
SUCCESS: get_finnhub_news from vendor 'local' completed successfully
DEBUG: Calling get_reddit_company_news from vendor 'local'...
SUCCESS: get_reddit_company_news from vendor 'local' completed successfully
SUCCESS: Vendor 'local' succeeded - Got 3 result(s)
FINAL: Method 'get_news' completed with 5 result(s) from 3 vendor attempt(s)
DEBUG: get_news - Primary: [xai → google → alpha_vantage] | Full fallback order: [xai → google → alpha_vantage → openai → local]
INFO: Skipping vendor 'xai' for 'get_news' (disabled for this process)
DEBUG: Attempting PRIMARY vendor 'google' for get_news (attempt #1)
DEBUG: Calling get_google_news from vendor 'google'...
Failed after multiple retries: RetryError[<Future at 0x119a8f7d0 state=finished returned Response>]
SUCCESS: get_google_news from vendor 'local' completed successfully
DEBUG: Calling get_finnhub_news from vendor 'local'...
SUCCESS: get_finnhub_news from vendor 'local' completed successfully
DEBUG: Calling get_reddit_company_news from vendor 'local'...
SUCCESS: get_reddit_company_news from vendor 'local' completed successfully
SUCCESS: Vendor 'local' succeeded - Got 3 result(s)
FINAL: Method 'get_news' completed with 5 result(s) from 3 vendor attempt(s)
DEBUG: get_news - Primary: [xai → google → alpha_vantage] | Full fallback order: [xai → google → alpha_vantage → openai → local]
INFO: Skipping vendor 'xai' for 'get_news' (disabled for this process)
DEBUG: Attempting PRIMARY vendor 'google' for get_news (attempt #1)
DEBUG: Calling get_google_news from vendor 'google'...
Failed after multiple retries: RetryError[<Future at 0x119a195d0 state=finished returned Response>]
SUCCESS: get_google_news from vendor 'google' completed successfully
SUCCESS: Vendor 'google' succeeded - Got 1 result(s)
DEBUG: Attempting PRIMARY vendor 'alpha_vantage' for get_news (attempt #2)
DEBUG: Calling get_news from vendor 'alpha_vantage'...
SUCCESS: get_news from vendor 'alpha_vantage' completed successfully
SUCCESS: Vendor 'alpha_vantage' succeeded - Got 1 result(s)
INFO: Skipping vendor 'openai' for 'get_news': backend API key is not configured for openai-compatible calls
DEBUG: Attempting FALLBACK vendor 'local' for get_news (attempt #3)
DEBUG: Vendor 'local' has multiple implementations: 3 functions
DEBUG: Calling get_google_news from vendor 'local'...
Failed after multiple retries: RetryError[<Future at 0x11a2578d0 state=finished returned Response>]
SUCCESS: get_google_news from vendor 'google' completed successfully
SUCCESS: Vendor 'google' succeeded - Got 1 result(s)
DEBUG: Attempting PRIMARY vendor 'alpha_vantage' for get_news (attempt #2)
DEBUG: Calling get_news from vendor 'alpha_vantage'...
SUCCESS: get_news from vendor 'alpha_vantage' completed successfully
SUCCESS: Vendor 'alpha_vantage' succeeded - Got 1 result(s)
INFO: Skipping vendor 'openai' for 'get_news': backend API key is not configured for openai-compatible calls
DEBUG: Attempting FALLBACK vendor 'local' for get_news (attempt #3)
DEBUG: Vendor 'local' has multiple implementations: 3 functions
DEBUG: Calling get_google_news from vendor 'local'...
Failed after multiple retries: RetryError[<Future at 0x119a8d550 state=finished returned Response>]
SUCCESS: get_google_news from vendor 'local' completed successfully
DEBUG: Calling get_finnhub_news from vendor 'local'...
SUCCESS: get_finnhub_news from vendor 'local' completed successfully
DEBUG: Calling get_reddit_company_news from vendor 'local'...
SUCCESS: get_reddit_company_news from vendor 'local' completed successfully
SUCCESS: Vendor 'local' succeeded - Got 3 result(s)
FINAL: Method 'get_news' completed with 5 result(s) from 3 vendor attempt(s)
DEBUG: get_news - Primary: [xai → google → alpha_vantage] | Full fallback order: [xai → google → alpha_vantage → openai → local]
INFO: Skipping vendor 'xai' for 'get_news' (disabled for this process)
DEBUG: Attempting PRIMARY vendor 'google' for get_news (attempt #1)
DEBUG: Calling get_google_news from vendor 'google'...
Failed after multiple retries: RetryError[<Future at 0x11a20fcd0 state=finished returned Response>]
SUCCESS: get_google_news from vendor 'local' completed successfully
DEBUG: Calling get_finnhub_news from vendor 'local'...
SUCCESS: get_finnhub_news from vendor 'local' completed successfully
DEBUG: Calling get_reddit_company_news from vendor 'local'...
SUCCESS: get_reddit_company_news from vendor 'local' completed successfully
SUCCESS: Vendor 'local' succeeded - Got 3 result(s)
FINAL: Method 'get_news' completed with 5 result(s) from 3 vendor attempt(s)
DEBUG: get_news - Primary: [xai → google → alpha_vantage] | Full fallback order: [xai → google → alpha_vantage → openai → local]
INFO: Skipping vendor 'xai' for 'get_news' (disabled for this process)
DEBUG: Attempting PRIMARY vendor 'google' for get_news (attempt #1)
DEBUG: Calling get_google_news from vendor 'google'...
Failed after multiple retries: RetryError[<Future at 0x11a1e8050 state=finished returned Response>]
SUCCESS: get_google_news from vendor 'google' completed successfully
SUCCESS: Vendor 'google' succeeded - Got 1 result(s)
DEBUG: Attempting PRIMARY vendor 'alpha_vantage' for get_news (attempt #2)
DEBUG: Calling get_news from vendor 'alpha_vantage'...
SUCCESS: get_news from vendor 'alpha_vantage' completed successfully
SUCCESS: Vendor 'alpha_vantage' succeeded - Got 1 result(s)
INFO: Skipping vendor 'openai' for 'get_news': backend API key is not configured for openai-compatible calls
DEBUG: Attempting FALLBACK vendor 'local' for get_news (attempt #3)
DEBUG: Vendor 'local' has multiple implementations: 3 functions
DEBUG: Calling get_google_news from vendor 'local'...
Failed after multiple retries: RetryError[<Future at 0x11a217dd0 state=finished returned Response>]
SUCCESS: get_google_news from vendor 'google' completed successfully
SUCCESS: Vendor 'google' succeeded - Got 1 result(s)
DEBUG: Attempting PRIMARY vendor 'alpha_vantage' for get_news (attempt #2)
DEBUG: Calling get_news from vendor 'alpha_vantage'...
SUCCESS: get_news from vendor 'alpha_vantage' completed successfully
SUCCESS: Vendor 'alpha_vantage' succeeded - Got 1 result(s)
INFO: Skipping vendor 'openai' for 'get_news': backend API key is not configured for openai-compatible calls
DEBUG: Attempting FALLBACK vendor 'local' for get_news (attempt #3)
DEBUG: Vendor 'local' has multiple implementations: 3 functions
DEBUG: Calling get_google_news from vendor 'local'...
Failed after multiple retries: RetryError[<Future at 0x11a1ebad0 state=finished returned Response>]
SUCCESS: get_google_news from vendor 'local' completed successfully
DEBUG: Calling get_finnhub_news from vendor 'local'...
SUCCESS: get_finnhub_news from vendor 'local' completed successfully
DEBUG: Calling get_reddit_company_news from vendor 'local'...
SUCCESS: get_reddit_company_news from vendor 'local' completed successfully
SUCCESS: Vendor 'local' succeeded - Got 3 result(s)
FINAL: Method 'get_news' completed with 5 result(s) from 3 vendor attempt(s)
DEBUG: get_news - Primary: [xai → google → alpha_vantage] | Full fallback order: [xai → google → alpha_vantage → openai → local]
INFO: Skipping vendor 'xai' for 'get_news' (disabled for this process)
DEBUG: Attempting PRIMARY vendor 'google' for get_news (attempt #1)
DEBUG: Calling get_google_news from vendor 'google'...
Failed after multiple retries: RetryError[<Future at 0x11a1eb550 state=finished returned Response>]
SUCCESS: get_google_news from vendor 'local' completed successfully
DEBUG: Calling get_finnhub_news from vendor 'local'...
SUCCESS: get_finnhub_news from vendor 'local' completed successfully
DEBUG: Calling get_reddit_company_news from vendor 'local'...
SUCCESS: get_reddit_company_news from vendor 'local' completed successfully
SUCCESS: Vendor 'local' succeeded - Got 3 result(s)
FINAL: Method 'get_news' completed with 5 result(s) from 3 vendor attempt(s)
DEBUG: get_news - Primary: [xai → google → alpha_vantage] | Full fallback order: [xai → google → alpha_vantage → openai → local]
INFO: Skipping vendor 'xai' for 'get_news' (disabled for this process)
DEBUG: Attempting PRIMARY vendor 'google' for get_news (attempt #1)
DEBUG: Calling get_google_news from vendor 'google'...
Failed after multiple retries: RetryError[<Future at 0x11988d0d0 state=finished returned Response>]
SUCCESS: get_google_news from vendor 'google' completed successfully
SUCCESS: Vendor 'google' succeeded - Got 1 result(s)
DEBUG: Attempting PRIMARY vendor 'alpha_vantage' for get_news (attempt #2)
DEBUG: Calling get_news from vendor 'alpha_vantage'...
Failed after multiple retries: RetryError[<Future at 0x11a215c50 state=finished returned Response>]
SUCCESS: get_google_news from vendor 'google' completed successfully
SUCCESS: Vendor 'google' succeeded - Got 1 result(s)
DEBUG: Attempting PRIMARY vendor 'alpha_vantage' for get_news (attempt #2)
DEBUG: Calling get_news from vendor 'alpha_vantage'...
SUCCESS: get_news from vendor 'alpha_vantage' completed successfully
SUCCESS: Vendor 'alpha_vantage' succeeded - Got 1 result(s)
INFO: Skipping vendor 'openai' for 'get_news': backend API key is not configured for openai-compatible calls
DEBUG: Attempting FALLBACK vendor 'local' for get_news (attempt #3)
DEBUG: Vendor 'local' has multiple implementations: 3 functions
DEBUG: Calling get_google_news from vendor 'local'...
SUCCESS: get_news from vendor 'alpha_vantage' completed successfully
SUCCESS: Vendor 'alpha_vantage' succeeded - Got 1 result(s)
INFO: Skipping vendor 'openai' for 'get_news': backend API key is not configured for openai-compatible calls
DEBUG: Attempting FALLBACK vendor 'local' for get_news (attempt #3)
DEBUG: Vendor 'local' has multiple implementations: 3 functions
DEBUG: Calling get_google_news from vendor 'local'...
Failed after multiple retries: RetryError[<Future at 0x119a1a450 state=finished returned Response>]
SUCCESS: get_google_news from vendor 'local' completed successfully
DEBUG: Calling get_finnhub_news from vendor 'local'...
SUCCESS: get_finnhub_news from vendor 'local' completed successfully
DEBUG: Calling get_reddit_company_news from vendor 'local'...
SUCCESS: get_reddit_company_news from vendor 'local' completed successfully
SUCCESS: Vendor 'local' succeeded - Got 3 result(s)
FINAL: Method 'get_news' completed with 5 result(s) from 3 vendor attempt(s)
DEBUG: get_news - Primary: [xai → google → alpha_vantage] | Full fallback order: [xai → google → alpha_vantage → openai → local]
INFO: Skipping vendor 'xai' for 'get_news' (disabled for this process)
DEBUG: Attempting PRIMARY vendor 'google' for get_news (attempt #1)
DEBUG: Calling get_google_news from vendor 'google'...
Failed after multiple retries: RetryError[<Future at 0x119759a50 state=finished returned Response>]
SUCCESS: get_google_news from vendor 'local' completed successfully
DEBUG: Calling get_finnhub_news from vendor 'local'...
SUCCESS: get_finnhub_news from vendor 'local' completed successfully
DEBUG: Calling get_reddit_company_news from vendor 'local'...
SUCCESS: get_reddit_company_news from vendor 'local' completed successfully
SUCCESS: Vendor 'local' succeeded - Got 3 result(s)
FINAL: Method 'get_news' completed with 5 result(s) from 3 vendor attempt(s)
DEBUG: get_news - Primary: [xai → google → alpha_vantage] | Full fallback order: [xai → google → alpha_vantage → openai → local]
INFO: Skipping vendor 'xai' for 'get_news' (disabled for this process)
DEBUG: Attempting PRIMARY vendor 'google' for get_news (attempt #1)
DEBUG: Calling get_google_news from vendor 'google'...
Failed after multiple retries: RetryError[<Future at 0x11a1eb8d0 state=finished returned Response>]
SUCCESS: get_google_news from vendor 'google' completed successfully
SUCCESS: Vendor 'google' succeeded - Got 1 result(s)
DEBUG: Attempting PRIMARY vendor 'alpha_vantage' for get_news (attempt #2)
DEBUG: Calling get_news from vendor 'alpha_vantage'...
SUCCESS: get_news from vendor 'alpha_vantage' completed successfully
SUCCESS: Vendor 'alpha_vantage' succeeded - Got 1 result(s)
INFO: Skipping vendor 'openai' for 'get_news': backend API key is not configured for openai-compatible calls
DEBUG: Attempting FALLBACK vendor 'local' for get_news (attempt #3)
DEBUG: Vendor 'local' has multiple implementations: 3 functions
DEBUG: Calling get_google_news from vendor 'local'...
Failed after multiple retries: RetryError[<Future at 0x119a1bd50 state=finished returned Response>]
SUCCESS: get_google_news from vendor 'google' completed successfully
SUCCESS: Vendor 'google' succeeded - Got 1 result(s)
DEBUG: Attempting PRIMARY vendor 'alpha_vantage' for get_news (attempt #2)
DEBUG: Calling get_news from vendor 'alpha_vantage'...
SUCCESS: get_news from vendor 'alpha_vantage' completed successfully
SUCCESS: Vendor 'alpha_vantage' succeeded - Got 1 result(s)
INFO: Skipping vendor 'openai' for 'get_news': backend API key is not configured for openai-compatible calls
DEBUG: Attempting FALLBACK vendor 'local' for get_news (attempt #3)
DEBUG: Vendor 'local' has multiple implementations: 3 functions
DEBUG: Calling get_google_news from vendor 'local'...
Failed after multiple retries: RetryError[<Future at 0x11a2159d0 state=finished returned Response>]
SUCCESS: get_google_news from vendor 'local' completed successfully
DEBUG: Calling get_finnhub_news from vendor 'local'...
SUCCESS: get_finnhub_news from vendor 'local' completed successfully
DEBUG: Calling get_reddit_company_news from vendor 'local'...
SUCCESS: get_reddit_company_news from vendor 'local' completed successfully
SUCCESS: Vendor 'local' succeeded - Got 3 result(s)
FINAL: Method 'get_news' completed with 5 result(s) from 3 vendor attempt(s)
DEBUG: get_news - Primary: [xai → google → alpha_vantage] | Full fallback order: [xai → google → alpha_vantage → openai → local]
INFO: Skipping vendor 'xai' for 'get_news' (disabled for this process)
DEBUG: Attempting PRIMARY vendor 'google' for get_news (attempt #1)
DEBUG: Calling get_google_news from vendor 'google'...
Failed after multiple retries: RetryError[<Future at 0x119a8d7d0 state=finished returned Response>]
SUCCESS: get_google_news from vendor 'local' completed successfully
DEBUG: Calling get_finnhub_news from vendor 'local'...
SUCCESS: get_finnhub_news from vendor 'local' completed successfully
DEBUG: Calling get_reddit_company_news from vendor 'local'...
SUCCESS: get_reddit_company_news from vendor 'local' completed successfully
SUCCESS: Vendor 'local' succeeded - Got 3 result(s)
FINAL: Method 'get_news' completed with 5 result(s) from 3 vendor attempt(s)
DEBUG: get_news - Primary: [xai → google → alpha_vantage] | Full fallback order: [xai → google → alpha_vantage → openai → local]
INFO: Skipping vendor 'xai' for 'get_news' (disabled for this process)
DEBUG: Attempting PRIMARY vendor 'google' for get_news (attempt #1)
DEBUG: Calling get_google_news from vendor 'google'...
Failed after multiple retries: RetryError[<Future at 0x119843350 state=finished returned Response>]
SUCCESS: get_google_news from vendor 'google' completed successfully
SUCCESS: Vendor 'google' succeeded - Got 1 result(s)
DEBUG: Attempting PRIMARY vendor 'alpha_vantage' for get_news (attempt #2)
DEBUG: Calling get_news from vendor 'alpha_vantage'...
SUCCESS: get_news from vendor 'alpha_vantage' completed successfully
SUCCESS: Vendor 'alpha_vantage' succeeded - Got 1 result(s)
INFO: Skipping vendor 'openai' for 'get_news': backend API key is not configured for openai-compatible calls
DEBUG: Attempting FALLBACK vendor 'local' for get_news (attempt #3)
DEBUG: Vendor 'local' has multiple implementations: 3 functions
DEBUG: Calling get_google_news from vendor 'local'...
Failed after multiple retries: RetryError[<Future at 0x119842850 state=finished returned Response>]
SUCCESS: get_google_news from vendor 'google' completed successfully
SUCCESS: Vendor 'google' succeeded - Got 1 result(s)
DEBUG: Attempting PRIMARY vendor 'alpha_vantage' for get_news (attempt #2)
DEBUG: Calling get_news from vendor 'alpha_vantage'...
SUCCESS: get_news from vendor 'alpha_vantage' completed successfully
SUCCESS: Vendor 'alpha_vantage' succeeded - Got 1 result(s)
INFO: Skipping vendor 'openai' for 'get_news': backend API key is not configured for openai-compatible calls
DEBUG: Attempting FALLBACK vendor 'local' for get_news (attempt #3)
DEBUG: Vendor 'local' has multiple implementations: 3 functions
DEBUG: Calling get_google_news from vendor 'local'...
Failed after multiple retries: RetryError[<Future at 0x1198430d0 state=finished returned Response>]
SUCCESS: get_google_news from vendor 'local' completed successfully
DEBUG: Calling get_finnhub_news from vendor 'local'...
SUCCESS: get_finnhub_news from vendor 'local' completed successfully
DEBUG: Calling get_reddit_company_news from vendor 'local'...
SUCCESS: get_reddit_company_news from vendor 'local' completed successfully
SUCCESS: Vendor 'local' succeeded - Got 3 result(s)
FINAL: Method 'get_news' completed with 5 result(s) from 3 vendor attempt(s)
DEBUG: get_news - Primary: [xai → google → alpha_vantage] | Full fallback order: [xai → google → alpha_vantage → openai → local]
INFO: Skipping vendor 'xai' for 'get_news' (disabled for this process)
DEBUG: Attempting PRIMARY vendor 'google' for get_news (attempt #1)
DEBUG: Calling get_google_news from vendor 'google'...
Failed after multiple retries: RetryError[<Future at 0x11a256dd0 state=finished returned Response>]
SUCCESS: get_google_news from vendor 'local' completed successfully
DEBUG: Calling get_finnhub_news from vendor 'local'...
SUCCESS: get_finnhub_news from vendor 'local' completed successfully
DEBUG: Calling get_reddit_company_news from vendor 'local'...
SUCCESS: get_reddit_company_news from vendor 'local' completed successfully
SUCCESS: Vendor 'local' succeeded - Got 3 result(s)
FINAL: Method 'get_news' completed with 5 result(s) from 3 vendor attempt(s)
DEBUG: get_news - Primary: [xai → google → alpha_vantage] | Full fallback order: [xai → google → alpha_vantage → openai → local]
INFO: Skipping vendor 'xai' for 'get_news' (disabled for this process)
DEBUG: Attempting PRIMARY vendor 'google' for get_news (attempt #1)
DEBUG: Calling get_google_news from vendor 'google'...
Failed after multiple retries: RetryError[<Future at 0x119879ed0 state=finished returned Response>]
SUCCESS: get_google_news from vendor 'google' completed successfully
SUCCESS: Vendor 'google' succeeded - Got 1 result(s)
DEBUG: Attempting PRIMARY vendor 'alpha_vantage' for get_news (attempt #2)
DEBUG: Calling get_news from vendor 'alpha_vantage'...
SUCCESS: get_news from vendor 'alpha_vantage' completed successfully
SUCCESS: Vendor 'alpha_vantage' succeeded - Got 1 result(s)
INFO: Skipping vendor 'openai' for 'get_news': backend API key is not configured for openai-compatible calls
DEBUG: Attempting FALLBACK vendor 'local' for get_news (attempt #3)
DEBUG: Vendor 'local' has multiple implementations: 3 functions
DEBUG: Calling get_google_news from vendor 'local'...
Failed after multiple retries: RetryError[<Future at 0x11988efd0 state=finished returned Response>]
SUCCESS: get_google_news from vendor 'google' completed successfully
SUCCESS: Vendor 'google' succeeded - Got 1 result(s)
DEBUG: Attempting PRIMARY vendor 'alpha_vantage' for get_news (attempt #2)
DEBUG: Calling get_news from vendor 'alpha_vantage'...
SUCCESS: get_news from vendor 'alpha_vantage' completed successfully
SUCCESS: Vendor 'alpha_vantage' succeeded - Got 1 result(s)
INFO: Skipping vendor 'openai' for 'get_news': backend API key is not configured for openai-compatible calls
DEBUG: Attempting FALLBACK vendor 'local' for get_news (attempt #3)
DEBUG: Vendor 'local' has multiple implementations: 3 functions
DEBUG: Calling get_google_news from vendor 'local'...
Failed after multiple retries: RetryError[<Future at 0x119842550 state=finished returned Response>]
SUCCESS: get_google_news from vendor 'local' completed successfully
DEBUG: Calling get_finnhub_news from vendor 'local'...
SUCCESS: get_finnhub_news from vendor 'local' completed successfully
DEBUG: Calling get_reddit_company_news from vendor 'local'...
SUCCESS: get_reddit_company_news from vendor 'local' completed successfully
SUCCESS: Vendor 'local' succeeded - Got 3 result(s)
FINAL: Method 'get_news' completed with 5 result(s) from 3 vendor attempt(s)
DEBUG: get_news - Primary: [xai → google → alpha_vantage] | Full fallback order: [xai → google → alpha_vantage → openai → local]
INFO: Skipping vendor 'xai' for 'get_news' (disabled for this process)
DEBUG: Attempting PRIMARY vendor 'google' for get_news (attempt #1)
DEBUG: Calling get_google_news from vendor 'google'...
Failed after multiple retries: RetryError[<Future at 0x11985d6d0 state=finished returned Response>]
SUCCESS: get_google_news from vendor 'local' completed successfully
DEBUG: Calling get_finnhub_news from vendor 'local'...
SUCCESS: get_finnhub_news from vendor 'local' completed successfully
DEBUG: Calling get_reddit_company_news from vendor 'local'...
SUCCESS: get_reddit_company_news from vendor 'local' completed successfully
SUCCESS: Vendor 'local' succeeded - Got 3 result(s)
FINAL: Method 'get_news' completed with 5 result(s) from 3 vendor attempt(s)
DEBUG: get_news - Primary: [xai → google → alpha_vantage] | Full fallback order: [xai → google → alpha_vantage → openai → local]
INFO: Skipping vendor 'xai' for 'get_news' (disabled for this process)
DEBUG: Attempting PRIMARY vendor 'google' for get_news (attempt #1)
DEBUG: Calling get_google_news from vendor 'google'...
Failed after multiple retries: RetryError[<Future at 0x11985db50 state=finished returned Response>]
SUCCESS: get_google_news from vendor 'google' completed successfully
SUCCESS: Vendor 'google' succeeded - Got 1 result(s)
DEBUG: Attempting PRIMARY vendor 'alpha_vantage' for get_news (attempt #2)
DEBUG: Calling get_news from vendor 'alpha_vantage'...
SUCCESS: get_news from vendor 'alpha_vantage' completed successfully
SUCCESS: Vendor 'alpha_vantage' succeeded - Got 1 result(s)
INFO: Skipping vendor 'openai' for 'get_news': backend API key is not configured for openai-compatible calls
DEBUG: Attempting FALLBACK vendor 'local' for get_news (attempt #3)
DEBUG: Vendor 'local' has multiple implementations: 3 functions
DEBUG: Calling get_google_news from vendor 'local'...
Failed after multiple retries: RetryError[<Future at 0x11985f9d0 state=finished returned Response>]
SUCCESS: get_google_news from vendor 'google' completed successfully
SUCCESS: Vendor 'google' succeeded - Got 1 result(s)
DEBUG: Attempting PRIMARY vendor 'alpha_vantage' for get_news (attempt #2)
DEBUG: Calling get_news from vendor 'alpha_vantage'...
SUCCESS: get_news from vendor 'alpha_vantage' completed successfully
SUCCESS: Vendor 'alpha_vantage' succeeded - Got 1 result(s)
INFO: Skipping vendor 'openai' for 'get_news': backend API key is not configured for openai-compatible calls
DEBUG: Attempting FALLBACK vendor 'local' for get_news (attempt #3)
DEBUG: Vendor 'local' has multiple implementations: 3 functions
DEBUG: Calling get_google_news from vendor 'local'...
Failed after multiple retries: RetryError[<Future at 0x11985fdd0 state=finished returned Response>]
SUCCESS: get_google_news from vendor 'local' completed successfully
DEBUG: Calling get_finnhub_news from vendor 'local'...
SUCCESS: get_finnhub_news from vendor 'local' completed successfully
DEBUG: Calling get_reddit_company_news from vendor 'local'...
SUCCESS: get_reddit_company_news from vendor 'local' completed successfully
SUCCESS: Vendor 'local' succeeded - Got 3 result(s)
FINAL: Method 'get_news' completed with 5 result(s) from 3 vendor attempt(s)
DEBUG: get_news - Primary: [xai → google → alpha_vantage] | Full fallback order: [xai → google → alpha_vantage → openai → local]
INFO: Skipping vendor 'xai' for 'get_news' (disabled for this process)
DEBUG: Attempting PRIMARY vendor 'google' for get_news (attempt #1)
DEBUG: Calling get_google_news from vendor 'google'...
Failed after multiple retries: RetryError[<Future at 0x1198e42d0 state=finished returned Response>]
SUCCESS: get_google_news from vendor 'local' completed successfully
DEBUG: Calling get_finnhub_news from vendor 'local'...
SUCCESS: get_finnhub_news from vendor 'local' completed successfully
DEBUG: Calling get_reddit_company_news from vendor 'local'...
SUCCESS: get_reddit_company_news from vendor 'local' completed successfully
SUCCESS: Vendor 'local' succeeded - Got 3 result(s)
FINAL: Method 'get_news' completed with 5 result(s) from 3 vendor attempt(s)
DEBUG: get_news - Primary: [xai → google → alpha_vantage] | Full fallback order: [xai → google → alpha_vantage → openai → local]
INFO: Skipping vendor 'xai' for 'get_news' (disabled for this process)
DEBUG: Attempting PRIMARY vendor 'google' for get_news (attempt #1)
DEBUG: Calling get_google_news from vendor 'google'...
Failed after multiple retries: RetryError[<Future at 0x1198e6b50 state=finished returned Response>]
SUCCESS: get_google_news from vendor 'google' completed successfully
SUCCESS: Vendor 'google' succeeded - Got 1 result(s)
DEBUG: Attempting PRIMARY vendor 'alpha_vantage' for get_news (attempt #2)
DEBUG: Calling get_news from vendor 'alpha_vantage'...
SUCCESS: get_news from vendor 'alpha_vantage' completed successfully
SUCCESS: Vendor 'alpha_vantage' succeeded - Got 1 result(s)
INFO: Skipping vendor 'openai' for 'get_news': backend API key is not configured for openai-compatible calls
DEBUG: Attempting FALLBACK vendor 'local' for get_news (attempt #3)
DEBUG: Vendor 'local' has multiple implementations: 3 functions
DEBUG: Calling get_google_news from vendor 'local'...
Failed after multiple retries: RetryError[<Future at 0x1198439d0 state=finished returned Response>]
SUCCESS: get_google_news from vendor 'google' completed successfully
SUCCESS: Vendor 'google' succeeded - Got 1 result(s)
DEBUG: Attempting PRIMARY vendor 'alpha_vantage' for get_news (attempt #2)
DEBUG: Calling get_news from vendor 'alpha_vantage'...
SUCCESS: get_news from vendor 'alpha_vantage' completed successfully
SUCCESS: Vendor 'alpha_vantage' succeeded - Got 1 result(s)
INFO: Skipping vendor 'openai' for 'get_news': backend API key is not configured for openai-compatible calls
DEBUG: Attempting FALLBACK vendor 'local' for get_news (attempt #3)
DEBUG: Vendor 'local' has multiple implementations: 3 functions
DEBUG: Calling get_google_news from vendor 'local'...
Failed after multiple retries: RetryError[<Future at 0x11988dd50 state=finished returned Response>]
SUCCESS: get_google_news from vendor 'local' completed successfully
DEBUG: Calling get_finnhub_news from vendor 'local'...
SUCCESS: get_finnhub_news from vendor 'local' completed successfully
DEBUG: Calling get_reddit_company_news from vendor 'local'...
SUCCESS: get_reddit_company_news from vendor 'local' completed successfully
SUCCESS: Vendor 'local' succeeded - Got 3 result(s)
FINAL: Method 'get_news' completed with 5 result(s) from 3 vendor attempt(s)
DEBUG: get_news - Primary: [xai → google → alpha_vantage] | Full fallback order: [xai → google → alpha_vantage → openai → local]
INFO: Skipping vendor 'xai' for 'get_news' (disabled for this process)
DEBUG: Attempting PRIMARY vendor 'google' for get_news (attempt #1)
DEBUG: Calling get_google_news from vendor 'google'...
Failed after multiple retries: RetryError[<Future at 0x11985f150 state=finished returned Response>]
SUCCESS: get_google_news from vendor 'local' completed successfully
DEBUG: Calling get_finnhub_news from vendor 'local'...
SUCCESS: get_finnhub_news from vendor 'local' completed successfully
DEBUG: Calling get_reddit_company_news from vendor 'local'...
SUCCESS: get_reddit_company_news from vendor 'local' completed successfully
SUCCESS: Vendor 'local' succeeded - Got 3 result(s)
FINAL: Method 'get_news' completed with 5 result(s) from 3 vendor attempt(s)
DEBUG: get_news - Primary: [xai → google → alpha_vantage] | Full fallback order: [xai → google → alpha_vantage → openai → local]
INFO: Skipping vendor 'xai' for 'get_news' (disabled for this process)
DEBUG: Attempting PRIMARY vendor 'google' for get_news (attempt #1)
DEBUG: Calling get_google_news from vendor 'google'...
Failed after multiple retries: RetryError[<Future at 0x119965ed0 state=finished returned Response>]
SUCCESS: get_google_news from vendor 'google' completed successfully
SUCCESS: Vendor 'google' succeeded - Got 1 result(s)
DEBUG: Attempting PRIMARY vendor 'alpha_vantage' for get_news (attempt #2)
DEBUG: Calling get_news from vendor 'alpha_vantage'...
SUCCESS: get_news from vendor 'alpha_vantage' completed successfully
SUCCESS: Vendor 'alpha_vantage' succeeded - Got 1 result(s)
INFO: Skipping vendor 'openai' for 'get_news': backend API key is not configured for openai-compatible calls
DEBUG: Attempting FALLBACK vendor 'local' for get_news (attempt #3)
DEBUG: Vendor 'local' has multiple implementations: 3 functions
DEBUG: Calling get_google_news from vendor 'local'...
Failed after multiple retries: RetryError[<Future at 0x1198d0e50 state=finished returned Response>]
SUCCESS: get_google_news from vendor 'google' completed successfully
SUCCESS: Vendor 'google' succeeded - Got 1 result(s)
DEBUG: Attempting PRIMARY vendor 'alpha_vantage' for get_news (attempt #2)
DEBUG: Calling get_news from vendor 'alpha_vantage'...
SUCCESS: get_news from vendor 'alpha_vantage' completed successfully
SUCCESS: Vendor 'alpha_vantage' succeeded - Got 1 result(s)
INFO: Skipping vendor 'openai' for 'get_news': backend API key is not configured for openai-compatible calls
DEBUG: Attempting FALLBACK vendor 'local' for get_news (attempt #3)
DEBUG: Vendor 'local' has multiple implementations: 3 functions
DEBUG: Calling get_google_news from vendor 'local'...
Failed after multiple retries: RetryError[<Future at 0x1198d16d0 state=finished returned Response>]
SUCCESS: get_google_news from vendor 'local' completed successfully
DEBUG: Calling get_finnhub_news from vendor 'local'...
SUCCESS: get_finnhub_news from vendor 'local' completed successfully
DEBUG: Calling get_reddit_company_news from vendor 'local'...
SUCCESS: get_reddit_company_news from vendor 'local' completed successfully
SUCCESS: Vendor 'local' succeeded - Got 3 result(s)
FINAL: Method 'get_news' completed with 5 result(s) from 3 vendor attempt(s)
DEBUG: get_news - Primary: [xai → google → alpha_vantage] | Full fallback order: [xai → google → alpha_vantage → openai → local]
INFO: Skipping vendor 'xai' for 'get_news' (disabled for this process)
DEBUG: Attempting PRIMARY vendor 'google' for get_news (attempt #1)
DEBUG: Calling get_google_news from vendor 'google'...
Failed after multiple retries: RetryError[<Future at 0x1199724d0 state=finished returned Response>]
SUCCESS: get_google_news from vendor 'local' completed successfully
DEBUG: Calling get_finnhub_news from vendor 'local'...
SUCCESS: get_finnhub_news from vendor 'local' completed successfully
DEBUG: Calling get_reddit_company_news from vendor 'local'...
SUCCESS: get_reddit_company_news from vendor 'local' completed successfully
SUCCESS: Vendor 'local' succeeded - Got 3 result(s)
FINAL: Method 'get_news' completed with 5 result(s) from 3 vendor attempt(s)
DEBUG: get_news - Primary: [xai → google → alpha_vantage] | Full fallback order: [xai → google → alpha_vantage → openai → local]
INFO: Skipping vendor 'xai' for 'get_news' (disabled for this process)
DEBUG: Attempting PRIMARY vendor 'google' for get_news (attempt #1)
DEBUG: Calling get_google_news from vendor 'google'...
Failed after multiple retries: RetryError[<Future at 0x119971050 state=finished returned Response>]
SUCCESS: get_google_news from vendor 'google' completed successfully
SUCCESS: Vendor 'google' succeeded - Got 1 result(s)
DEBUG: Attempting PRIMARY vendor 'alpha_vantage' for get_news (attempt #2)
DEBUG: Calling get_news from vendor 'alpha_vantage'...
SUCCESS: get_news from vendor 'alpha_vantage' completed successfully
SUCCESS: Vendor 'alpha_vantage' succeeded - Got 1 result(s)
INFO: Skipping vendor 'openai' for 'get_news': backend API key is not configured for openai-compatible calls
DEBUG: Attempting FALLBACK vendor 'local' for get_news (attempt #3)
DEBUG: Vendor 'local' has multiple implementations: 3 functions
DEBUG: Calling get_google_news from vendor 'local'...
Failed after multiple retries: RetryError[<Future at 0x119972cd0 state=finished returned Response>]
SUCCESS: get_google_news from vendor 'google' completed successfully
SUCCESS: Vendor 'google' succeeded - Got 1 result(s)
DEBUG: Attempting PRIMARY vendor 'alpha_vantage' for get_news (attempt #2)
DEBUG: Calling get_news from vendor 'alpha_vantage'...
SUCCESS: get_news from vendor 'alpha_vantage' completed successfully
SUCCESS: Vendor 'alpha_vantage' succeeded - Got 1 result(s)
INFO: Skipping vendor 'openai' for 'get_news': backend API key is not configured for openai-compatible calls
DEBUG: Attempting FALLBACK vendor 'local' for get_news (attempt #3)
DEBUG: Vendor 'local' has multiple implementations: 3 functions
DEBUG: Calling get_google_news from vendor 'local'...
Failed after multiple retries: RetryError[<Future at 0x1199a61d0 state=finished returned Response>]
SUCCESS: get_google_news from vendor 'local' completed successfully
DEBUG: Calling get_finnhub_news from vendor 'local'...
SUCCESS: get_finnhub_news from vendor 'local' completed successfully
DEBUG: Calling get_reddit_company_news from vendor 'local'...
SUCCESS: get_reddit_company_news from vendor 'local' completed successfully
SUCCESS: Vendor 'local' succeeded - Got 3 result(s)
FINAL: Method 'get_news' completed with 5 result(s) from 3 vendor attempt(s)
DEBUG: get_news - Primary: [xai → google → alpha_vantage] | Full fallback order: [xai → google → alpha_vantage → openai → local]
INFO: Skipping vendor 'xai' for 'get_news' (disabled for this process)
DEBUG: Attempting PRIMARY vendor 'google' for get_news (attempt #1)
DEBUG: Calling get_google_news from vendor 'google'...
Failed after multiple retries: RetryError[<Future at 0x1199a6cd0 state=finished returned Response>]
SUCCESS: get_google_news from vendor 'local' completed successfully
DEBUG: Calling get_finnhub_news from vendor 'local'...
SUCCESS: get_finnhub_news from vendor 'local' completed successfully
DEBUG: Calling get_reddit_company_news from vendor 'local'...
SUCCESS: get_reddit_company_news from vendor 'local' completed successfully
SUCCESS: Vendor 'local' succeeded - Got 3 result(s)
FINAL: Method 'get_news' completed with 5 result(s) from 3 vendor attempt(s)
DEBUG: get_news - Primary: [xai → google → alpha_vantage] | Full fallback order: [xai → google → alpha_vantage → openai → local]
INFO: Skipping vendor 'xai' for 'get_news' (disabled for this process)
DEBUG: Attempting PRIMARY vendor 'google' for get_news (attempt #1)
DEBUG: Calling get_google_news from vendor 'google'...
Failed after multiple retries: RetryError[<Future at 0x11985ccd0 state=finished returned Response>]
SUCCESS: get_google_news from vendor 'google' completed successfully
SUCCESS: Vendor 'google' succeeded - Got 1 result(s)
DEBUG: Attempting PRIMARY vendor 'alpha_vantage' for get_news (attempt #2)
DEBUG: Calling get_news from vendor 'alpha_vantage'...
SUCCESS: get_news from vendor 'alpha_vantage' completed successfully
SUCCESS: Vendor 'alpha_vantage' succeeded - Got 1 result(s)
INFO: Skipping vendor 'openai' for 'get_news': backend API key is not configured for openai-compatible calls
DEBUG: Attempting FALLBACK vendor 'local' for get_news (attempt #3)
DEBUG: Vendor 'local' has multiple implementations: 3 functions
DEBUG: Calling get_google_news from vendor 'local'...
Failed after multiple retries: RetryError[<Future at 0x1199a6350 state=finished returned Response>]
SUCCESS: get_google_news from vendor 'google' completed successfully
SUCCESS: Vendor 'google' succeeded - Got 1 result(s)
DEBUG: Attempting PRIMARY vendor 'alpha_vantage' for get_news (attempt #2)
DEBUG: Calling get_news from vendor 'alpha_vantage'...
SUCCESS: get_news from vendor 'alpha_vantage' completed successfully
SUCCESS: Vendor 'alpha_vantage' succeeded - Got 1 result(s)
INFO: Skipping vendor 'openai' for 'get_news': backend API key is not configured for openai-compatible calls
DEBUG: Attempting FALLBACK vendor 'local' for get_news (attempt #3)
DEBUG: Vendor 'local' has multiple implementations: 3 functions
DEBUG: Calling get_google_news from vendor 'local'...
Failed after multiple retries: RetryError[<Future at 0x1199703d0 state=finished returned Response>]
SUCCESS: get_google_news from vendor 'local' completed successfully
DEBUG: Calling get_finnhub_news from vendor 'local'...
SUCCESS: get_finnhub_news from vendor 'local' completed successfully
DEBUG: Calling get_reddit_company_news from vendor 'local'...
SUCCESS: get_reddit_company_news from vendor 'local' completed successfully
SUCCESS: Vendor 'local' succeeded - Got 3 result(s)
FINAL: Method 'get_news' completed with 5 result(s) from 3 vendor attempt(s)
DEBUG: get_news - Primary: [xai → google → alpha_vantage] | Full fallback order: [xai → google → alpha_vantage → openai → local]
INFO: Skipping vendor 'xai' for 'get_news' (disabled for this process)
DEBUG: Attempting PRIMARY vendor 'google' for get_news (attempt #1)
DEBUG: Calling get_google_news from vendor 'google'...
Failed after multiple retries: RetryError[<Future at 0x119c292d0 state=finished returned Response>]
SUCCESS: get_google_news from vendor 'local' completed successfully
DEBUG: Calling get_finnhub_news from vendor 'local'...
SUCCESS: get_finnhub_news from vendor 'local' completed successfully
DEBUG: Calling get_reddit_company_news from vendor 'local'...
SUCCESS: get_reddit_company_news from vendor 'local' completed successfully
SUCCESS: Vendor 'local' succeeded - Got 3 result(s)
FINAL: Method 'get_news' completed with 5 result(s) from 3 vendor attempt(s)
DEBUG: get_news - Primary: [xai → google → alpha_vantage] | Full fallback order: [xai → google → alpha_vantage → openai → local]
INFO: Skipping vendor 'xai' for 'get_news' (disabled for this process)
DEBUG: Attempting PRIMARY vendor 'google' for get_news (attempt #1)
DEBUG: Calling get_google_news from vendor 'google'...
Failed after multiple retries: RetryError[<Future at 0x1198e63d0 state=finished returned Response>]
SUCCESS: get_google_news from vendor 'google' completed successfully
SUCCESS: Vendor 'google' succeeded - Got 1 result(s)
DEBUG: Attempting PRIMARY vendor 'alpha_vantage' for get_news (attempt #2)
DEBUG: Calling get_news from vendor 'alpha_vantage'...
SUCCESS: get_news from vendor 'alpha_vantage' completed successfully
SUCCESS: Vendor 'alpha_vantage' succeeded - Got 1 result(s)
INFO: Skipping vendor 'openai' for 'get_news': backend API key is not configured for openai-compatible calls
DEBUG: Attempting FALLBACK vendor 'local' for get_news (attempt #3)
DEBUG: Vendor 'local' has multiple implementations: 3 functions
DEBUG: Calling get_google_news from vendor 'local'...
Failed after multiple retries: RetryError[<Future at 0x1199a7150 state=finished returned Response>]
SUCCESS: get_google_news from vendor 'google' completed successfully
SUCCESS: Vendor 'google' succeeded - Got 1 result(s)
DEBUG: Attempting PRIMARY vendor 'alpha_vantage' for get_news (attempt #2)
DEBUG: Calling get_news from vendor 'alpha_vantage'...
SUCCESS: get_news from vendor 'alpha_vantage' completed successfully
SUCCESS: Vendor 'alpha_vantage' succeeded - Got 1 result(s)
INFO: Skipping vendor 'openai' for 'get_news': backend API key is not configured for openai-compatible calls
DEBUG: Attempting FALLBACK vendor 'local' for get_news (attempt #3)
DEBUG: Vendor 'local' has multiple implementations: 3 functions
DEBUG: Calling get_google_news from vendor 'local'...
Failed after multiple retries: RetryError[<Future at 0x119c387d0 state=finished returned Response>]
SUCCESS: get_google_news from vendor 'local' completed successfully
DEBUG: Calling get_finnhub_news from vendor 'local'...
SUCCESS: get_finnhub_news from vendor 'local' completed successfully
DEBUG: Calling get_reddit_company_news from vendor 'local'...
SUCCESS: get_reddit_company_news from vendor 'local' completed successfully
SUCCESS: Vendor 'local' succeeded - Got 3 result(s)
FINAL: Method 'get_news' completed with 5 result(s) from 3 vendor attempt(s)
DEBUG: get_news - Primary: [xai → google → alpha_vantage] | Full fallback order: [xai → google → alpha_vantage → openai → local]
INFO: Skipping vendor 'xai' for 'get_news' (disabled for this process)
DEBUG: Attempting PRIMARY vendor 'google' for get_news (attempt #1)
DEBUG: Calling get_google_news from vendor 'google'...
Failed after multiple retries: RetryError[<Future at 0x115b500d0 state=finished returned Response>]
SUCCESS: get_google_news from vendor 'local' completed successfully
DEBUG: Calling get_finnhub_news from vendor 'local'...
SUCCESS: get_finnhub_news from vendor 'local' completed successfully
DEBUG: Calling get_reddit_company_news from vendor 'local'...
SUCCESS: get_reddit_company_news from vendor 'local' completed successfully
SUCCESS: Vendor 'local' succeeded - Got 3 result(s)
FINAL: Method 'get_news' completed with 5 result(s) from 3 vendor attempt(s)
DEBUG: get_news - Primary: [xai → google → alpha_vantage] | Full fallback order: [xai → google → alpha_vantage → openai → local]
INFO: Skipping vendor 'xai' for 'get_news' (disabled for this process)
DEBUG: Attempting PRIMARY vendor 'google' for get_news (attempt #1)
DEBUG: Calling get_google_news from vendor 'google'...
Failed after multiple retries: RetryError[<Future at 0x1199a4dd0 state=finished returned Response>]
SUCCESS: get_google_news from vendor 'google' completed successfully
SUCCESS: Vendor 'google' succeeded - Got 1 result(s)
DEBUG: Attempting PRIMARY vendor 'alpha_vantage' for get_news (attempt #2)
DEBUG: Calling get_news from vendor 'alpha_vantage'...
SUCCESS: get_news from vendor 'alpha_vantage' completed successfully
SUCCESS: Vendor 'alpha_vantage' succeeded - Got 1 result(s)
INFO: Skipping vendor 'openai' for 'get_news': backend API key is not configured for openai-compatible calls
DEBUG: Attempting FALLBACK vendor 'local' for get_news (attempt #3)
DEBUG: Vendor 'local' has multiple implementations: 3 functions
DEBUG: Calling get_google_news from vendor 'local'...
Failed after multiple retries: RetryError[<Future at 0x119c7af50 state=finished returned Response>]
SUCCESS: get_google_news from vendor 'google' completed successfully
SUCCESS: Vendor 'google' succeeded - Got 1 result(s)
DEBUG: Attempting PRIMARY vendor 'alpha_vantage' for get_news (attempt #2)
DEBUG: Calling get_news from vendor 'alpha_vantage'...
SUCCESS: get_news from vendor 'alpha_vantage' completed successfully
SUCCESS: Vendor 'alpha_vantage' succeeded - Got 1 result(s)
INFO: Skipping vendor 'openai' for 'get_news': backend API key is not configured for openai-compatible calls
DEBUG: Attempting FALLBACK vendor 'local' for get_news (attempt #3)
DEBUG: Vendor 'local' has multiple implementations: 3 functions
DEBUG: Calling get_google_news from vendor 'local'...
Failed after multiple retries: RetryError[<Future at 0x115b510d0 state=finished returned Response>]
SUCCESS: get_google_news from vendor 'local' completed successfully
DEBUG: Calling get_finnhub_news from vendor 'local'...
SUCCESS: get_finnhub_news from vendor 'local' completed successfully
DEBUG: Calling get_reddit_company_news from vendor 'local'...
SUCCESS: get_reddit_company_news from vendor 'local' completed successfully
SUCCESS: Vendor 'local' succeeded - Got 3 result(s)
FINAL: Method 'get_news' completed with 5 result(s) from 3 vendor attempt(s)
DEBUG: get_news - Primary: [xai → google → alpha_vantage] | Full fallback order: [xai → google → alpha_vantage → openai → local]
INFO: Skipping vendor 'xai' for 'get_news' (disabled for this process)
DEBUG: Attempting PRIMARY vendor 'google' for get_news (attempt #1)
DEBUG: Calling get_google_news from vendor 'google'...
Failed after multiple retries: RetryError[<Future at 0x119c3aad0 state=finished returned Response>]
SUCCESS: get_google_news from vendor 'local' completed successfully
DEBUG: Calling get_finnhub_news from vendor 'local'...
SUCCESS: get_finnhub_news from vendor 'local' completed successfully
DEBUG: Calling get_reddit_company_news from vendor 'local'...
SUCCESS: get_reddit_company_news from vendor 'local' completed successfully
SUCCESS: Vendor 'local' succeeded - Got 3 result(s)
FINAL: Method 'get_news' completed with 5 result(s) from 3 vendor attempt(s)
DEBUG: get_news - Primary: [xai → google → alpha_vantage] | Full fallback order: [xai → google → alpha_vantage → openai → local]
INFO: Skipping vendor 'xai' for 'get_news' (disabled for this process)
DEBUG: Attempting PRIMARY vendor 'google' for get_news (attempt #1)
DEBUG: Calling get_google_news from vendor 'google'...
Failed after multiple retries: RetryError[<Future at 0x119c7b1d0 state=finished returned Response>]
SUCCESS: get_google_news from vendor 'google' completed successfully
SUCCESS: Vendor 'google' succeeded - Got 1 result(s)
DEBUG: Attempting PRIMARY vendor 'alpha_vantage' for get_news (attempt #2)
DEBUG: Calling get_news from vendor 'alpha_vantage'...
SUCCESS: get_news from vendor 'alpha_vantage' completed successfully
SUCCESS: Vendor 'alpha_vantage' succeeded - Got 1 result(s)
INFO: Skipping vendor 'openai' for 'get_news': backend API key is not configured for openai-compatible calls
DEBUG: Attempting FALLBACK vendor 'local' for get_news (attempt #3)
DEBUG: Vendor 'local' has multiple implementations: 3 functions
DEBUG: Calling get_google_news from vendor 'local'...
Failed after multiple retries: RetryError[<Future at 0x11a322650 state=finished returned Response>]
SUCCESS: get_google_news from vendor 'google' completed successfully
SUCCESS: Vendor 'google' succeeded - Got 1 result(s)
DEBUG: Attempting PRIMARY vendor 'alpha_vantage' for get_news (attempt #2)
DEBUG: Calling get_news from vendor 'alpha_vantage'...
SUCCESS: get_news from vendor 'alpha_vantage' completed successfully
SUCCESS: Vendor 'alpha_vantage' succeeded - Got 1 result(s)
INFO: Skipping vendor 'openai' for 'get_news': backend API key is not configured for openai-compatible calls
DEBUG: Attempting FALLBACK vendor 'local' for get_news (attempt #3)
DEBUG: Vendor 'local' has multiple implementations: 3 functions
DEBUG: Calling get_google_news from vendor 'local'...
Failed after multiple retries: RetryError[<Future at 0x119c2a950 state=finished returned Response>]
SUCCESS: get_google_news from vendor 'local' completed successfully
DEBUG: Calling get_finnhub_news from vendor 'local'...
SUCCESS: get_finnhub_news from vendor 'local' completed successfully
DEBUG: Calling get_reddit_company_news from vendor 'local'...
SUCCESS: get_reddit_company_news from vendor 'local' completed successfully
SUCCESS: Vendor 'local' succeeded - Got 3 result(s)
FINAL: Method 'get_news' completed with 5 result(s) from 3 vendor attempt(s)
DEBUG: get_news - Primary: [xai → google → alpha_vantage] | Full fallback order: [xai → google → alpha_vantage → openai → local]
INFO: Skipping vendor 'xai' for 'get_news' (disabled for this process)
DEBUG: Attempting PRIMARY vendor 'google' for get_news (attempt #1)
DEBUG: Calling get_google_news from vendor 'google'...
Failed after multiple retries: RetryError[<Future at 0x119c78350 state=finished returned Response>]
SUCCESS: get_google_news from vendor 'local' completed successfully
DEBUG: Calling get_finnhub_news from vendor 'local'...
SUCCESS: get_finnhub_news from vendor 'local' completed successfully
DEBUG: Calling get_reddit_company_news from vendor 'local'...
SUCCESS: get_reddit_company_news from vendor 'local' completed successfully
SUCCESS: Vendor 'local' succeeded - Got 3 result(s)
FINAL: Method 'get_news' completed with 5 result(s) from 3 vendor attempt(s)
DEBUG: get_news - Primary: [xai → google → alpha_vantage] | Full fallback order: [xai → google → alpha_vantage → openai → local]
INFO: Skipping vendor 'xai' for 'get_news' (disabled for this process)
DEBUG: Attempting PRIMARY vendor 'google' for get_news (attempt #1)
DEBUG: Calling get_google_news from vendor 'google'...
Failed after multiple retries: RetryError[<Future at 0x11982b150 state=finished returned Response>]
SUCCESS: get_google_news from vendor 'google' completed successfully
SUCCESS: Vendor 'google' succeeded - Got 1 result(s)
DEBUG: Attempting PRIMARY vendor 'alpha_vantage' for get_news (attempt #2)
DEBUG: Calling get_news from vendor 'alpha_vantage'...
SUCCESS: get_news from vendor 'alpha_vantage' completed successfully
SUCCESS: Vendor 'alpha_vantage' succeeded - Got 1 result(s)
INFO: Skipping vendor 'openai' for 'get_news': backend API key is not configured for openai-compatible calls
DEBUG: Attempting FALLBACK vendor 'local' for get_news (attempt #3)
DEBUG: Vendor 'local' has multiple implementations: 3 functions
DEBUG: Calling get_google_news from vendor 'local'...
Failed after multiple retries: RetryError[<Future at 0x115b842d0 state=finished returned Response>]
SUCCESS: get_google_news from vendor 'google' completed successfully
SUCCESS: Vendor 'google' succeeded - Got 1 result(s)
DEBUG: Attempting PRIMARY vendor 'alpha_vantage' for get_news (attempt #2)
DEBUG: Calling get_news from vendor 'alpha_vantage'...
SUCCESS: get_news from vendor 'alpha_vantage' completed successfully
SUCCESS: Vendor 'alpha_vantage' succeeded - Got 1 result(s)
INFO: Skipping vendor 'openai' for 'get_news': backend API key is not configured for openai-compatible calls
DEBUG: Attempting FALLBACK vendor 'local' for get_news (attempt #3)
DEBUG: Vendor 'local' has multiple implementations: 3 functions
DEBUG: Calling get_google_news from vendor 'local'...
Failed after multiple retries: RetryError[<Future at 0x119c3b850 state=finished returned Response>]
SUCCESS: get_google_news from vendor 'local' completed successfully
DEBUG: Calling get_finnhub_news from vendor 'local'...
SUCCESS: get_finnhub_news from vendor 'local' completed successfully
DEBUG: Calling get_reddit_company_news from vendor 'local'...
SUCCESS: get_reddit_company_news from vendor 'local' completed successfully
SUCCESS: Vendor 'local' succeeded - Got 3 result(s)
FINAL: Method 'get_news' completed with 5 result(s) from 3 vendor attempt(s)
DEBUG: get_news - Primary: [xai → google → alpha_vantage] | Full fallback order: [xai → google → alpha_vantage → openai → local]
INFO: Skipping vendor 'xai' for 'get_news' (disabled for this process)
DEBUG: Attempting PRIMARY vendor 'google' for get_news (attempt #1)
DEBUG: Calling get_google_news from vendor 'google'...
Failed after multiple retries: RetryError[<Future at 0x11a322950 state=finished returned Response>]
SUCCESS: get_google_news from vendor 'local' completed successfully
DEBUG: Calling get_finnhub_news from vendor 'local'...
SUCCESS: get_finnhub_news from vendor 'local' completed successfully
DEBUG: Calling get_reddit_company_news from vendor 'local'...
SUCCESS: get_reddit_company_news from vendor 'local' completed successfully
SUCCESS: Vendor 'local' succeeded - Got 3 result(s)
FINAL: Method 'get_news' completed with 5 result(s) from 3 vendor attempt(s)
DEBUG: get_news - Primary: [xai → google → alpha_vantage] | Full fallback order: [xai → google → alpha_vantage → openai → local]
INFO: Skipping vendor 'xai' for 'get_news' (disabled for this process)
DEBUG: Attempting PRIMARY vendor 'google' for get_news (attempt #1)
DEBUG: Calling get_google_news from vendor 'google'...
Failed after multiple retries: RetryError[<Future at 0x115b66250 state=finished returned Response>]
SUCCESS: get_google_news from vendor 'google' completed successfully
SUCCESS: Vendor 'google' succeeded - Got 1 result(s)
DEBUG: Attempting PRIMARY vendor 'alpha_vantage' for get_news (attempt #2)
DEBUG: Calling get_news from vendor 'alpha_vantage'...
SUCCESS: get_news from vendor 'alpha_vantage' completed successfully
SUCCESS: Vendor 'alpha_vantage' succeeded - Got 1 result(s)
INFO: Skipping vendor 'openai' for 'get_news': backend API key is not configured for openai-compatible calls
DEBUG: Attempting FALLBACK vendor 'local' for get_news (attempt #3)
DEBUG: Vendor 'local' has multiple implementations: 3 functions
DEBUG: Calling get_google_news from vendor 'local'...
Failed after multiple retries: RetryError[<Future at 0x11a31fb50 state=finished returned Response>]
SUCCESS: get_google_news from vendor 'google' completed successfully
SUCCESS: Vendor 'google' succeeded - Got 1 result(s)
DEBUG: Attempting PRIMARY vendor 'alpha_vantage' for get_news (attempt #2)
DEBUG: Calling get_news from vendor 'alpha_vantage'...
SUCCESS: get_news from vendor 'alpha_vantage' completed successfully
SUCCESS: Vendor 'alpha_vantage' succeeded - Got 1 result(s)
INFO: Skipping vendor 'openai' for 'get_news': backend API key is not configured for openai-compatible calls
DEBUG: Attempting FALLBACK vendor 'local' for get_news (attempt #3)
DEBUG: Vendor 'local' has multiple implementations: 3 functions
DEBUG: Calling get_google_news from vendor 'local'...
Failed after multiple retries: RetryError[<Future at 0x11a31c250 state=finished returned Response>]
SUCCESS: get_google_news from vendor 'local' completed successfully
DEBUG: Calling get_finnhub_news from vendor 'local'...
SUCCESS: get_finnhub_news from vendor 'local' completed successfully
DEBUG: Calling get_reddit_company_news from vendor 'local'...
SUCCESS: get_reddit_company_news from vendor 'local' completed successfully
SUCCESS: Vendor 'local' succeeded - Got 3 result(s)
FINAL: Method 'get_news' completed with 5 result(s) from 3 vendor attempt(s)
DEBUG: get_news - Primary: [xai → google → alpha_vantage] | Full fallback order: [xai → google → alpha_vantage → openai → local]
INFO: Skipping vendor 'xai' for 'get_news' (disabled for this process)
DEBUG: Attempting PRIMARY vendor 'google' for get_news (attempt #1)
DEBUG: Calling get_google_news from vendor 'google'...
Failed after multiple retries: RetryError[<Future at 0x115b678d0 state=finished returned Response>]
SUCCESS: get_google_news from vendor 'local' completed successfully
DEBUG: Calling get_finnhub_news from vendor 'local'...
SUCCESS: get_finnhub_news from vendor 'local' completed successfully
DEBUG: Calling get_reddit_company_news from vendor 'local'...
SUCCESS: get_reddit_company_news from vendor 'local' completed successfully
SUCCESS: Vendor 'local' succeeded - Got 3 result(s)
FINAL: Method 'get_news' completed with 5 result(s) from 3 vendor attempt(s)
DEBUG: get_news - Primary: [xai → google → alpha_vantage] | Full fallback order: [xai → google → alpha_vantage → openai → local]
INFO: Skipping vendor 'xai' for 'get_news' (disabled for this process)
DEBUG: Attempting PRIMARY vendor 'google' for get_news (attempt #1)
DEBUG: Calling get_google_news from vendor 'google'...
Failed after multiple retries: RetryError[<Future at 0x115cef150 state=finished returned Response>]
SUCCESS: get_google_news from vendor 'google' completed successfully
SUCCESS: Vendor 'google' succeeded - Got 1 result(s)
DEBUG: Attempting PRIMARY vendor 'alpha_vantage' for get_news (attempt #2)
DEBUG: Calling get_news from vendor 'alpha_vantage'...
SUCCESS: get_news from vendor 'alpha_vantage' completed successfully
SUCCESS: Vendor 'alpha_vantage' succeeded - Got 1 result(s)
INFO: Skipping vendor 'openai' for 'get_news': backend API key is not configured for openai-compatible calls
DEBUG: Attempting FALLBACK vendor 'local' for get_news (attempt #3)
DEBUG: Vendor 'local' has multiple implementations: 3 functions
DEBUG: Calling get_google_news from vendor 'local'...
Failed after multiple retries: RetryError[<Future at 0x11a301950 state=finished returned Response>]
SUCCESS: get_google_news from vendor 'google' completed successfully
SUCCESS: Vendor 'google' succeeded - Got 1 result(s)
DEBUG: Attempting PRIMARY vendor 'alpha_vantage' for get_news (attempt #2)
DEBUG: Calling get_news from vendor 'alpha_vantage'...
SUCCESS: get_news from vendor 'alpha_vantage' completed successfully
SUCCESS: Vendor 'alpha_vantage' succeeded - Got 1 result(s)
INFO: Skipping vendor 'openai' for 'get_news': backend API key is not configured for openai-compatible calls
DEBUG: Attempting FALLBACK vendor 'local' for get_news (attempt #3)
DEBUG: Vendor 'local' has multiple implementations: 3 functions
DEBUG: Calling get_google_news from vendor 'local'...
Failed after multiple retries: RetryError[<Future at 0x11a2d5d50 state=finished returned Response>]
SUCCESS: get_google_news from vendor 'local' completed successfully
DEBUG: Calling get_finnhub_news from vendor 'local'...
SUCCESS: get_finnhub_news from vendor 'local' completed successfully
DEBUG: Calling get_reddit_company_news from vendor 'local'...
SUCCESS: get_reddit_company_news from vendor 'local' completed successfully
SUCCESS: Vendor 'local' succeeded - Got 3 result(s)
FINAL: Method 'get_news' completed with 5 result(s) from 3 vendor attempt(s)
DEBUG: get_news - Primary: [xai → google → alpha_vantage] | Full fallback order: [xai → google → alpha_vantage → openai → local]
INFO: Skipping vendor 'xai' for 'get_news' (disabled for this process)
DEBUG: Attempting PRIMARY vendor 'google' for get_news (attempt #1)
DEBUG: Calling get_google_news from vendor 'google'...
Failed after multiple retries: RetryError[<Future at 0x11a3367d0 state=finished returned Response>]
SUCCESS: get_google_news from vendor 'local' completed successfully
DEBUG: Calling get_finnhub_news from vendor 'local'...
SUCCESS: get_finnhub_news from vendor 'local' completed successfully
DEBUG: Calling get_reddit_company_news from vendor 'local'...
SUCCESS: get_reddit_company_news from vendor 'local' completed successfully
SUCCESS: Vendor 'local' succeeded - Got 3 result(s)
FINAL: Method 'get_news' completed with 5 result(s) from 3 vendor attempt(s)
DEBUG: get_news - Primary: [xai → google → alpha_vantage] | Full fallback order: [xai → google → alpha_vantage → openai → local]
INFO: Skipping vendor 'xai' for 'get_news' (disabled for this process)
DEBUG: Attempting PRIMARY vendor 'google' for get_news (attempt #1)
DEBUG: Calling get_google_news from vendor 'google'...
Failed after multiple retries: RetryError[<Future at 0x115d054d0 state=finished returned Response>]
SUCCESS: get_google_news from vendor 'google' completed successfully
SUCCESS: Vendor 'google' succeeded - Got 1 result(s)
DEBUG: Attempting PRIMARY vendor 'alpha_vantage' for get_news (attempt #2)
DEBUG: Calling get_news from vendor 'alpha_vantage'...
SUCCESS: get_news from vendor 'alpha_vantage' completed successfully
SUCCESS: Vendor 'alpha_vantage' succeeded - Got 1 result(s)
INFO: Skipping vendor 'openai' for 'get_news': backend API key is not configured for openai-compatible calls
DEBUG: Attempting FALLBACK vendor 'local' for get_news (attempt #3)
DEBUG: Vendor 'local' has multiple implementations: 3 functions
DEBUG: Calling get_google_news from vendor 'local'...
Failed after multiple retries: RetryError[<Future at 0x11a3217d0 state=finished returned Response>]
SUCCESS: get_google_news from vendor 'google' completed successfully
SUCCESS: Vendor 'google' succeeded - Got 1 result(s)
DEBUG: Attempting PRIMARY vendor 'alpha_vantage' for get_news (attempt #2)
DEBUG: Calling get_news from vendor 'alpha_vantage'...
SUCCESS: get_news from vendor 'alpha_vantage' completed successfully
SUCCESS: Vendor 'alpha_vantage' succeeded - Got 1 result(s)
INFO: Skipping vendor 'openai' for 'get_news': backend API key is not configured for openai-compatible calls
DEBUG: Attempting FALLBACK vendor 'local' for get_news (attempt #3)
DEBUG: Vendor 'local' has multiple implementations: 3 functions
DEBUG: Calling get_google_news from vendor 'local'...
Failed after multiple retries: RetryError[<Future at 0x11a3020d0 state=finished returned Response>]
SUCCESS: get_google_news from vendor 'local' completed successfully
DEBUG: Calling get_finnhub_news from vendor 'local'...
SUCCESS: get_finnhub_news from vendor 'local' completed successfully
DEBUG: Calling get_reddit_company_news from vendor 'local'...
SUCCESS: get_reddit_company_news from vendor 'local' completed successfully
SUCCESS: Vendor 'local' succeeded - Got 3 result(s)
FINAL: Method 'get_news' completed with 5 result(s) from 3 vendor attempt(s)
DEBUG: get_news - Primary: [xai → google → alpha_vantage] | Full fallback order: [xai → google → alpha_vantage → openai → local]
INFO: Skipping vendor 'xai' for 'get_news' (disabled for this process)
DEBUG: Attempting PRIMARY vendor 'google' for get_news (attempt #1)
DEBUG: Calling get_google_news from vendor 'google'...
Failed after multiple retries: RetryError[<Future at 0x11a2d5050 state=finished returned Response>]
SUCCESS: get_google_news from vendor 'local' completed successfully
DEBUG: Calling get_finnhub_news from vendor 'local'...
SUCCESS: get_finnhub_news from vendor 'local' completed successfully
DEBUG: Calling get_reddit_company_news from vendor 'local'...
SUCCESS: get_reddit_company_news from vendor 'local' completed successfully
SUCCESS: Vendor 'local' succeeded - Got 3 result(s)
FINAL: Method 'get_news' completed with 5 result(s) from 3 vendor attempt(s)
DEBUG: get_news - Primary: [xai → google → alpha_vantage] | Full fallback order: [xai → google → alpha_vantage → openai → local]
INFO: Skipping vendor 'xai' for 'get_news' (disabled for this process)
DEBUG: Attempting PRIMARY vendor 'google' for get_news (attempt #1)
DEBUG: Calling get_google_news from vendor 'google'...
Failed after multiple retries: RetryError[<Future at 0x11a3457d0 state=finished returned Response>]
SUCCESS: get_google_news from vendor 'google' completed successfully
SUCCESS: Vendor 'google' succeeded - Got 1 result(s)
DEBUG: Attempting PRIMARY vendor 'alpha_vantage' for get_news (attempt #2)
DEBUG: Calling get_news from vendor 'alpha_vantage'...
SUCCESS: get_news from vendor 'alpha_vantage' completed successfully
SUCCESS: Vendor 'alpha_vantage' succeeded - Got 1 result(s)
INFO: Skipping vendor 'openai' for 'get_news': backend API key is not configured for openai-compatible calls
DEBUG: Attempting FALLBACK vendor 'local' for get_news (attempt #3)
DEBUG: Vendor 'local' has multiple implementations: 3 functions
DEBUG: Calling get_google_news from vendor 'local'...
Failed after multiple retries: RetryError[<Future at 0x119af64d0 state=finished returned Response>]
SUCCESS: get_google_news from vendor 'google' completed successfully
SUCCESS: Vendor 'google' succeeded - Got 1 result(s)
DEBUG: Attempting PRIMARY vendor 'alpha_vantage' for get_news (attempt #2)
DEBUG: Calling get_news from vendor 'alpha_vantage'...
SUCCESS: get_news from vendor 'alpha_vantage' completed successfully
SUCCESS: Vendor 'alpha_vantage' succeeded - Got 1 result(s)
INFO: Skipping vendor 'openai' for 'get_news': backend API key is not configured for openai-compatible calls
DEBUG: Attempting FALLBACK vendor 'local' for get_news (attempt #3)
DEBUG: Vendor 'local' has multiple implementations: 3 functions
DEBUG: Calling get_google_news from vendor 'local'...
Failed after multiple retries: RetryError[<Future at 0x119535ed0 state=finished returned Response>]
SUCCESS: get_google_news from vendor 'local' completed successfully
DEBUG: Calling get_finnhub_news from vendor 'local'...
SUCCESS: get_finnhub_news from vendor 'local' completed successfully
DEBUG: Calling get_reddit_company_news from vendor 'local'...
SUCCESS: get_reddit_company_news from vendor 'local' completed successfully
SUCCESS: Vendor 'local' succeeded - Got 3 result(s)
FINAL: Method 'get_news' completed with 5 result(s) from 3 vendor attempt(s)
DEBUG: get_news - Primary: [xai → google → alpha_vantage] | Full fallback order: [xai → google → alpha_vantage → openai → local]
INFO: Skipping vendor 'xai' for 'get_news' (disabled for this process)
DEBUG: Attempting PRIMARY vendor 'google' for get_news (attempt #1)
DEBUG: Calling get_google_news from vendor 'google'...
Failed after multiple retries: RetryError[<Future at 0x119534350 state=finished returned Response>]
SUCCESS: get_google_news from vendor 'local' completed successfully
DEBUG: Calling get_finnhub_news from vendor 'local'...
SUCCESS: get_finnhub_news from vendor 'local' completed successfully
DEBUG: Calling get_reddit_company_news from vendor 'local'...
SUCCESS: get_reddit_company_news from vendor 'local' completed successfully
SUCCESS: Vendor 'local' succeeded - Got 3 result(s)
FINAL: Method 'get_news' completed with 5 result(s) from 3 vendor attempt(s)
DEBUG: get_news - Primary: [xai → google → alpha_vantage] | Full fallback order: [xai → google → alpha_vantage → openai → local]
INFO: Skipping vendor 'xai' for 'get_news' (disabled for this process)
DEBUG: Attempting PRIMARY vendor 'google' for get_news (attempt #1)
DEBUG: Calling get_google_news from vendor 'google'...
Failed after multiple retries: RetryError[<Future at 0x119b906d0 state=finished returned Response>]
SUCCESS: get_google_news from vendor 'google' completed successfully
SUCCESS: Vendor 'google' succeeded - Got 1 result(s)
DEBUG: Attempting PRIMARY vendor 'alpha_vantage' for get_news (attempt #2)
DEBUG: Calling get_news from vendor 'alpha_vantage'...
SUCCESS: get_news from vendor 'alpha_vantage' completed successfully
SUCCESS: Vendor 'alpha_vantage' succeeded - Got 1 result(s)
INFO: Skipping vendor 'openai' for 'get_news': backend API key is not configured for openai-compatible calls
DEBUG: Attempting FALLBACK vendor 'local' for get_news (attempt #3)
DEBUG: Vendor 'local' has multiple implementations: 3 functions
DEBUG: Calling get_google_news from vendor 'local'...
Failed after multiple retries: RetryError[<Future at 0x1195370d0 state=finished returned Response>]
SUCCESS: get_google_news from vendor 'google' completed successfully
SUCCESS: Vendor 'google' succeeded - Got 1 result(s)
DEBUG: Attempting PRIMARY vendor 'alpha_vantage' for get_news (attempt #2)
DEBUG: Calling get_news from vendor 'alpha_vantage'...
SUCCESS: get_news from vendor 'alpha_vantage' completed successfully
SUCCESS: Vendor 'alpha_vantage' succeeded - Got 1 result(s)
INFO: Skipping vendor 'openai' for 'get_news': backend API key is not configured for openai-compatible calls
DEBUG: Attempting FALLBACK vendor 'local' for get_news (attempt #3)
DEBUG: Vendor 'local' has multiple implementations: 3 functions
DEBUG: Calling get_google_news from vendor 'local'...
Failed after multiple retries: RetryError[<Future at 0x11a31c1d0 state=finished returned Response>]
SUCCESS: get_google_news from vendor 'local' completed successfully
DEBUG: Calling get_finnhub_news from vendor 'local'...
SUCCESS: get_finnhub_news from vendor 'local' completed successfully
DEBUG: Calling get_reddit_company_news from vendor 'local'...
SUCCESS: get_reddit_company_news from vendor 'local' completed successfully
SUCCESS: Vendor 'local' succeeded - Got 3 result(s)
FINAL: Method 'get_news' completed with 5 result(s) from 3 vendor attempt(s)
DEBUG: get_news - Primary: [xai → google → alpha_vantage] | Full fallback order: [xai → google → alpha_vantage → openai → local]
INFO: Skipping vendor 'xai' for 'get_news' (disabled for this process)
DEBUG: Attempting PRIMARY vendor 'google' for get_news (attempt #1)
DEBUG: Calling get_google_news from vendor 'google'...
Failed after multiple retries: RetryError[<Future at 0x11a334950 state=finished returned Response>]
SUCCESS: get_google_news from vendor 'local' completed successfully
DEBUG: Calling get_finnhub_news from vendor 'local'...
SUCCESS: get_finnhub_news from vendor 'local' completed successfully
DEBUG: Calling get_reddit_company_news from vendor 'local'...
SUCCESS: get_reddit_company_news from vendor 'local' completed successfully
SUCCESS: Vendor 'local' succeeded - Got 3 result(s)
FINAL: Method 'get_news' completed with 5 result(s) from 3 vendor attempt(s)
DEBUG: get_news - Primary: [xai → google → alpha_vantage] | Full fallback order: [xai → google → alpha_vantage → openai → local]
INFO: Skipping vendor 'xai' for 'get_news' (disabled for this process)
DEBUG: Attempting PRIMARY vendor 'google' for get_news (attempt #1)
DEBUG: Calling get_google_news from vendor 'google'...
Failed after multiple retries: RetryError[<Future at 0x119af7d50 state=finished returned Response>]
SUCCESS: get_google_news from vendor 'google' completed successfully
SUCCESS: Vendor 'google' succeeded - Got 1 result(s)
DEBUG: Attempting PRIMARY vendor 'alpha_vantage' for get_news (attempt #2)
DEBUG: Calling get_news from vendor 'alpha_vantage'...
SUCCESS: get_news from vendor 'alpha_vantage' completed successfully
SUCCESS: Vendor 'alpha_vantage' succeeded - Got 1 result(s)
INFO: Skipping vendor 'openai' for 'get_news': backend API key is not configured for openai-compatible calls
DEBUG: Attempting FALLBACK vendor 'local' for get_news (attempt #3)
DEBUG: Vendor 'local' has multiple implementations: 3 functions
DEBUG: Calling get_google_news from vendor 'local'...
Failed after multiple retries: RetryError[<Future at 0x1195347d0 state=finished returned Response>]
SUCCESS: get_google_news from vendor 'google' completed successfully
SUCCESS: Vendor 'google' succeeded - Got 1 result(s)
DEBUG: Attempting PRIMARY vendor 'alpha_vantage' for get_news (attempt #2)
DEBUG: Calling get_news from vendor 'alpha_vantage'...
SUCCESS: get_news from vendor 'alpha_vantage' completed successfully
SUCCESS: Vendor 'alpha_vantage' succeeded - Got 1 result(s)
INFO: Skipping vendor 'openai' for 'get_news': backend API key is not configured for openai-compatible calls
DEBUG: Attempting FALLBACK vendor 'local' for get_news (attempt #3)
DEBUG: Vendor 'local' has multiple implementations: 3 functions
DEBUG: Calling get_google_news from vendor 'local'...
Failed after multiple retries: RetryError[<Future at 0x119a25bd0 state=finished returned Response>]
SUCCESS: get_google_news from vendor 'local' completed successfully
DEBUG: Calling get_finnhub_news from vendor 'local'...
SUCCESS: get_finnhub_news from vendor 'local' completed successfully
DEBUG: Calling get_reddit_company_news from vendor 'local'...
SUCCESS: get_reddit_company_news from vendor 'local' completed successfully
SUCCESS: Vendor 'local' succeeded - Got 3 result(s)
FINAL: Method 'get_news' completed with 5 result(s) from 3 vendor attempt(s)
DEBUG: get_news - Primary: [xai → google → alpha_vantage] | Full fallback order: [xai → google → alpha_vantage → openai → local]
INFO: Skipping vendor 'xai' for 'get_news' (disabled for this process)
DEBUG: Attempting PRIMARY vendor 'google' for get_news (attempt #1)
DEBUG: Calling get_google_news from vendor 'google'...
Failed after multiple retries: RetryError[<Future at 0x119aed1d0 state=finished returned Response>]
SUCCESS: get_google_news from vendor 'local' completed successfully
DEBUG: Calling get_finnhub_news from vendor 'local'...
SUCCESS: get_finnhub_news from vendor 'local' completed successfully
DEBUG: Calling get_reddit_company_news from vendor 'local'...
SUCCESS: get_reddit_company_news from vendor 'local' completed successfully
SUCCESS: Vendor 'local' succeeded - Got 3 result(s)
FINAL: Method 'get_news' completed with 5 result(s) from 3 vendor attempt(s)
DEBUG: get_news - Primary: [xai → google → alpha_vantage] | Full fallback order: [xai → google → alpha_vantage → openai → local]
INFO: Skipping vendor 'xai' for 'get_news' (disabled for this process)
DEBUG: Attempting PRIMARY vendor 'google' for get_news (attempt #1)
DEBUG: Calling get_google_news from vendor 'google'...
Failed after multiple retries: RetryError[<Future at 0x119a24dd0 state=finished returned Response>]
SUCCESS: get_google_news from vendor 'google' completed successfully
SUCCESS: Vendor 'google' succeeded - Got 1 result(s)
DEBUG: Attempting PRIMARY vendor 'alpha_vantage' for get_news (attempt #2)
DEBUG: Calling get_news from vendor 'alpha_vantage'...
SUCCESS: get_news from vendor 'alpha_vantage' completed successfully
SUCCESS: Vendor 'alpha_vantage' succeeded - Got 1 result(s)
INFO: Skipping vendor 'openai' for 'get_news': backend API key is not configured for openai-compatible calls
DEBUG: Attempting FALLBACK vendor 'local' for get_news (attempt #3)
DEBUG: Vendor 'local' has multiple implementations: 3 functions
DEBUG: Calling get_google_news from vendor 'local'...
Failed after multiple retries: RetryError[<Future at 0x119f118d0 state=finished returned Response>]
SUCCESS: get_google_news from vendor 'google' completed successfully
SUCCESS: Vendor 'google' succeeded - Got 1 result(s)
DEBUG: Attempting PRIMARY vendor 'alpha_vantage' for get_news (attempt #2)
DEBUG: Calling get_news from vendor 'alpha_vantage'...
SUCCESS: get_news from vendor 'alpha_vantage' completed successfully
SUCCESS: Vendor 'alpha_vantage' succeeded - Got 1 result(s)
INFO: Skipping vendor 'openai' for 'get_news': backend API key is not configured for openai-compatible calls
DEBUG: Attempting FALLBACK vendor 'local' for get_news (attempt #3)
DEBUG: Vendor 'local' has multiple implementations: 3 functions
DEBUG: Calling get_google_news from vendor 'local'...
Failed after multiple retries: RetryError[<Future at 0x119f12bd0 state=finished returned Response>]
SUCCESS: get_google_news from vendor 'local' completed successfully
DEBUG: Calling get_finnhub_news from vendor 'local'...
SUCCESS: get_finnhub_news from vendor 'local' completed successfully
DEBUG: Calling get_reddit_company_news from vendor 'local'...
SUCCESS: get_reddit_company_news from vendor 'local' completed successfully
SUCCESS: Vendor 'local' succeeded - Got 3 result(s)
FINAL: Method 'get_news' completed with 5 result(s) from 3 vendor attempt(s)
DEBUG: get_news - Primary: [xai → google → alpha_vantage] | Full fallback order: [xai → google → alpha_vantage → openai → local]
INFO: Skipping vendor 'xai' for 'get_news' (disabled for this process)
DEBUG: Attempting PRIMARY vendor 'google' for get_news (attempt #1)
DEBUG: Calling get_google_news from vendor 'google'...
Failed after multiple retries: RetryError[<Future at 0x119f1e750 state=finished returned Response>]
SUCCESS: get_google_news from vendor 'local' completed successfully
DEBUG: Calling get_finnhub_news from vendor 'local'...
SUCCESS: get_finnhub_news from vendor 'local' completed successfully
DEBUG: Calling get_reddit_company_news from vendor 'local'...
SUCCESS: get_reddit_company_news from vendor 'local' completed successfully
SUCCESS: Vendor 'local' succeeded - Got 3 result(s)
FINAL: Method 'get_news' completed with 5 result(s) from 3 vendor attempt(s)
DEBUG: get_news - Primary: [xai → google → alpha_vantage] | Full fallback order: [xai → google → alpha_vantage → openai → local]
INFO: Skipping vendor 'xai' for 'get_news' (disabled for this process)
DEBUG: Attempting PRIMARY vendor 'google' for get_news (attempt #1)
DEBUG: Calling get_google_news from vendor 'google'...
Failed after multiple retries: RetryError[<Future at 0x119f1fd50 state=finished returned Response>]
SUCCESS: get_google_news from vendor 'google' completed successfully
SUCCESS: Vendor 'google' succeeded - Got 1 result(s)
DEBUG: Attempting PRIMARY vendor 'alpha_vantage' for get_news (attempt #2)
DEBUG: Calling get_news from vendor 'alpha_vantage'...
SUCCESS: get_news from vendor 'alpha_vantage' completed successfully
SUCCESS: Vendor 'alpha_vantage' succeeded - Got 1 result(s)
INFO: Skipping vendor 'openai' for 'get_news': backend API key is not configured for openai-compatible calls
DEBUG: Attempting FALLBACK vendor 'local' for get_news (attempt #3)
DEBUG: Vendor 'local' has multiple implementations: 3 functions
DEBUG: Calling get_google_news from vendor 'local'...
Failed after multiple retries: RetryError[<Future at 0x119b935d0 state=finished returned Response>]
SUCCESS: get_google_news from vendor 'google' completed successfully
SUCCESS: Vendor 'google' succeeded - Got 1 result(s)
DEBUG: Attempting PRIMARY vendor 'alpha_vantage' for get_news (attempt #2)
DEBUG: Calling get_news from vendor 'alpha_vantage'...
SUCCESS: get_news from vendor 'alpha_vantage' completed successfully
SUCCESS: Vendor 'alpha_vantage' succeeded - Got 1 result(s)
INFO: Skipping vendor 'openai' for 'get_news': backend API key is not configured for openai-compatible calls
DEBUG: Attempting FALLBACK vendor 'local' for get_news (attempt #3)
DEBUG: Vendor 'local' has multiple implementations: 3 functions
DEBUG: Calling get_google_news from vendor 'local'...
Failed after multiple retries: RetryError[<Future at 0x119fa5a50 state=finished returned Response>]
SUCCESS: get_google_news from vendor 'local' completed successfully
DEBUG: Calling get_finnhub_news from vendor 'local'...
SUCCESS: get_finnhub_news from vendor 'local' completed successfully
DEBUG: Calling get_reddit_company_news from vendor 'local'...
SUCCESS: get_reddit_company_news from vendor 'local' completed successfully
SUCCESS: Vendor 'local' succeeded - Got 3 result(s)
FINAL: Method 'get_news' completed with 5 result(s) from 3 vendor attempt(s)
DEBUG: get_news - Primary: [xai → google → alpha_vantage] | Full fallback order: [xai → google → alpha_vantage → openai → local]
INFO: Skipping vendor 'xai' for 'get_news' (disabled for this process)
DEBUG: Attempting PRIMARY vendor 'google' for get_news (attempt #1)
DEBUG: Calling get_google_news from vendor 'google'...
Failed after multiple retries: RetryError[<Future at 0x119f1cb50 state=finished returned Response>]
SUCCESS: get_google_news from vendor 'local' completed successfully
DEBUG: Calling get_finnhub_news from vendor 'local'...
SUCCESS: get_finnhub_news from vendor 'local' completed successfully
DEBUG: Calling get_reddit_company_news from vendor 'local'...
SUCCESS: get_reddit_company_news from vendor 'local' completed successfully
SUCCESS: Vendor 'local' succeeded - Got 3 result(s)
FINAL: Method 'get_news' completed with 5 result(s) from 3 vendor attempt(s)
DEBUG: get_news - Primary: [xai → google → alpha_vantage] | Full fallback order: [xai → google → alpha_vantage → openai → local]
INFO: Skipping vendor 'xai' for 'get_news' (disabled for this process)
DEBUG: Attempting PRIMARY vendor 'google' for get_news (attempt #1)
DEBUG: Calling get_google_news from vendor 'google'...
Failed after multiple retries: RetryError[<Future at 0x11a3378d0 state=finished returned Response>]
SUCCESS: get_google_news from vendor 'google' completed successfully
SUCCESS: Vendor 'google' succeeded - Got 1 result(s)
DEBUG: Attempting PRIMARY vendor 'alpha_vantage' for get_news (attempt #2)
DEBUG: Calling get_news from vendor 'alpha_vantage'...
SUCCESS: get_news from vendor 'alpha_vantage' completed successfully
SUCCESS: Vendor 'alpha_vantage' succeeded - Got 1 result(s)
INFO: Skipping vendor 'openai' for 'get_news': backend API key is not configured for openai-compatible calls
DEBUG: Attempting FALLBACK vendor 'local' for get_news (attempt #3)
DEBUG: Vendor 'local' has multiple implementations: 3 functions
DEBUG: Calling get_google_news from vendor 'local'...
Failed after multiple retries: RetryError[<Future at 0x119f12dd0 state=finished returned Response>]
SUCCESS: get_google_news from vendor 'google' completed successfully
SUCCESS: Vendor 'google' succeeded - Got 1 result(s)
DEBUG: Attempting PRIMARY vendor 'alpha_vantage' for get_news (attempt #2)
DEBUG: Calling get_news from vendor 'alpha_vantage'...
SUCCESS: get_news from vendor 'alpha_vantage' completed successfully
SUCCESS: Vendor 'alpha_vantage' succeeded - Got 1 result(s)
INFO: Skipping vendor 'openai' for 'get_news': backend API key is not configured for openai-compatible calls
DEBUG: Attempting FALLBACK vendor 'local' for get_news (attempt #3)
DEBUG: Vendor 'local' has multiple implementations: 3 functions
DEBUG: Calling get_google_news from vendor 'local'...
Failed after multiple retries: RetryError[<Future at 0x119f13f50 state=finished returned Response>]
SUCCESS: get_google_news from vendor 'local' completed successfully
DEBUG: Calling get_finnhub_news from vendor 'local'...
SUCCESS: get_finnhub_news from vendor 'local' completed successfully
DEBUG: Calling get_reddit_company_news from vendor 'local'...
SUCCESS: get_reddit_company_news from vendor 'local' completed successfully
SUCCESS: Vendor 'local' succeeded - Got 3 result(s)
FINAL: Method 'get_news' completed with 5 result(s) from 3 vendor attempt(s)
DEBUG: get_news - Primary: [xai → google → alpha_vantage] | Full fallback order: [xai → google → alpha_vantage → openai → local]
INFO: Skipping vendor 'xai' for 'get_news' (disabled for this process)
DEBUG: Attempting PRIMARY vendor 'google' for get_news (attempt #1)
DEBUG: Calling get_google_news from vendor 'google'...
Failed after multiple retries: RetryError[<Future at 0x119fa7cd0 state=finished returned Response>]
SUCCESS: get_google_news from vendor 'local' completed successfully
DEBUG: Calling get_finnhub_news from vendor 'local'...
SUCCESS: get_finnhub_news from vendor 'local' completed successfully
DEBUG: Calling get_reddit_company_news from vendor 'local'...
SUCCESS: get_reddit_company_news from vendor 'local' completed successfully
SUCCESS: Vendor 'local' succeeded - Got 3 result(s)
FINAL: Method 'get_news' completed with 5 result(s) from 3 vendor attempt(s)
DEBUG: get_news - Primary: [xai → google → alpha_vantage] | Full fallback order: [xai → google → alpha_vantage → openai → local]
INFO: Skipping vendor 'xai' for 'get_news' (disabled for this process)
DEBUG: Attempting PRIMARY vendor 'google' for get_news (attempt #1)
DEBUG: Calling get_google_news from vendor 'google'...
Failed after multiple retries: RetryError[<Future at 0x119877550 state=finished returned Response>]
SUCCESS: get_google_news from vendor 'google' completed successfully
SUCCESS: Vendor 'google' succeeded - Got 1 result(s)
DEBUG: Attempting PRIMARY vendor 'alpha_vantage' for get_news (attempt #2)
DEBUG: Calling get_news from vendor 'alpha_vantage'...
SUCCESS: get_news from vendor 'alpha_vantage' completed successfully
SUCCESS: Vendor 'alpha_vantage' succeeded - Got 1 result(s)
INFO: Skipping vendor 'openai' for 'get_news': backend API key is not configured for openai-compatible calls
DEBUG: Attempting FALLBACK vendor 'local' for get_news (attempt #3)
DEBUG: Vendor 'local' has multiple implementations: 3 functions
DEBUG: Calling get_google_news from vendor 'local'...
Failed after multiple retries: RetryError[<Future at 0x119fa6450 state=finished returned Response>]
SUCCESS: get_google_news from vendor 'google' completed successfully
SUCCESS: Vendor 'google' succeeded - Got 1 result(s)
DEBUG: Attempting PRIMARY vendor 'alpha_vantage' for get_news (attempt #2)
DEBUG: Calling get_news from vendor 'alpha_vantage'...
SUCCESS: get_news from vendor 'alpha_vantage' completed successfully
SUCCESS: Vendor 'alpha_vantage' succeeded - Got 1 result(s)
INFO: Skipping vendor 'openai' for 'get_news': backend API key is not configured for openai-compatible calls
DEBUG: Attempting FALLBACK vendor 'local' for get_news (attempt #3)
DEBUG: Vendor 'local' has multiple implementations: 3 functions
DEBUG: Calling get_google_news from vendor 'local'...
Failed after multiple retries: RetryError[<Future at 0x11a31e0d0 state=finished returned Response>]
SUCCESS: get_google_news from vendor 'local' completed successfully
DEBUG: Calling get_finnhub_news from vendor 'local'...
SUCCESS: get_finnhub_news from vendor 'local' completed successfully
DEBUG: Calling get_reddit_company_news from vendor 'local'...
SUCCESS: get_reddit_company_news from vendor 'local' completed successfully
SUCCESS: Vendor 'local' succeeded - Got 3 result(s)
FINAL: Method 'get_news' completed with 5 result(s) from 3 vendor attempt(s)
DEBUG: get_news - Primary: [xai → google → alpha_vantage] | Full fallback order: [xai → google → alpha_vantage → openai → local]
INFO: Skipping vendor 'xai' for 'get_news' (disabled for this process)
DEBUG: Attempting PRIMARY vendor 'google' for get_news (attempt #1)
DEBUG: Calling get_google_news from vendor 'google'...
Failed after multiple retries: RetryError[<Future at 0x119fa7a50 state=finished returned Response>]
SUCCESS: get_google_news from vendor 'local' completed successfully
DEBUG: Calling get_finnhub_news from vendor 'local'...
SUCCESS: get_finnhub_news from vendor 'local' completed successfully
DEBUG: Calling get_reddit_company_news from vendor 'local'...
SUCCESS: get_reddit_company_news from vendor 'local' completed successfully
SUCCESS: Vendor 'local' succeeded - Got 3 result(s)
FINAL: Method 'get_news' completed with 5 result(s) from 3 vendor attempt(s)
DEBUG: get_news - Primary: [xai → google → alpha_vantage] | Full fallback order: [xai → google → alpha_vantage → openai → local]
INFO: Skipping vendor 'xai' for 'get_news' (disabled for this process)
DEBUG: Attempting PRIMARY vendor 'google' for get_news (attempt #1)
DEBUG: Calling get_google_news from vendor 'google'...
Failed after multiple retries: RetryError[<Future at 0x1197c9a50 state=finished returned Response>]
SUCCESS: get_google_news from vendor 'google' completed successfully
SUCCESS: Vendor 'google' succeeded - Got 1 result(s)
DEBUG: Attempting PRIMARY vendor 'alpha_vantage' for get_news (attempt #2)
DEBUG: Calling get_news from vendor 'alpha_vantage'...
SUCCESS: get_news from vendor 'alpha_vantage' completed successfully
SUCCESS: Vendor 'alpha_vantage' succeeded - Got 1 result(s)
INFO: Skipping vendor 'openai' for 'get_news': backend API key is not configured for openai-compatible calls
DEBUG: Attempting FALLBACK vendor 'local' for get_news (attempt #3)
DEBUG: Vendor 'local' has multiple implementations: 3 functions
DEBUG: Calling get_google_news from vendor 'local'...
Failed after multiple retries: RetryError[<Future at 0x119f10ed0 state=finished returned Response>]
SUCCESS: get_google_news from vendor 'google' completed successfully
SUCCESS: Vendor 'google' succeeded - Got 1 result(s)
DEBUG: Attempting PRIMARY vendor 'alpha_vantage' for get_news (attempt #2)
DEBUG: Calling get_news from vendor 'alpha_vantage'...
SUCCESS: get_news from vendor 'alpha_vantage' completed successfully
SUCCESS: Vendor 'alpha_vantage' succeeded - Got 1 result(s)
INFO: Skipping vendor 'openai' for 'get_news': backend API key is not configured for openai-compatible calls
DEBUG: Attempting FALLBACK vendor 'local' for get_news (attempt #3)
DEBUG: Vendor 'local' has multiple implementations: 3 functions
DEBUG: Calling get_google_news from vendor 'local'...
Failed after multiple retries: RetryError[<Future at 0x119aefbd0 state=finished returned Response>]
SUCCESS: get_google_news from vendor 'local' completed successfully
DEBUG: Calling get_finnhub_news from vendor 'local'...
SUCCESS: get_finnhub_news from vendor 'local' completed successfully
DEBUG: Calling get_reddit_company_news from vendor 'local'...
SUCCESS: get_reddit_company_news from vendor 'local' completed successfully
SUCCESS: Vendor 'local' succeeded - Got 3 result(s)
FINAL: Method 'get_news' completed with 5 result(s) from 3 vendor attempt(s)
DEBUG: get_news - Primary: [xai → google → alpha_vantage] | Full fallback order: [xai → google → alpha_vantage → openai → local]
INFO: Skipping vendor 'xai' for 'get_news' (disabled for this process)
DEBUG: Attempting PRIMARY vendor 'google' for get_news (attempt #1)
DEBUG: Calling get_google_news from vendor 'google'...
Failed after multiple retries: RetryError[<Future at 0x1199a3ad0 state=finished returned Response>]
SUCCESS: get_google_news from vendor 'local' completed successfully
DEBUG: Calling get_finnhub_news from vendor 'local'...
SUCCESS: get_finnhub_news from vendor 'local' completed successfully
DEBUG: Calling get_reddit_company_news from vendor 'local'...
SUCCESS: get_reddit_company_news from vendor 'local' completed successfully
SUCCESS: Vendor 'local' succeeded - Got 3 result(s)
FINAL: Method 'get_news' completed with 5 result(s) from 3 vendor attempt(s)
DEBUG: get_news - Primary: [xai → google → alpha_vantage] | Full fallback order: [xai → google → alpha_vantage → openai → local]
INFO: Skipping vendor 'xai' for 'get_news' (disabled for this process)
DEBUG: Attempting PRIMARY vendor 'google' for get_news (attempt #1)
DEBUG: Calling get_google_news from vendor 'google'...
Failed after multiple retries: RetryError[<Future at 0x119874b50 state=finished returned Response>]
SUCCESS: get_google_news from vendor 'google' completed successfully
SUCCESS: Vendor 'google' succeeded - Got 1 result(s)
DEBUG: Attempting PRIMARY vendor 'alpha_vantage' for get_news (attempt #2)
DEBUG: Calling get_news from vendor 'alpha_vantage'...
SUCCESS: get_news from vendor 'alpha_vantage' completed successfully
SUCCESS: Vendor 'alpha_vantage' succeeded - Got 1 result(s)
INFO: Skipping vendor 'openai' for 'get_news': backend API key is not configured for openai-compatible calls
DEBUG: Attempting FALLBACK vendor 'local' for get_news (attempt #3)
DEBUG: Vendor 'local' has multiple implementations: 3 functions
DEBUG: Calling get_google_news from vendor 'local'...
Failed after multiple retries: RetryError[<Future at 0x1197cbed0 state=finished returned Response>]
SUCCESS: get_google_news from vendor 'google' completed successfully
SUCCESS: Vendor 'google' succeeded - Got 1 result(s)
DEBUG: Attempting PRIMARY vendor 'alpha_vantage' for get_news (attempt #2)
DEBUG: Calling get_news from vendor 'alpha_vantage'...
SUCCESS: get_news from vendor 'alpha_vantage' completed successfully
SUCCESS: Vendor 'alpha_vantage' succeeded - Got 1 result(s)
INFO: Skipping vendor 'openai' for 'get_news': backend API key is not configured for openai-compatible calls
DEBUG: Attempting FALLBACK vendor 'local' for get_news (attempt #3)
DEBUG: Vendor 'local' has multiple implementations: 3 functions
DEBUG: Calling get_google_news from vendor 'local'...
Failed after multiple retries: RetryError[<Future at 0x1197c9bd0 state=finished returned Response>]
SUCCESS: get_google_news from vendor 'local' completed successfully
DEBUG: Calling get_finnhub_news from vendor 'local'...
SUCCESS: get_finnhub_news from vendor 'local' completed successfully
DEBUG: Calling get_reddit_company_news from vendor 'local'...
SUCCESS: get_reddit_company_news from vendor 'local' completed successfully
SUCCESS: Vendor 'local' succeeded - Got 3 result(s)
FINAL: Method 'get_news' completed with 5 result(s) from 3 vendor attempt(s)
DEBUG: get_news - Primary: [xai → google → alpha_vantage] | Full fallback order: [xai → google → alpha_vantage → openai → local]
INFO: Skipping vendor 'xai' for 'get_news' (disabled for this process)
DEBUG: Attempting PRIMARY vendor 'google' for get_news (attempt #1)
DEBUG: Calling get_google_news from vendor 'google'...
Failed after multiple retries: RetryError[<Future at 0x1198f3150 state=finished returned Response>]
SUCCESS: get_google_news from vendor 'local' completed successfully
DEBUG: Calling get_finnhub_news from vendor 'local'...
SUCCESS: get_finnhub_news from vendor 'local' completed successfully
DEBUG: Calling get_reddit_company_news from vendor 'local'...
SUCCESS: get_reddit_company_news from vendor 'local' completed successfully
SUCCESS: Vendor 'local' succeeded - Got 3 result(s)
FINAL: Method 'get_news' completed with 5 result(s) from 3 vendor attempt(s)
DEBUG: get_news - Primary: [xai → google → alpha_vantage] | Full fallback order: [xai → google → alpha_vantage → openai → local]
INFO: Skipping vendor 'xai' for 'get_news' (disabled for this process)
DEBUG: Attempting PRIMARY vendor 'google' for get_news (attempt #1)
DEBUG: Calling get_google_news from vendor 'google'...
Failed after multiple retries: RetryError[<Future at 0x1199a22d0 state=finished returned Response>]
SUCCESS: get_google_news from vendor 'google' completed successfully
SUCCESS: Vendor 'google' succeeded - Got 1 result(s)
DEBUG: Attempting PRIMARY vendor 'alpha_vantage' for get_news (attempt #2)
DEBUG: Calling get_news from vendor 'alpha_vantage'...
SUCCESS: get_news from vendor 'alpha_vantage' completed successfully
SUCCESS: Vendor 'alpha_vantage' succeeded - Got 1 result(s)
INFO: Skipping vendor 'openai' for 'get_news': backend API key is not configured for openai-compatible calls
DEBUG: Attempting FALLBACK vendor 'local' for get_news (attempt #3)
DEBUG: Vendor 'local' has multiple implementations: 3 functions
DEBUG: Calling get_google_news from vendor 'local'...
Failed after multiple retries: RetryError[<Future at 0x1197c9450 state=finished returned Response>]
SUCCESS: get_google_news from vendor 'google' completed successfully
SUCCESS: Vendor 'google' succeeded - Got 1 result(s)
DEBUG: Attempting PRIMARY vendor 'alpha_vantage' for get_news (attempt #2)
DEBUG: Calling get_news from vendor 'alpha_vantage'...
SUCCESS: get_news from vendor 'alpha_vantage' completed successfully
SUCCESS: Vendor 'alpha_vantage' succeeded - Got 1 result(s)
INFO: Skipping vendor 'openai' for 'get_news': backend API key is not configured for openai-compatible calls
DEBUG: Attempting FALLBACK vendor 'local' for get_news (attempt #3)
DEBUG: Vendor 'local' has multiple implementations: 3 functions
DEBUG: Calling get_google_news from vendor 'local'...
Failed after multiple retries: RetryError[<Future at 0x1198f00d0 state=finished returned Response>]
SUCCESS: get_google_news from vendor 'local' completed successfully
DEBUG: Calling get_finnhub_news from vendor 'local'...
SUCCESS: get_finnhub_news from vendor 'local' completed successfully
DEBUG: Calling get_reddit_company_news from vendor 'local'...
SUCCESS: get_reddit_company_news from vendor 'local' completed successfully
SUCCESS: Vendor 'local' succeeded - Got 3 result(s)
FINAL: Method 'get_news' completed with 5 result(s) from 3 vendor attempt(s)
DEBUG: get_news - Primary: [xai → google → alpha_vantage] | Full fallback order: [xai → google → alpha_vantage → openai → local]
INFO: Skipping vendor 'xai' for 'get_news' (disabled for this process)
DEBUG: Attempting PRIMARY vendor 'google' for get_news (attempt #1)
DEBUG: Calling get_google_news from vendor 'google'...
Failed after multiple retries: RetryError[<Future at 0x119877ed0 state=finished returned Response>]
SUCCESS: get_google_news from vendor 'local' completed successfully
DEBUG: Calling get_finnhub_news from vendor 'local'...
SUCCESS: get_finnhub_news from vendor 'local' completed successfully
DEBUG: Calling get_reddit_company_news from vendor 'local'...
SUCCESS: get_reddit_company_news from vendor 'local' completed successfully
SUCCESS: Vendor 'local' succeeded - Got 3 result(s)
FINAL: Method 'get_news' completed with 5 result(s) from 3 vendor attempt(s)
DEBUG: get_news - Primary: [xai → google → alpha_vantage] | Full fallback order: [xai → google → alpha_vantage → openai → local]
INFO: Skipping vendor 'xai' for 'get_news' (disabled for this process)
DEBUG: Attempting PRIMARY vendor 'google' for get_news (attempt #1)
DEBUG: Calling get_google_news from vendor 'google'...
Failed after multiple retries: RetryError[<Future at 0x119874bd0 state=finished returned Response>]
SUCCESS: get_google_news from vendor 'google' completed successfully
SUCCESS: Vendor 'google' succeeded - Got 1 result(s)
DEBUG: Attempting PRIMARY vendor 'alpha_vantage' for get_news (attempt #2)
DEBUG: Calling get_news from vendor 'alpha_vantage'...
SUCCESS: get_news from vendor 'alpha_vantage' completed successfully
SUCCESS: Vendor 'alpha_vantage' succeeded - Got 1 result(s)
INFO: Skipping vendor 'openai' for 'get_news': backend API key is not configured for openai-compatible calls
DEBUG: Attempting FALLBACK vendor 'local' for get_news (attempt #3)
DEBUG: Vendor 'local' has multiple implementations: 3 functions
DEBUG: Calling get_google_news from vendor 'local'...
Failed after multiple retries: RetryError[<Future at 0x1198f36d0 state=finished returned Response>]
SUCCESS: get_google_news from vendor 'google' completed successfully
SUCCESS: Vendor 'google' succeeded - Got 1 result(s)
DEBUG: Attempting PRIMARY vendor 'alpha_vantage' for get_news (attempt #2)
DEBUG: Calling get_news from vendor 'alpha_vantage'...
SUCCESS: get_news from vendor 'alpha_vantage' completed successfully
SUCCESS: Vendor 'alpha_vantage' succeeded - Got 1 result(s)
INFO: Skipping vendor 'openai' for 'get_news': backend API key is not configured for openai-compatible calls
DEBUG: Attempting FALLBACK vendor 'local' for get_news (attempt #3)
DEBUG: Vendor 'local' has multiple implementations: 3 functions
DEBUG: Calling get_google_news from vendor 'local'...
Failed after multiple retries: RetryError[<Future at 0x1198f31d0 state=finished returned Response>]
SUCCESS: get_google_news from vendor 'local' completed successfully
DEBUG: Calling get_finnhub_news from vendor 'local'...
SUCCESS: get_finnhub_news from vendor 'local' completed successfully
DEBUG: Calling get_reddit_company_news from vendor 'local'...
SUCCESS: get_reddit_company_news from vendor 'local' completed successfully
SUCCESS: Vendor 'local' succeeded - Got 3 result(s)
FINAL: Method 'get_news' completed with 5 result(s) from 3 vendor attempt(s)
DEBUG: get_news - Primary: [xai → google → alpha_vantage] | Full fallback order: [xai → google → alpha_vantage → openai → local]
INFO: Skipping vendor 'xai' for 'get_news' (disabled for this process)
DEBUG: Attempting PRIMARY vendor 'google' for get_news (attempt #1)
DEBUG: Calling get_google_news from vendor 'google'...
Failed after multiple retries: RetryError[<Future at 0x119876a50 state=finished returned Response>]
SUCCESS: get_google_news from vendor 'local' completed successfully
DEBUG: Calling get_finnhub_news from vendor 'local'...
SUCCESS: get_finnhub_news from vendor 'local' completed successfully
DEBUG: Calling get_reddit_company_news from vendor 'local'...
SUCCESS: get_reddit_company_news from vendor 'local' completed successfully
SUCCESS: Vendor 'local' succeeded - Got 3 result(s)
FINAL: Method 'get_news' completed with 5 result(s) from 3 vendor attempt(s)
DEBUG: get_news - Primary: [xai → google → alpha_vantage] | Full fallback order: [xai → google → alpha_vantage → openai → local]
INFO: Skipping vendor 'xai' for 'get_news' (disabled for this process)
DEBUG: Attempting PRIMARY vendor 'google' for get_news (attempt #1)
DEBUG: Calling get_google_news from vendor 'google'...
Failed after multiple retries: RetryError[<Future at 0x11a632ad0 state=finished returned Response>]
SUCCESS: get_google_news from vendor 'google' completed successfully
SUCCESS: Vendor 'google' succeeded - Got 1 result(s)
DEBUG: Attempting PRIMARY vendor 'alpha_vantage' for get_news (attempt #2)
DEBUG: Calling get_news from vendor 'alpha_vantage'...
SUCCESS: get_news from vendor 'alpha_vantage' completed successfully
SUCCESS: Vendor 'alpha_vantage' succeeded - Got 1 result(s)
INFO: Skipping vendor 'openai' for 'get_news': backend API key is not configured for openai-compatible calls
DEBUG: Attempting FALLBACK vendor 'local' for get_news (attempt #3)
DEBUG: Vendor 'local' has multiple implementations: 3 functions
DEBUG: Calling get_google_news from vendor 'local'...
Failed after multiple retries: RetryError[<Future at 0x11a6336d0 state=finished returned Response>]
SUCCESS: get_google_news from vendor 'google' completed successfully
SUCCESS: Vendor 'google' succeeded - Got 1 result(s)
DEBUG: Attempting PRIMARY vendor 'alpha_vantage' for get_news (attempt #2)
DEBUG: Calling get_news from vendor 'alpha_vantage'...
SUCCESS: get_news from vendor 'alpha_vantage' completed successfully
SUCCESS: Vendor 'alpha_vantage' succeeded - Got 1 result(s)
INFO: Skipping vendor 'openai' for 'get_news': backend API key is not configured for openai-compatible calls
DEBUG: Attempting FALLBACK vendor 'local' for get_news (attempt #3)
DEBUG: Vendor 'local' has multiple implementations: 3 functions
DEBUG: Calling get_google_news from vendor 'local'...
Failed after multiple retries: RetryError[<Future at 0x11a641c50 state=finished returned Response>]
SUCCESS: get_google_news from vendor 'local' completed successfully
DEBUG: Calling get_finnhub_news from vendor 'local'...
SUCCESS: get_finnhub_news from vendor 'local' completed successfully
DEBUG: Calling get_reddit_company_news from vendor 'local'...
SUCCESS: get_reddit_company_news from vendor 'local' completed successfully
SUCCESS: Vendor 'local' succeeded - Got 3 result(s)
FINAL: Method 'get_news' completed with 5 result(s) from 3 vendor attempt(s)
DEBUG: get_news - Primary: [xai → google → alpha_vantage] | Full fallback order: [xai → google → alpha_vantage → openai → local]
INFO: Skipping vendor 'xai' for 'get_news' (disabled for this process)
DEBUG: Attempting PRIMARY vendor 'google' for get_news (attempt #1)
DEBUG: Calling get_google_news from vendor 'google'...
Failed after multiple retries: RetryError[<Future at 0x1198f0b50 state=finished returned Response>]
SUCCESS: get_google_news from vendor 'google' completed successfully
SUCCESS: Vendor 'google' succeeded - Got 1 result(s)
DEBUG: Attempting PRIMARY vendor 'alpha_vantage' for get_news (attempt #2)
DEBUG: Calling get_news from vendor 'alpha_vantage'...
SUCCESS: get_news from vendor 'alpha_vantage' completed successfully
SUCCESS: Vendor 'alpha_vantage' succeeded - Got 1 result(s)
INFO: Skipping vendor 'openai' for 'get_news': backend API key is not configured for openai-compatible calls
DEBUG: Attempting FALLBACK vendor 'local' for get_news (attempt #3)
DEBUG: Vendor 'local' has multiple implementations: 3 functions
DEBUG: Calling get_google_news from vendor 'local'...
Failed after multiple retries: RetryError[<Future at 0x1198f14d0 state=finished returned Response>]
SUCCESS: get_google_news from vendor 'local' completed successfully
DEBUG: Calling get_finnhub_news from vendor 'local'...
SUCCESS: get_finnhub_news from vendor 'local' completed successfully
DEBUG: Calling get_reddit_company_news from vendor 'local'...
SUCCESS: get_reddit_company_news from vendor 'local' completed successfully
SUCCESS: Vendor 'local' succeeded - Got 3 result(s)
FINAL: Method 'get_news' completed with 5 result(s) from 3 vendor attempt(s)
DEBUG: get_news - Primary: [xai → google → alpha_vantage] | Full fallback order: [xai → google → alpha_vantage → openai → local]
INFO: Skipping vendor 'xai' for 'get_news' (disabled for this process)
DEBUG: Attempting PRIMARY vendor 'google' for get_news (attempt #1)
DEBUG: Calling get_google_news from vendor 'google'...
Failed after multiple retries: RetryError[<Future at 0x11a667450 state=finished returned Response>]
SUCCESS: get_google_news from vendor 'local' completed successfully
DEBUG: Calling get_finnhub_news from vendor 'local'...
SUCCESS: get_finnhub_news from vendor 'local' completed successfully
DEBUG: Calling get_reddit_company_news from vendor 'local'...
SUCCESS: get_reddit_company_news from vendor 'local' completed successfully
SUCCESS: Vendor 'local' succeeded - Got 3 result(s)
FINAL: Method 'get_news' completed with 5 result(s) from 3 vendor attempt(s)
DEBUG: get_news - Primary: [xai → google → alpha_vantage] | Full fallback order: [xai → google → alpha_vantage → openai → local]
INFO: Skipping vendor 'xai' for 'get_news' (disabled for this process)
DEBUG: Attempting PRIMARY vendor 'google' for get_news (attempt #1)
DEBUG: Calling get_google_news from vendor 'google'...
Failed after multiple retries: RetryError[<Future at 0x11a666550 state=finished returned Response>]
SUCCESS: get_google_news from vendor 'google' completed successfully
SUCCESS: Vendor 'google' succeeded - Got 1 result(s)
DEBUG: Attempting PRIMARY vendor 'alpha_vantage' for get_news (attempt #2)
DEBUG: Calling get_news from vendor 'alpha_vantage'...
SUCCESS: get_news from vendor 'alpha_vantage' completed successfully
SUCCESS: Vendor 'alpha_vantage' succeeded - Got 1 result(s)
INFO: Skipping vendor 'openai' for 'get_news': backend API key is not configured for openai-compatible calls
DEBUG: Attempting FALLBACK vendor 'local' for get_news (attempt #3)
DEBUG: Vendor 'local' has multiple implementations: 3 functions
DEBUG: Calling get_google_news from vendor 'local'...
Failed after multiple retries: RetryError[<Future at 0x1197c8dd0 state=finished returned Response>]
SUCCESS: get_google_news from vendor 'google' completed successfully
SUCCESS: Vendor 'google' succeeded - Got 1 result(s)
DEBUG: Attempting PRIMARY vendor 'alpha_vantage' for get_news (attempt #2)
DEBUG: Calling get_news from vendor 'alpha_vantage'...
SUCCESS: get_news from vendor 'alpha_vantage' completed successfully
SUCCESS: Vendor 'alpha_vantage' succeeded - Got 1 result(s)
INFO: Skipping vendor 'openai' for 'get_news': backend API key is not configured for openai-compatible calls
DEBUG: Attempting FALLBACK vendor 'local' for get_news (attempt #3)
DEBUG: Vendor 'local' has multiple implementations: 3 functions
DEBUG: Calling get_google_news from vendor 'local'...
Failed after multiple retries: RetryError[<Future at 0x11a692cd0 state=finished returned Response>]
SUCCESS: get_google_news from vendor 'local' completed successfully
DEBUG: Calling get_finnhub_news from vendor 'local'...
SUCCESS: get_finnhub_news from vendor 'local' completed successfully
DEBUG: Calling get_reddit_company_news from vendor 'local'...
SUCCESS: get_reddit_company_news from vendor 'local' completed successfully
SUCCESS: Vendor 'local' succeeded - Got 3 result(s)
FINAL: Method 'get_news' completed with 5 result(s) from 3 vendor attempt(s)
DEBUG: get_news - Primary: [xai → google → alpha_vantage] | Full fallback order: [xai → google → alpha_vantage → openai → local]
INFO: Skipping vendor 'xai' for 'get_news' (disabled for this process)
DEBUG: Attempting PRIMARY vendor 'google' for get_news (attempt #1)
DEBUG: Calling get_google_news from vendor 'google'...
Failed after multiple retries: RetryError[<Future at 0x11a667e50 state=finished returned Response>]
SUCCESS: get_google_news from vendor 'local' completed successfully
DEBUG: Calling get_finnhub_news from vendor 'local'...
SUCCESS: get_finnhub_news from vendor 'local' completed successfully
DEBUG: Calling get_reddit_company_news from vendor 'local'...
SUCCESS: get_reddit_company_news from vendor 'local' completed successfully
SUCCESS: Vendor 'local' succeeded - Got 3 result(s)
FINAL: Method 'get_news' completed with 5 result(s) from 3 vendor attempt(s)
DEBUG: get_news - Primary: [xai → google → alpha_vantage] | Full fallback order: [xai → google → alpha_vantage → openai → local]
INFO: Skipping vendor 'xai' for 'get_news' (disabled for this process)
DEBUG: Attempting PRIMARY vendor 'google' for get_news (attempt #1)
DEBUG: Calling get_google_news from vendor 'google'...
Failed after multiple retries: RetryError[<Future at 0x11a6653d0 state=finished returned Response>]
SUCCESS: get_google_news from vendor 'google' completed successfully
SUCCESS: Vendor 'google' succeeded - Got 1 result(s)
DEBUG: Attempting PRIMARY vendor 'alpha_vantage' for get_news (attempt #2)
DEBUG: Calling get_news from vendor 'alpha_vantage'...
SUCCESS: get_news from vendor 'alpha_vantage' completed successfully
SUCCESS: Vendor 'alpha_vantage' succeeded - Got 1 result(s)
INFO: Skipping vendor 'openai' for 'get_news': backend API key is not configured for openai-compatible calls
DEBUG: Attempting FALLBACK vendor 'local' for get_news (attempt #3)
DEBUG: Vendor 'local' has multiple implementations: 3 functions
DEBUG: Calling get_google_news from vendor 'local'...
Failed after multiple retries: RetryError[<Future at 0x11a6405d0 state=finished returned Response>]
SUCCESS: get_google_news from vendor 'local' completed successfully
DEBUG: Calling get_finnhub_news from vendor 'local'...
SUCCESS: get_finnhub_news from vendor 'local' completed successfully
DEBUG: Calling get_reddit_company_news from vendor 'local'...
SUCCESS: get_reddit_company_news from vendor 'local' completed successfully
SUCCESS: Vendor 'local' succeeded - Got 3 result(s)
FINAL: Method 'get_news' completed with 5 result(s) from 3 vendor attempt(s)
DEBUG: get_news - Primary: [xai → google → alpha_vantage] | Full fallback order: [xai → google → alpha_vantage → openai → local]
INFO: Skipping vendor 'xai' for 'get_news' (disabled for this process)
DEBUG: Attempting PRIMARY vendor 'google' for get_news (attempt #1)
DEBUG: Calling get_google_news from vendor 'google'...
Failed after multiple retries: RetryError[<Future at 0x1197cb7d0 state=finished returned Response>]
SUCCESS: get_google_news from vendor 'google' completed successfully
SUCCESS: Vendor 'google' succeeded - Got 1 result(s)
DEBUG: Attempting PRIMARY vendor 'alpha_vantage' for get_news (attempt #2)
DEBUG: Calling get_news from vendor 'alpha_vantage'...
SUCCESS: get_news from vendor 'alpha_vantage' completed successfully
SUCCESS: Vendor 'alpha_vantage' succeeded - Got 1 result(s)
INFO: Skipping vendor 'openai' for 'get_news': backend API key is not configured for openai-compatible calls
DEBUG: Attempting FALLBACK vendor 'local' for get_news (attempt #3)
DEBUG: Vendor 'local' has multiple implementations: 3 functions
DEBUG: Calling get_google_news from vendor 'local'...
Failed after multiple retries: RetryError[<Future at 0x11a5ded50 state=finished returned Response>]
SUCCESS: get_google_news from vendor 'google' completed successfully
SUCCESS: Vendor 'google' succeeded - Got 1 result(s)
DEBUG: Attempting PRIMARY vendor 'alpha_vantage' for get_news (attempt #2)
DEBUG: Calling get_news from vendor 'alpha_vantage'...
SUCCESS: get_news from vendor 'alpha_vantage' completed successfully
SUCCESS: Vendor 'alpha_vantage' succeeded - Got 1 result(s)
INFO: Skipping vendor 'openai' for 'get_news': backend API key is not configured for openai-compatible calls
DEBUG: Attempting FALLBACK vendor 'local' for get_news (attempt #3)
DEBUG: Vendor 'local' has multiple implementations: 3 functions
DEBUG: Calling get_google_news from vendor 'local'...
Failed after multiple retries: RetryError[<Future at 0x11a667050 state=finished returned Response>]
SUCCESS: get_google_news from vendor 'local' completed successfully
DEBUG: Calling get_finnhub_news from vendor 'local'...
SUCCESS: get_finnhub_news from vendor 'local' completed successfully
DEBUG: Calling get_reddit_company_news from vendor 'local'...
SUCCESS: get_reddit_company_news from vendor 'local' completed successfully
SUCCESS: Vendor 'local' succeeded - Got 3 result(s)
FINAL: Method 'get_news' completed with 5 result(s) from 3 vendor attempt(s)
DEBUG: get_news - Primary: [xai → google → alpha_vantage] | Full fallback order: [xai → google → alpha_vantage → openai → local]
INFO: Skipping vendor 'xai' for 'get_news' (disabled for this process)
DEBUG: Attempting PRIMARY vendor 'google' for get_news (attempt #1)
DEBUG: Calling get_google_news from vendor 'google'...
Failed after multiple retries: RetryError[<Future at 0x11a640f50 state=finished returned Response>]
SUCCESS: get_google_news from vendor 'local' completed successfully
DEBUG: Calling get_finnhub_news from vendor 'local'...
SUCCESS: get_finnhub_news from vendor 'local' completed successfully
DEBUG: Calling get_reddit_company_news from vendor 'local'...
SUCCESS: get_reddit_company_news from vendor 'local' completed successfully
SUCCESS: Vendor 'local' succeeded - Got 3 result(s)
FINAL: Method 'get_news' completed with 5 result(s) from 3 vendor attempt(s)
DEBUG: get_news - Primary: [xai → google → alpha_vantage] | Full fallback order: [xai → google → alpha_vantage → openai → local]
INFO: Skipping vendor 'xai' for 'get_news' (disabled for this process)
DEBUG: Attempting PRIMARY vendor 'google' for get_news (attempt #1)
DEBUG: Calling get_google_news from vendor 'google'...
Failed after multiple retries: RetryError[<Future at 0x11a6ba6d0 state=finished returned Response>]
SUCCESS: get_google_news from vendor 'google' completed successfully
SUCCESS: Vendor 'google' succeeded - Got 1 result(s)
DEBUG: Attempting PRIMARY vendor 'alpha_vantage' for get_news (attempt #2)
DEBUG: Calling get_news from vendor 'alpha_vantage'...
SUCCESS: get_news from vendor 'alpha_vantage' completed successfully
SUCCESS: Vendor 'alpha_vantage' succeeded - Got 1 result(s)
INFO: Skipping vendor 'openai' for 'get_news': backend API key is not configured for openai-compatible calls
DEBUG: Attempting FALLBACK vendor 'local' for get_news (attempt #3)
DEBUG: Vendor 'local' has multiple implementations: 3 functions
DEBUG: Calling get_google_news from vendor 'local'...
Failed after multiple retries: RetryError[<Future at 0x11a6bb350 state=finished returned Response>]
SUCCESS: get_google_news from vendor 'google' completed successfully
SUCCESS: Vendor 'google' succeeded - Got 1 result(s)
DEBUG: Attempting PRIMARY vendor 'alpha_vantage' for get_news (attempt #2)
DEBUG: Calling get_news from vendor 'alpha_vantage'...
SUCCESS: get_news from vendor 'alpha_vantage' completed successfully
SUCCESS: Vendor 'alpha_vantage' succeeded - Got 1 result(s)
INFO: Skipping vendor 'openai' for 'get_news': backend API key is not configured for openai-compatible calls
DEBUG: Attempting FALLBACK vendor 'local' for get_news (attempt #3)
DEBUG: Vendor 'local' has multiple implementations: 3 functions
DEBUG: Calling get_google_news from vendor 'local'...
Failed after multiple retries: RetryError[<Future at 0x11a6b98d0 state=finished returned Response>]
SUCCESS: get_google_news from vendor 'local' completed successfully
DEBUG: Calling get_finnhub_news from vendor 'local'...
SUCCESS: get_finnhub_news from vendor 'local' completed successfully
DEBUG: Calling get_reddit_company_news from vendor 'local'...
SUCCESS: get_reddit_company_news from vendor 'local' completed successfully
SUCCESS: Vendor 'local' succeeded - Got 3 result(s)
FINAL: Method 'get_news' completed with 5 result(s) from 3 vendor attempt(s)
DEBUG: get_news - Primary: [xai → google → alpha_vantage] | Full fallback order: [xai → google → alpha_vantage → openai → local]
INFO: Skipping vendor 'xai' for 'get_news' (disabled for this process)
DEBUG: Attempting PRIMARY vendor 'google' for get_news (attempt #1)
DEBUG: Calling get_google_news from vendor 'google'...
Failed after multiple retries: RetryError[<Future at 0x119dcf1d0 state=finished returned Response>]
SUCCESS: get_google_news from vendor 'local' completed successfully
DEBUG: Calling get_finnhub_news from vendor 'local'...
SUCCESS: get_finnhub_news from vendor 'local' completed successfully
DEBUG: Calling get_reddit_company_news from vendor 'local'...
SUCCESS: get_reddit_company_news from vendor 'local' completed successfully
SUCCESS: Vendor 'local' succeeded - Got 3 result(s)
FINAL: Method 'get_news' completed with 5 result(s) from 3 vendor attempt(s)
DEBUG: get_news - Primary: [xai → google → alpha_vantage] | Full fallback order: [xai → google → alpha_vantage → openai → local]
INFO: Skipping vendor 'xai' for 'get_news' (disabled for this process)
DEBUG: Attempting PRIMARY vendor 'google' for get_news (attempt #1)
DEBUG: Calling get_google_news from vendor 'google'...
Failed after multiple retries: RetryError[<Future at 0x11a620850 state=finished returned Response>]
SUCCESS: get_google_news from vendor 'google' completed successfully
SUCCESS: Vendor 'google' succeeded - Got 1 result(s)
DEBUG: Attempting PRIMARY vendor 'alpha_vantage' for get_news (attempt #2)
DEBUG: Calling get_news from vendor 'alpha_vantage'...
SUCCESS: get_news from vendor 'alpha_vantage' completed successfully
SUCCESS: Vendor 'alpha_vantage' succeeded - Got 1 result(s)
INFO: Skipping vendor 'openai' for 'get_news': backend API key is not configured for openai-compatible calls
DEBUG: Attempting FALLBACK vendor 'local' for get_news (attempt #3)
DEBUG: Vendor 'local' has multiple implementations: 3 functions
DEBUG: Calling get_google_news from vendor 'local'...
Failed after multiple retries: RetryError[<Future at 0x11a632350 state=finished returned Response>]
SUCCESS: get_google_news from vendor 'google' completed successfully
SUCCESS: Vendor 'google' succeeded - Got 1 result(s)
DEBUG: Attempting PRIMARY vendor 'alpha_vantage' for get_news (attempt #2)
DEBUG: Calling get_news from vendor 'alpha_vantage'...
SUCCESS: get_news from vendor 'alpha_vantage' completed successfully
SUCCESS: Vendor 'alpha_vantage' succeeded - Got 1 result(s)
INFO: Skipping vendor 'openai' for 'get_news': backend API key is not configured for openai-compatible calls
DEBUG: Attempting FALLBACK vendor 'local' for get_news (attempt #3)
DEBUG: Vendor 'local' has multiple implementations: 3 functions
DEBUG: Calling get_google_news from vendor 'local'...
Failed after multiple retries: RetryError[<Future at 0x11a6babd0 state=finished returned Response>]
SUCCESS: get_google_news from vendor 'local' completed successfully
DEBUG: Calling get_finnhub_news from vendor 'local'...
SUCCESS: get_finnhub_news from vendor 'local' completed successfully
DEBUG: Calling get_reddit_company_news from vendor 'local'...
SUCCESS: get_reddit_company_news from vendor 'local' completed successfully
SUCCESS: Vendor 'local' succeeded - Got 3 result(s)
FINAL: Method 'get_news' completed with 5 result(s) from 3 vendor attempt(s)
DEBUG: get_news - Primary: [xai → google → alpha_vantage] | Full fallback order: [xai → google → alpha_vantage → openai → local]
INFO: Skipping vendor 'xai' for 'get_news' (disabled for this process)
DEBUG: Attempting PRIMARY vendor 'google' for get_news (attempt #1)
DEBUG: Calling get_google_news from vendor 'google'...
Failed after multiple retries: RetryError[<Future at 0x11a6bb550 state=finished returned Response>]
SUCCESS: get_google_news from vendor 'local' completed successfully
DEBUG: Calling get_finnhub_news from vendor 'local'...
SUCCESS: get_finnhub_news from vendor 'local' completed successfully
DEBUG: Calling get_reddit_company_news from vendor 'local'...
SUCCESS: get_reddit_company_news from vendor 'local' completed successfully
SUCCESS: Vendor 'local' succeeded - Got 3 result(s)
FINAL: Method 'get_news' completed with 5 result(s) from 3 vendor attempt(s)
DEBUG: get_news - Primary: [xai → google → alpha_vantage] | Full fallback order: [xai → google → alpha_vantage → openai → local]
INFO: Skipping vendor 'xai' for 'get_news' (disabled for this process)
DEBUG: Attempting PRIMARY vendor 'google' for get_news (attempt #1)
DEBUG: Calling get_google_news from vendor 'google'...
Failed after multiple retries: RetryError[<Future at 0x11a620650 state=finished returned Response>]
SUCCESS: get_google_news from vendor 'google' completed successfully
SUCCESS: Vendor 'google' succeeded - Got 1 result(s)
DEBUG: Attempting PRIMARY vendor 'alpha_vantage' for get_news (attempt #2)
DEBUG: Calling get_news from vendor 'alpha_vantage'...
SUCCESS: get_news from vendor 'alpha_vantage' completed successfully
SUCCESS: Vendor 'alpha_vantage' succeeded - Got 1 result(s)
INFO: Skipping vendor 'openai' for 'get_news': backend API key is not configured for openai-compatible calls
DEBUG: Attempting FALLBACK vendor 'local' for get_news (attempt #3)
DEBUG: Vendor 'local' has multiple implementations: 3 functions
DEBUG: Calling get_google_news from vendor 'local'...
Failed after multiple retries: RetryError[<Future at 0x11a691b50 state=finished returned Response>]
SUCCESS: get_google_news from vendor 'google' completed successfully
SUCCESS: Vendor 'google' succeeded - Got 1 result(s)
DEBUG: Attempting PRIMARY vendor 'alpha_vantage' for get_news (attempt #2)
DEBUG: Calling get_news from vendor 'alpha_vantage'...
SUCCESS: get_news from vendor 'alpha_vantage' completed successfully
SUCCESS: Vendor 'alpha_vantage' succeeded - Got 1 result(s)
INFO: Skipping vendor 'openai' for 'get_news': backend API key is not configured for openai-compatible calls
DEBUG: Attempting FALLBACK vendor 'local' for get_news (attempt #3)
DEBUG: Vendor 'local' has multiple implementations: 3 functions
DEBUG: Calling get_google_news from vendor 'local'...
Failed after multiple retries: RetryError[<Future at 0x11a5de850 state=finished returned Response>]
SUCCESS: get_google_news from vendor 'local' completed successfully
DEBUG: Calling get_finnhub_news from vendor 'local'...
SUCCESS: get_finnhub_news from vendor 'local' completed successfully
DEBUG: Calling get_reddit_company_news from vendor 'local'...
SUCCESS: get_reddit_company_news from vendor 'local' completed successfully
SUCCESS: Vendor 'local' succeeded - Got 3 result(s)
FINAL: Method 'get_news' completed with 5 result(s) from 3 vendor attempt(s)
Failed after multiple retries: RetryError[<Future at 0x119964650 state=finished returned Response>]
SUCCESS: get_google_news from vendor 'local' completed successfully
DEBUG: Calling get_finnhub_news from vendor 'local'...
SUCCESS: get_finnhub_news from vendor 'local' completed successfully
DEBUG: Calling get_reddit_company_news from vendor 'local'...
SUCCESS: get_reddit_company_news from vendor 'local' completed successfully
SUCCESS: Vendor 'local' succeeded - Got 3 result(s)
FINAL: Method 'get_news' completed with 5 result(s) from 3 vendor attempt(s)
