master_index_rows=368559
resume_existing_audit_rows=0 resume_existing_fetch_rows=0 remaining=1258
25/1258 AEE earnings_ready=True periodic_ready=True reasons=ready
29/1258 AES earnings_ready=False periodic_ready=True reasons=missing_8k_item_202;earnings_docs_not_ready
50/1258 ALTG earnings_ready=True periodic_ready=True reasons=ready
56/1258 AMKR earnings_ready=False periodic_ready=True reasons=missing_earnings_exhibit_doc;earnings_docs_not_ready
57/1258 AMN earnings_ready=False periodic_ready=True reasons=missing_8k_item_202;earnings_docs_not_ready
75/1258 APLE earnings_ready=True periodic_ready=True reasons=ready
100/1258 AVAV earnings_ready=True periodic_ready=True reasons=ready
125/1258 BDX earnings_ready=True periodic_ready=True reasons=ready
147/1258 BMEA earnings_ready=False periodic_ready=True reasons=earnings_docs_not_ready;quality_check_failed
150/1258 BNED earnings_ready=True periodic_ready=True reasons=ready
174/1258 CAG earnings_ready=False periodic_ready=True reasons=missing_8k_item_202;earnings_docs_not_ready
175/1258 CAKE earnings_ready=True periodic_ready=True reasons=ready
200/1258 CDRE earnings_ready=True periodic_ready=True reasons=ready
225/1258 CMP earnings_ready=True periodic_ready=True reasons=ready
250/1258 CORZ earnings_ready=True periodic_ready=True reasons=ready
275/1258 CTLP earnings_ready=False periodic_ready=True reasons=missing_8k_item_202;earnings_docs_not_ready
300/1258 DAN earnings_ready=True periodic_ready=True reasons=ready
302/1258 DBD skipped=IncompleteRead reason=ticker_error:IncompleteRead
302/1258 DBD earnings_ready=False periodic_ready=False reasons=ticker_error:IncompleteRead
325/1258 DNUT earnings_ready=True periodic_ready=True reasons=ready
334/1258 DRVN earnings_ready=False periodic_ready=True reasons=missing_8k_item_202;earnings_docs_not_ready
347/1258 EBF earnings_ready=False periodic_ready=True reasons=missing_8k_item_202;earnings_docs_not_ready
350/1258 ECPG earnings_ready=True periodic_ready=True reasons=ready
375/1258 EQR earnings_ready=True periodic_ready=True reasons=ready
400/1258 EZPW earnings_ready=True periodic_ready=True reasons=ready
425/1258 FOR earnings_ready=True periodic_ready=True reasons=ready
450/1258 GDEN earnings_ready=True periodic_ready=True reasons=ready
475/1258 GOLF earnings_ready=True periodic_ready=True reasons=ready
500/1258 HCI earnings_ready=True periodic_ready=True reasons=ready
525/1258 HRMY earnings_ready=True periodic_ready=True reasons=ready
550/1258 IDXX earnings_ready=True periodic_ready=True reasons=ready
575/1258 J earnings_ready=True periodic_ready=True reasons=ready
600/1258 KKR earnings_ready=True periodic_ready=True reasons=ready
610/1258 KOS earnings_ready=False periodic_ready=True reasons=missing_8k_item_202;earnings_docs_not_ready
621/1258 LBRDA earnings_ready=False periodic_ready=True reasons=missing_8k_item_202;earnings_docs_not_ready
622/1258 LBRDK earnings_ready=False periodic_ready=True reasons=missing_8k_item_202;earnings_docs_not_ready
625/1258 LC earnings_ready=True periodic_ready=True reasons=ready
650/1258 LNTH earnings_ready=True periodic_ready=True reasons=ready
654/1258 LOVE earnings_ready=False periodic_ready=True reasons=missing_earnings_exhibit_doc;earnings_docs_not_ready
662/1258 LUV earnings_ready=False periodic_ready=True reasons=missing_earnings_exhibit_doc;earnings_docs_not_ready
664/1258 LXFR earnings_ready=False periodic_ready=True reasons=missing_8k_item_202;earnings_docs_not_ready
675/1258 MAR earnings_ready=True periodic_ready=True reasons=ready
700/1258 MERC earnings_ready=True periodic_ready=True reasons=ready
725/1258 MPAA earnings_ready=True periodic_ready=True reasons=ready
744/1258 MTX earnings_ready=False periodic_ready=True reasons=missing_8k_item_202;earnings_docs_not_ready
750/1258 MZTI earnings_ready=True periodic_ready=True reasons=ready
767/1258 NFE earnings_ready=False periodic_ready=True reasons=missing_8k_item_202;earnings_docs_not_ready
775/1258 NOC earnings_ready=True periodic_ready=True reasons=ready
800/1258 NWN earnings_ready=True periodic_ready=True reasons=ready
825/1258 OPTU earnings_ready=True periodic_ready=True reasons=ready
850/1258 PCAR earnings_ready=True periodic_ready=True reasons=ready
871/1258 PLCE earnings_ready=False periodic_ready=True reasons=missing_8k_item_202;earnings_docs_not_ready
875/1258 PLTR earnings_ready=True periodic_ready=True reasons=ready
900/1258 PWR earnings_ready=True periodic_ready=True reasons=ready
909/1258 QVCGA earnings_ready=False periodic_ready=True reasons=missing_8k_item_202;earnings_docs_not_ready
910/1258 QVCGP earnings_ready=False periodic_ready=True reasons=missing_8k_item_202;earnings_docs_not_ready
925/1258 REX earnings_ready=True periodic_ready=True reasons=ready
946/1258 RMR earnings_ready=False periodic_ready=True reasons=missing_earnings_exhibit_doc;earnings_docs_not_ready
947/1258 RNGR earnings_ready=False periodic_ready=True reasons=missing_earnings_exhibit_doc;earnings_docs_not_ready
950/1258 ROG earnings_ready=True periodic_ready=True reasons=ready
975/1258 SBGI earnings_ready=True periodic_ready=True reasons=ready
1000/1258 SIRI earnings_ready=True periodic_ready=True reasons=ready
1025/1258 SPGI earnings_ready=True periodic_ready=True reasons=ready
1050/1258 SWX earnings_ready=True periodic_ready=True reasons=ready
1075/1258 THRM earnings_ready=True periodic_ready=True reasons=ready
1100/1258 TRUP earnings_ready=True periodic_ready=True reasons=ready
1108/1258 TTSH earnings_ready=False periodic_ready=True reasons=missing_8k_item_202;earnings_docs_not_ready
1125/1258 ULCC earnings_ready=True periodic_ready=True reasons=ready
1134/1258 UTHR earnings_ready=False periodic_ready=True reasons=missing_earnings_exhibit_doc;earnings_docs_not_ready
1150/1258 VRT earnings_ready=True periodic_ready=True reasons=ready
1175/1258 WHD earnings_ready=True periodic_ready=True reasons=ready
1200/1258 WYNN earnings_ready=True periodic_ready=True reasons=ready
1225/1258 AMP earnings_ready=True periodic_ready=True reasons=ready
1250/1258 SOLV earnings_ready=True periodic_ready=True reasons=ready
rows=1258 earnings_ready=1234 periodic_ready=1257
earnings_docs_not_ready: 23
missing_8k_item_202: 16
missing_earnings_exhibit_doc: 6
quality_check_failed: 1
ticker_error:IncompleteRead: 1
fetch_report_rows=4353
wrote Growth/earnings_8k_sec_parser/sec_quarter_cache_audit_2026Q1_prod.csv
wrote Growth/earnings_8k_sec_parser/sec_quarter_cache_fetch_report_2026Q1_prod.csv
